Archive member included to satisfy reference by file (symbol)

/usr/lib/gcc/arm-none-eabi/15.1.0/../../../../arm-none-eabi/lib/thumb/v7e-m/nofp/libc_nano.a(libc_a-atexit.o)
                              /usr/lib/gcc/arm-none-eabi/15.1.0/../../../../arm-none-eabi/lib/thumb/v7e-m/nofp/crt0.o (atexit)
/usr/lib/gcc/arm-none-eabi/15.1.0/../../../../arm-none-eabi/lib/thumb/v7e-m/nofp/libc_nano.a(libc_a-exit.o)
                              /usr/lib/gcc/arm-none-eabi/15.1.0/../../../../arm-none-eabi/lib/thumb/v7e-m/nofp/crt0.o (exit)
/usr/lib/gcc/arm-none-eabi/15.1.0/../../../../arm-none-eabi/lib/thumb/v7e-m/nofp/libc_nano.a(libc_a-findfp.o)
                              /usr/lib/gcc/arm-none-eabi/15.1.0/../../../../arm-none-eabi/lib/thumb/v7e-m/nofp/libc_nano.a(libc_a-exit.o) (__stdio_exit_handler)
/usr/lib/gcc/arm-none-eabi/15.1.0/../../../../arm-none-eabi/lib/thumb/v7e-m/nofp/libc_nano.a(libc_a-fwalk.o)
                              /usr/lib/gcc/arm-none-eabi/15.1.0/../../../../arm-none-eabi/lib/thumb/v7e-m/nofp/libc_nano.a(libc_a-findfp.o) (_fwalk_sglue)
/usr/lib/gcc/arm-none-eabi/15.1.0/../../../../arm-none-eabi/lib/thumb/v7e-m/nofp/libc_nano.a(libc_a-stdio.o)
                              /usr/lib/gcc/arm-none-eabi/15.1.0/../../../../arm-none-eabi/lib/thumb/v7e-m/nofp/libc_nano.a(libc_a-findfp.o) (__sread)
/usr/lib/gcc/arm-none-eabi/15.1.0/../../../../arm-none-eabi/lib/thumb/v7e-m/nofp/libc_nano.a(libc_a-memset.o)
                              /usr/lib/gcc/arm-none-eabi/15.1.0/../../../../arm-none-eabi/lib/thumb/v7e-m/nofp/crt0.o (memset)
/usr/lib/gcc/arm-none-eabi/15.1.0/../../../../arm-none-eabi/lib/thumb/v7e-m/nofp/libc_nano.a(libc_a-closer.o)
                              /usr/lib/gcc/arm-none-eabi/15.1.0/../../../../arm-none-eabi/lib/thumb/v7e-m/nofp/libc_nano.a(libc_a-stdio.o) (_close_r)
/usr/lib/gcc/arm-none-eabi/15.1.0/../../../../arm-none-eabi/lib/thumb/v7e-m/nofp/libc_nano.a(libc_a-reent.o)
                              /usr/lib/gcc/arm-none-eabi/15.1.0/../../../../arm-none-eabi/lib/thumb/v7e-m/nofp/libc_nano.a(libc_a-closer.o) (errno)
/usr/lib/gcc/arm-none-eabi/15.1.0/../../../../arm-none-eabi/lib/thumb/v7e-m/nofp/libc_nano.a(libc_a-impure.o)
                              /usr/lib/gcc/arm-none-eabi/15.1.0/../../../../arm-none-eabi/lib/thumb/v7e-m/nofp/libc_nano.a(libc_a-reent.o) (_impure_ptr)
/usr/lib/gcc/arm-none-eabi/15.1.0/../../../../arm-none-eabi/lib/thumb/v7e-m/nofp/libc_nano.a(libc_a-lseekr.o)
                              /usr/lib/gcc/arm-none-eabi/15.1.0/../../../../arm-none-eabi/lib/thumb/v7e-m/nofp/libc_nano.a(libc_a-stdio.o) (_lseek_r)
/usr/lib/gcc/arm-none-eabi/15.1.0/../../../../arm-none-eabi/lib/thumb/v7e-m/nofp/libc_nano.a(libc_a-readr.o)
                              /usr/lib/gcc/arm-none-eabi/15.1.0/../../../../arm-none-eabi/lib/thumb/v7e-m/nofp/libc_nano.a(libc_a-stdio.o) (_read_r)
/usr/lib/gcc/arm-none-eabi/15.1.0/../../../../arm-none-eabi/lib/thumb/v7e-m/nofp/libc_nano.a(libc_a-writer.o)
                              /usr/lib/gcc/arm-none-eabi/15.1.0/../../../../arm-none-eabi/lib/thumb/v7e-m/nofp/libc_nano.a(libc_a-stdio.o) (_write_r)
/usr/lib/gcc/arm-none-eabi/15.1.0/../../../../arm-none-eabi/lib/thumb/v7e-m/nofp/libc_nano.a(libc_a-init.o)
                              /usr/lib/gcc/arm-none-eabi/15.1.0/../../../../arm-none-eabi/lib/thumb/v7e-m/nofp/crt0.o (__libc_init_array)
/usr/lib/gcc/arm-none-eabi/15.1.0/../../../../arm-none-eabi/lib/thumb/v7e-m/nofp/libc_nano.a(libc_a-fini.o)
                              /usr/lib/gcc/arm-none-eabi/15.1.0/../../../../arm-none-eabi/lib/thumb/v7e-m/nofp/crt0.o (__libc_fini_array)
/usr/lib/gcc/arm-none-eabi/15.1.0/../../../../arm-none-eabi/lib/thumb/v7e-m/nofp/libc_nano.a(libc_a-lock.o)
                              /usr/lib/gcc/arm-none-eabi/15.1.0/../../../../arm-none-eabi/lib/thumb/v7e-m/nofp/libc_nano.a(libc_a-findfp.o) (__retarget_lock_init_recursive)
/usr/lib/gcc/arm-none-eabi/15.1.0/../../../../arm-none-eabi/lib/thumb/v7e-m/nofp/libc_nano.a(libc_a-__atexit.o)
                              /usr/lib/gcc/arm-none-eabi/15.1.0/../../../../arm-none-eabi/lib/thumb/v7e-m/nofp/libc_nano.a(libc_a-atexit.o) (__register_exitproc)
/usr/lib/gcc/arm-none-eabi/15.1.0/../../../../arm-none-eabi/lib/thumb/v7e-m/nofp/libc_nano.a(libc_a-__call_atexit.o)
                              /usr/lib/gcc/arm-none-eabi/15.1.0/../../../../arm-none-eabi/lib/thumb/v7e-m/nofp/libc_nano.a(libc_a-__atexit.o) (__call_exitprocs)
/usr/lib/gcc/arm-none-eabi/15.1.0/../../../../arm-none-eabi/lib/thumb/v7e-m/nofp/libc_nano.a(libc_a-freer.o)
                              /usr/lib/gcc/arm-none-eabi/15.1.0/../../../../arm-none-eabi/lib/thumb/v7e-m/nofp/libc_nano.a(libc_a-reent.o) (_free_r)
/usr/lib/gcc/arm-none-eabi/15.1.0/../../../../arm-none-eabi/lib/thumb/v7e-m/nofp/libc_nano.a(libc_a-mallocr.o)
                              /usr/lib/gcc/arm-none-eabi/15.1.0/../../../../arm-none-eabi/lib/thumb/v7e-m/nofp/libc_nano.a(libc_a-findfp.o) (_malloc_r)
[...]
Memory Configuration

Name             Origin             Length             Attributes
RAM              0x20000000         0x00010000         xrw
RAM2             0x10000000         0x00008000         xrw
FLASH            0x08000000         0x00040000         xr
*default*        0x00000000         0xffffffff

Linker script and memory map

LOAD /usr/lib/gcc/arm-none-eabi/15.1.0/thumb/v7e-m/nofp/crti.o
LOAD /usr/lib/gcc/arm-none-eabi/15.1.0/thumb/v7e-m/nofp/crtbegin.o
LOAD /usr/lib/gcc/arm-none-eabi/15.1.0/../../../../arm-none-eabi/lib/thumb/v7e-m/nofp/crt0.o
START GROUP
LOAD /usr/lib/gcc/arm-none-eabi/15.1.0/../../../../arm-none-eabi/lib/thumb/v7e-m/nofp/libc_nano.a
LOAD /usr/lib/gcc/arm-none-eabi/15.1.0/../../../../arm-none-eabi/lib/thumb/v7e-m/nofp/libm.a
END GROUP
LOAD CMakeFiles/TrackerOS.dir/SubGHz_Phy/App/app_subghz_phy.c.obj
LOAD CMakeFiles/TrackerOS.dir/SubGHz_Phy/App/subghz_phy_app.c.obj
LOAD CMakeFiles/TrackerOS.dir/SubGHz_Phy/Target/radio_board_if.c.obj
LOAD CMakeFiles/TrackerOS.dir/Core/Src/main.c.obj
LOAD CMakeFiles/TrackerOS.dir/Core/Src/tracker_app.c.obj
LOAD CMakeFiles/TrackerOS.dir/Core/Src/app_freertos.c.obj
LOAD CMakeFiles/TrackerOS.dir/Core/Src/stm32_lpm_if.c.obj
LOAD CMakeFiles/TrackerOS.dir/Core/Src/sys_app.c.obj
LOAD CMakeFiles/TrackerOS.dir/Core/Src/timer_if.c.obj
LOAD CMakeFiles/TrackerOS.dir/Core/Src/usart_if.c.obj
LOAD CMakeFiles/TrackerOS.dir/Core/Src/stm32wlxx_it.c.obj
LOAD CMakeFiles/TrackerOS.dir/Core/Src/stm32wlxx_hal_msp.c.obj
LOAD CMakeFiles/TrackerOS.dir/Core/Src/stm32wlxx_hal_timebase_tim.c.obj
LOAD CMakeFiles/TrackerOS.dir/Core/Src/sysmem.c.obj
LOAD CMakeFiles/TrackerOS.dir/Core/Src/syscalls.c.obj
LOAD CMakeFiles/TrackerOS.dir/startup_stm32wle5xx.s.obj
LOAD CMakeFiles/STM32_Drivers.dir/Core/Src/system_stm32wlxx.c.obj
LOAD CMakeFiles/STM32_Drivers.dir/Drivers/STM32WLxx_HAL_Driver/Src/stm32wlxx_hal_tim.c.obj
LOAD CMakeFiles/STM32_Drivers.dir/Drivers/STM32WLxx_HAL_Driver/Src/stm32wlxx_hal_tim_ex.c.obj
LOAD CMakeFiles/STM32_Drivers.dir/Drivers/STM32WLxx_HAL_Driver/Src/stm32wlxx_hal_rcc.c.obj
LOAD CMakeFiles/STM32_Drivers.dir/Drivers/STM32WLxx_HAL_Driver/Src/stm32wlxx_hal_rcc_ex.c.obj
LOAD CMakeFiles/STM32_Drivers.dir/Drivers/STM32WLxx_HAL_Driver/Src/stm32wlxx_hal_flash.c.obj
LOAD CMakeFiles/STM32_Drivers.dir/Drivers/STM32WLxx_HAL_Driver/Src/stm32wlxx_hal_flash_ex.c.obj
LOAD CMakeFiles/STM32_Drivers.dir/Drivers/STM32WLxx_HAL_Driver/Src/stm32wlxx_hal_gpio.c.obj
LOAD CMakeFiles/STM32_Drivers.dir/Drivers/STM32WLxx_HAL_Driver/Src/stm32wlxx_hal_dma.c.obj
LOAD CMakeFiles/STM32_Drivers.dir/Drivers/STM32WLxx_HAL_Driver/Src/stm32wlxx_hal_dma_ex.c.obj
LOAD CMakeFiles/STM32_Drivers.dir/Drivers/STM32WLxx_HAL_Driver/Src/stm32wlxx_hal_pwr.c.obj
LOAD CMakeFiles/STM32_Drivers.dir/Drivers/STM32WLxx_HAL_Driver/Src/stm32wlxx_hal_pwr_ex.c.obj
LOAD CMakeFiles/STM32_Drivers.dir/Drivers/STM32WLxx_HAL_Driver/Src/stm32wlxx_hal_cortex.c.obj
LOAD CMakeFiles/STM32_Drivers.dir/Drivers/STM32WLxx_HAL_Driver/Src/stm32wlxx_hal.c.obj
LOAD CMakeFiles/STM32_Drivers.dir/Drivers/STM32WLxx_HAL_Driver/Src/stm32wlxx_hal_exti.c.obj
LOAD CMakeFiles/STM32_Drivers.dir/Drivers/STM32WLxx_HAL_Driver/Src/stm32wlxx_hal_lptim.c.obj
LOAD CMakeFiles/STM32_Drivers.dir/Drivers/STM32WLxx_HAL_Driver/Src/stm32wlxx_hal_uart.c.obj
LOAD CMakeFiles/STM32_Drivers.dir/Drivers/STM32WLxx_HAL_Driver/Src/stm32wlxx_hal_uart_ex.c.obj
LOAD CMakeFiles/STM32_Drivers.dir/Drivers/STM32WLxx_HAL_Driver/Src/stm32wlxx_hal_rng.c.obj
LOAD CMakeFiles/STM32_Drivers.dir/Drivers/STM32WLxx_HAL_Driver/Src/stm32wlxx_hal_rng_ex.c.obj
LOAD CMakeFiles/STM32_Drivers.dir/Drivers/STM32WLxx_HAL_Driver/Src/stm32wlxx_hal_subghz.c.obj
LOAD CMakeFiles/Utilities.dir/Utilities/trace/adv_trace/stm32_adv_trace.c.obj
LOAD CMakeFiles/Utilities.dir/Utilities/misc/stm32_mem.c.obj
LOAD CMakeFiles/Utilities.dir/Utilities/misc/stm32_systime.c.obj
LOAD CMakeFiles/Utilities.dir/Utilities/misc/stm32_tiny_sscanf.c.obj
LOAD CMakeFiles/Utilities.dir/Utilities/misc/stm32_tiny_vsnprintf.c.obj
LOAD CMakeFiles/Utilities.dir/Utilities/timer/stm32_timer.c.obj
LOAD CMakeFiles/Utilities.dir/Utilities/lpm/tiny_lpm/stm32_lpm.c.obj
LOAD CMakeFiles/FreeRTOS.dir/Middlewares/Third_Party/FreeRTOS/Source/croutine.c.obj
LOAD CMakeFiles/FreeRTOS.dir/Middlewares/Third_Party/FreeRTOS/Source/event_groups.c.obj
LOAD CMakeFiles/FreeRTOS.dir/Middlewares/Third_Party/FreeRTOS/Source/list.c.obj
LOAD CMakeFiles/FreeRTOS.dir/Middlewares/Third_Party/FreeRTOS/Source/queue.c.obj
LOAD CMakeFiles/FreeRTOS.dir/Middlewares/Third_Party/FreeRTOS/Source/stream_buffer.c.obj
LOAD CMakeFiles/FreeRTOS.dir/Middlewares/Third_Party/FreeRTOS/Source/tasks.c.obj
LOAD CMakeFiles/FreeRTOS.dir/Middlewares/Third_Party/FreeRTOS/Source/timers.c.obj
LOAD CMakeFiles/FreeRTOS.dir/Middlewares/Third_Party/FreeRTOS/Source/CMSIS_RTOS_V2/cmsis_os2.c.obj
LOAD CMakeFiles/FreeRTOS.dir/Middlewares/Third_Party/FreeRTOS/Source/portable/MemMang/heap_4.c.obj
LOAD CMakeFiles/FreeRTOS.dir/Middlewares/Third_Party/FreeRTOS/Source/portable/GCC/ARM_CM3/port.c.obj
LOAD CMakeFiles/SubGHz_Phy.dir/Middlewares/Third_Party/SubGHz_Phy/radio_driver/wl_lr_fhss.c.obj
LOAD CMakeFiles/SubGHz_Phy.dir/Middlewares/Third_Party/SubGHz_Phy/radio_driver/radio.c.obj
LOAD CMakeFiles/SubGHz_Phy.dir/Middlewares/Third_Party/SubGHz_Phy/radio_driver/radio_fw.c.obj
LOAD CMakeFiles/SubGHz_Phy.dir/Middlewares/Third_Party/SubGHz_Phy/radio_driver/radio_driver.c.obj
LOAD CMakeFiles/SubGHz_Phy.dir/Middlewares/Third_Party/SubGHz_Phy/radio_driver/lr_fhss_mac.c.obj
LOAD /usr/lib/gcc/arm-none-eabi/15.1.0/../../../../arm-none-eabi/lib/thumb/v7e-m/nofp/libm.a
START GROUP
LOAD /usr/lib/gcc/arm-none-eabi/15.1.0/thumb/v7e-m/nofp/libgcc.a
LOAD /usr/lib/gcc/arm-none-eabi/15.1.0/../../../../arm-none-eabi/lib/thumb/v7e-m/nofp/libg_nano.a
LOAD /usr/lib/gcc/arm-none-eabi/15.1.0/../../../../arm-none-eabi/lib/thumb/v7e-m/nofp/libc_nano.a
END GROUP
START GROUP
LOAD /usr/lib/gcc/arm-none-eabi/15.1.0/thumb/v7e-m/nofp/libgcc.a
LOAD /usr/lib/gcc/arm-none-eabi/15.1.0/../../../../arm-none-eabi/lib/thumb/v7e-m/nofp/libc_nano.a
LOAD /usr/lib/gcc/arm-none-eabi/15.1.0/../../../../arm-none-eabi/lib/thumb/v7e-m/nofp/libnosys.a
END GROUP
START GROUP
LOAD /usr/lib/gcc/arm-none-eabi/15.1.0/thumb/v7e-m/nofp/libgcc.a
LOAD /usr/lib/gcc/arm-none-eabi/15.1.0/../../../../arm-none-eabi/lib/thumb/v7e-m/nofp/libc_nano.a
LOAD /usr/lib/gcc/arm-none-eabi/15.1.0/../../../../arm-none-eabi/lib/thumb/v7e-m/nofp/libnosys.a
END GROUP
LOAD /usr/lib/gcc/arm-none-eabi/15.1.0/thumb/v7e-m/nofp/crtend.o
LOAD /usr/lib/gcc/arm-none-eabi/15.1.0/thumb/v7e-m/nofp/crtn.o
                0x20010000                        _estack = (ORIGIN (RAM) + LENGTH (RAM))
                0x00000200                        _Min_Heap_Size = 0x200
                0x00000400                        _Min_Stack_Size = 0x400

.isr_vector     0x08000000      0x138
                0x08000000                        . = ALIGN (0x4)
 *(.isr_vector)
 .isr_vector    0x08000000      0x138 CMakeFiles/TrackerOS.dir/startup_stm32wle5xx.s.obj
                0x08000000                g_pfnVectors
                0x08000138                        . = ALIGN (0x4)

.text           0x08000140    0x23f68
                0x08000140                        . = ALIGN (0x4)
 *(.text)
 .text          0x08000140       0x88 /usr/lib/gcc/arm-none-eabi/15.1.0/thumb/v7e-m/nofp/crtbegin.o
 .text          0x080001c8       0xa0 CMakeFiles/TrackerOS.dir/SubGHz_Phy/App/subghz_phy_app.c.obj
                0x080001c8                SubghzApp_Init
 .text          0x08000268       0xb2 CMakeFiles/TrackerOS.dir/SubGHz_Phy/Target/radio_board_if.c.obj
                0x08000268                RBI_Init
                0x0800027e                RBI_DeInit
                0x08000294                RBI_ConfigRFSwitch
                0x080002ae                RBI_GetTxConfig
                0x080002c4                RBI_IsTCXO
                0x080002da                RBI_IsDCDC
                0x080002f0                RBI_GetRFOMaxPowerConfig
 *fill*         0x0800031a        0x2 
 .text          0x0800031c      0x530 CMakeFiles/TrackerOS.dir/Core/Src/main.c.obj
                0x0800037c                main
                0x080003e8                SystemClock_Config
                0x080006e8                MX_SUBGHZ_Init
                0x0800080c                HAL_TIM_PeriodElapsedCallback
                0x08000830                Error_Handler
 .text          0x0800084c       0x50 CMakeFiles/TrackerOS.dir/Core/Src/tracker_app.c.obj
                0x0800084c                StartBlinkerTask
 .text          0x0800089c      0x128 CMakeFiles/TrackerOS.dir/Core/Src/sys_app.c.obj
                0x080008e0                SystemApp_Init
                0x08000984                HAL_GetTick
                0x080009ac                HAL_Delay
 .text          0x080009c4      0x158 CMakeFiles/TrackerOS.dir/Core/Src/timer_if.c.obj
                0x080009c4                TIMER_IF_Init
                0x080009da                TIMER_IF_StartTimer
                0x080009f2                TIMER_IF_StopTimer
                0x08000a08                TIMER_IF_SetTimerContext
                0x08000a1c                TIMER_IF_GetTimerContext
                0x08000a30                TIMER_IF_GetTimerElapsedTime
                0x08000a46                TIMER_IF_GetTimerValue
                0x08000a5c                TIMER_IF_GetMinimumTimeout
                0x08000a72                TIMER_IF_Convert_ms2Tick
                0x08000a8a                TIMER_IF_Convert_Tick2ms
                0x08000aa2                TIMER_IF_DelayMs
                0x08000ab4                TIMER_IF_GetTime
                0x08000acc                TIMER_IF_BkUp_Write_Seconds
                0x08000ade                TIMER_IF_BkUp_Write_SubSeconds
                0x08000af0                TIMER_IF_BkUp_Read_Seconds
                0x08000b06                TIMER_IF_BkUp_Read_SubSeconds
 .text          0x08000b1c      0x35c CMakeFiles/TrackerOS.dir/Core/Src/usart_if.c.obj
                0x08000b88                vcom_Init
                0x08000bac                vcom_DeInit
                0x08000bd8                vcom_Trace
                0x08000c00                vcom_Trace_DMA
                0x08000c28                vcom_ReceiveInit
                0x08000ca4                vcom_ReceiveInit_UART2
                0x08000d20                vcom_Resume
                0x08000d50                HAL_UART_TxCpltCallback
                0x08000d94                HAL_UART_RxCpltCallback
                0x08000e40                HAL_UART_ErrorCallback
 .text          0x08000e78       0xc8 CMakeFiles/TrackerOS.dir/Core/Src/stm32wlxx_it.c.obj
                0x08000e78                NMI_Handler
                0x08000e80                HardFault_Handler
                0x08000e88                MemManage_Handler
                0x08000e90                BusFault_Handler
                0x08000e98                UsageFault_Handler
                0x08000ea0                DebugMon_Handler
                0x08000eac                DMA1_Channel1_IRQHandler
                0x08000ec0                DMA1_Channel2_IRQHandler
                0x08000ed4                DMA1_Channel3_IRQHandler
                0x08000ee8                DMA1_Channel4_IRQHandler
                0x08000efc                TIM1_UP_IRQHandler
                0x08000f10                USART1_IRQHandler
                0x08000f24                DMAMUX1_OVR_IRQHandler
 .text          0x08000f40      0x6d8 CMakeFiles/TrackerOS.dir/Core/Src/stm32wlxx_hal_msp.c.obj
                0x08001114                HAL_MspInit
                0x08001128                HAL_LPTIM_MspInit
                0x0800117c                HAL_LPTIM_MspDeInit
                0x080011a4                HAL_UART_MspInit
                0x080014c8                HAL_UART_MspDeInit
                0x08001570                HAL_RNG_MspInit
                0x080015c4                HAL_RNG_MspDeInit
                0x080015ec                HAL_SUBGHZ_MspInit
                0x08001602                HAL_SUBGHZ_MspDeInit
 .text          0x08001618      0x13c CMakeFiles/TrackerOS.dir/Core/Src/stm32wlxx_hal_timebase_tim.c.obj
                0x08001648                HAL_InitTick
                0x08001714                HAL_SuspendTick
                0x08001734                HAL_ResumeTick
 .text          0x08001754      0x150 CMakeFiles/STM32_Drivers.dir/Core/Src/system_stm32wlxx.c.obj
                0x08001754                SystemInit
                0x08001760                SystemCoreClockUpdate
 .text          0x080018a4     0x6314 CMakeFiles/STM32_Drivers.dir/Drivers/STM32WLxx_HAL_Driver/Src/stm32wlxx_hal_tim.c.obj
                0x080018a4                HAL_TIM_Base_Init
                0x08001952                HAL_TIM_Base_DeInit
                0x08001a0c                HAL_TIM_Base_MspInit
                0x08001a1e                HAL_TIM_Base_MspDeInit
                0x08001a30                HAL_TIM_Base_Start
                0x08001ab8                HAL_TIM_Base_Stop
                0x08001b06                HAL_TIM_Base_Start_IT
                0x08001ba0                HAL_TIM_Base_Stop_IT
                0x08001bfe                HAL_TIM_Base_Start_DMA
                0x08001d00                HAL_TIM_Base_Stop_DMA
                0x08001d66                HAL_TIM_OC_Init
                0x08001e14                HAL_TIM_OC_DeInit
                0x08001ece                HAL_TIM_OC_MspInit
                0x08001ee0                HAL_TIM_OC_MspDeInit
                0x08001ef2                HAL_TIM_OC_Start
                0x080020a4                HAL_TIM_OC_Stop
                0x080021b8                HAL_TIM_OC_Start_IT
                0x080023e8                HAL_TIM_OC_Stop_IT
                0x08002578                HAL_TIM_OC_Start_DMA
                0x08002944                HAL_TIM_OC_Stop_DMA
                0x08002afc                HAL_TIM_PWM_Init
                0x08002baa                HAL_TIM_PWM_DeInit
                0x08002c64                HAL_TIM_PWM_MspInit
                0x08002c76                HAL_TIM_PWM_MspDeInit
                0x08002c88                HAL_TIM_PWM_Start
                0x08002e3c                HAL_TIM_PWM_Stop
                0x08002f50                HAL_TIM_PWM_Start_IT
                0x08003180                HAL_TIM_PWM_Stop_IT
                0x08003310                HAL_TIM_PWM_Start_DMA
                0x080036dc                HAL_TIM_PWM_Stop_DMA
                0x08003894                HAL_TIM_IC_Init
                0x08003942                HAL_TIM_IC_DeInit
                0x080039fc                HAL_TIM_IC_MspInit
                0x08003a0e                HAL_TIM_IC_MspDeInit
                0x08003a20                HAL_TIM_IC_Start
                0x08003bd0                HAL_TIM_IC_Stop
                0x08003cb4                HAL_TIM_IC_Start_IT
                0x08003ee0                HAL_TIM_IC_Stop_IT
                0x08004042                HAL_TIM_IC_Start_DMA
                0x08004378                HAL_TIM_IC_Stop_DMA
                0x08004502                HAL_TIM_OnePulse_Init
                0x080045a2                HAL_TIM_OnePulse_DeInit
                0x0800462c                HAL_TIM_OnePulse_MspInit
                0x0800463e                HAL_TIM_OnePulse_MspDeInit
                0x08004650                HAL_TIM_OnePulse_Start
                0x08004720                HAL_TIM_OnePulse_Stop
                0x08004808                HAL_TIM_OnePulse_Start_IT
                0x080048f8                HAL_TIM_OnePulse_Stop_IT
                0x08004a00                HAL_TIM_Encoder_Init
                0x08004b4c                HAL_TIM_Encoder_DeInit
                0x08004bd6                HAL_TIM_Encoder_MspInit
                0x08004be8                HAL_TIM_Encoder_MspDeInit
                0x08004bfa                HAL_TIM_Encoder_Start
                0x08004d16                HAL_TIM_Encoder_Stop
                0x08004e66                HAL_TIM_Encoder_Start_IT
                0x08004fc2                HAL_TIM_Encoder_Stop_IT
                0x0800514e                HAL_TIM_Encoder_Start_DMA
                0x08005428                HAL_TIM_Encoder_Stop_DMA
                0x080055dc                HAL_TIM_IRQHandler
                0x080057ea                HAL_TIM_OC_ConfigChannel
                0x080058ba                HAL_TIM_IC_ConfigChannel
                0x080059f2                HAL_TIM_PWM_ConfigChannel
                0x08005c00                HAL_TIM_OnePulse_ConfigChannel
                0x08005db4                HAL_TIM_DMABurst_WriteStart
                0x08005de8                HAL_TIM_DMABurst_MultiWriteStart
                0x08006090                HAL_TIM_DMABurst_WriteStop
                0x08006184                HAL_TIM_DMABurst_ReadStart
                0x080061b8                HAL_TIM_DMABurst_MultiReadStart
                0x08006460                HAL_TIM_DMABurst_ReadStop
                0x08006554                HAL_TIM_GenerateEvent
                0x080065a0                HAL_TIM_ConfigOCrefClear
                0x0800680e                HAL_TIM_ConfigClockSource
                0x080069a0                HAL_TIM_ConfigTI1Input
                0x080069d6                HAL_TIM_SlaveConfigSynchro
                0x08006a5a                HAL_TIM_SlaveConfigSynchro_IT
                0x08006ade                HAL_TIM_ReadCapturedValue
                0x08006b5a                HAL_TIM_PeriodElapsedHalfCpltCallback
                0x08006b6c                HAL_TIM_OC_DelayElapsedCallback
                0x08006b7e                HAL_TIM_IC_CaptureCallback
                0x08006b90                HAL_TIM_IC_CaptureHalfCpltCallback
                0x08006ba2                HAL_TIM_PWM_PulseFinishedCallback
                0x08006bb4                HAL_TIM_PWM_PulseFinishedHalfCpltCallback
                0x08006bc6                HAL_TIM_TriggerCallback
                0x08006bd8                HAL_TIM_TriggerHalfCpltCallback
                0x08006bea                HAL_TIM_ErrorCallback
                0x08006bfc                HAL_TIM_Base_GetState
                0x08006c16                HAL_TIM_OC_GetState
                0x08006c30                HAL_TIM_PWM_GetState
                0x08006c4a                HAL_TIM_IC_GetState
                0x08006c64                HAL_TIM_OnePulse_GetState
                0x08006c7e                HAL_TIM_Encoder_GetState
                0x08006c98                HAL_TIM_GetActiveChannel
                0x08006cae                HAL_TIM_GetChannelState
                0x08006d1c                HAL_TIM_DMABurstState
                0x08006d36                TIM_DMAError
                0x08006e70                TIM_DMADelayPulseHalfCplt
                0x08006ed8                TIM_DMACaptureCplt
                0x08006fa0                TIM_DMACaptureHalfCplt
                0x0800709c                TIM_Base_SetConfig
                0x08007268                TIM_OC2_SetConfig
                0x08007792                TIM_TI1_SetConfig
                0x08007b30                TIM_ETR_SetConfig
                0x08007b6e                TIM_CCxChannelCmd
 .text          0x08007bb8     0x2538 CMakeFiles/STM32_Drivers.dir/Drivers/STM32WLxx_HAL_Driver/Src/stm32wlxx_hal_tim_ex.c.obj
                0x08007bb8                HAL_TIMEx_HallSensor_Init
                0x08007d12                HAL_TIMEx_HallSensor_DeInit
                0x08007d9c                HAL_TIMEx_HallSensor_MspInit
                0x08007dae                HAL_TIMEx_HallSensor_MspDeInit
                0x08007dc0                HAL_TIMEx_HallSensor_Start
                0x08007e98                HAL_TIMEx_HallSensor_Stop
                0x08007f0a                HAL_TIMEx_HallSensor_Start_IT
                0x08007ff4                HAL_TIMEx_HallSensor_Stop_IT
                0x08008076                HAL_TIMEx_HallSensor_Start_DMA
                0x080081a0                HAL_TIMEx_HallSensor_Stop_DMA
                0x0800821c                HAL_TIMEx_OCN_Start
                0x0800834c                HAL_TIMEx_OCN_Stop
                0x0800840a                HAL_TIMEx_OCN_Start_IT
                0x080085a8                HAL_TIMEx_OCN_Stop_IT
                0x080086ea                HAL_TIMEx_OCN_Start_DMA
                0x080089a4                HAL_TIMEx_OCN_Stop_DMA
                0x08008ae0                HAL_TIMEx_PWMN_Start
                0x08008c10                HAL_TIMEx_PWMN_Stop
                0x08008cce                HAL_TIMEx_PWMN_Start_IT
                0x08008e6c                HAL_TIMEx_PWMN_Stop_IT
                0x08008fae                HAL_TIMEx_PWMN_Start_DMA
                0x08009268                HAL_TIMEx_PWMN_Stop_DMA
                0x080093a4                HAL_TIMEx_OnePulseN_Start
                0x08009450                HAL_TIMEx_OnePulseN_Stop
                0x08009514                HAL_TIMEx_OnePulseN_Start_IT
                0x080095e0                HAL_TIMEx_OnePulseN_Stop_IT
                0x080096c4                HAL_TIMEx_ConfigCommutEvent
                0x08009786                HAL_TIMEx_ConfigCommutEvent_IT
                0x08009848                HAL_TIMEx_ConfigCommutEvent_DMA
                0x08009930                HAL_TIMEx_MasterConfigSynchronization
                0x080099ec                HAL_TIMEx_ConfigBreakDeadTime
                0x08009af4                HAL_TIMEx_ConfigBreakInput
                0x08009c40                HAL_TIMEx_RemapConfig
                0x08009d04                HAL_TIMEx_GroupChannel5
                0x08009d68                HAL_TIMEx_DisarmBreakInput
                0x08009df8                HAL_TIMEx_ReArmBreakInput
                0x08009eba                HAL_TIMEx_CommutCallback
                0x08009ecc                HAL_TIMEx_CommutHalfCpltCallback
                0x08009ede                HAL_TIMEx_BreakCallback
                0x08009ef0                HAL_TIMEx_Break2Callback
                0x08009f02                HAL_TIMEx_HallSensor_GetState
                0x08009f1c                HAL_TIMEx_GetChannelNState
                0x08009f6a                TIMEx_DMACommutationCplt
                0x08009f8e                TIMEx_DMACommutationHalfCplt
 .text          0x0800a0f0     0x15a0 CMakeFiles/STM32_Drivers.dir/Drivers/STM32WLxx_HAL_Driver/Src/stm32wlxx_hal_rcc.c.obj
                0x0800a67e                HAL_RCC_DeInit
                0x0800a7a8                HAL_RCC_OscConfig
                0x0800aeac                HAL_RCC_ClockConfig
                0x0800b0f4                HAL_RCC_MCOConfig
                0x0800b166                HAL_RCC_GetSysClockFreq
                0x0800b2a8                HAL_RCC_GetHCLKFreq
                0x0800b2d0                HAL_RCC_GetHCLK3Freq
                0x0800b2f8                HAL_RCC_GetPCLK1Freq
                0x0800b31c                HAL_RCC_GetPCLK2Freq
                0x0800b340                HAL_RCC_GetOscConfig
                0x0800b43c                HAL_RCC_GetClockConfig
                0x0800b4b8                HAL_RCC_EnableCSS
                0x0800b4c4                HAL_RCC_NMI_IRQHandler
                0x0800b4ea                HAL_RCC_CSSCallback
                0x0800b4f6                HAL_RCC_GetResetSource
 .text          0x0800b690     0x1438 CMakeFiles/STM32_Drivers.dir/Drivers/STM32WLxx_HAL_Driver/Src/stm32wlxx_hal_rcc_ex.c.obj
                0x0800bc00                HAL_RCCEx_PeriphCLKConfig
                0x0800be34                HAL_RCCEx_GetPeriphCLKConfig
                0x0800befc                HAL_RCCEx_GetPeriphCLKFreq
                0x0800c754                HAL_RCCEx_WakeUpStopCLKConfig
                0x0800c76a                HAL_RCCEx_EnableLSECSS
                0x0800c776                HAL_RCCEx_DisableLSECSS
                0x0800c792                HAL_RCCEx_EnableLSECSS_IT
                0x0800c7b6                HAL_RCCEx_LSECSS_IRQHandler
                0x0800c7d2                HAL_RCCEx_LSECSS_Callback
                0x0800c7de                HAL_RCCEx_EnableLSCO
                0x0800c80c                HAL_RCCEx_DisableLSCO
                0x0800c818                HAL_RCCEx_EnableMSIPLLMode
                0x0800c824                HAL_RCCEx_DisableMSIPLLMode
 .text          0x0800cac8      0x5a8 CMakeFiles/STM32_Drivers.dir/Drivers/STM32WLxx_HAL_Driver/Src/stm32wlxx_hal_gpio.c.obj
                0x0800cac8                HAL_GPIO_Init
                0x0800cd88                HAL_GPIO_DeInit
                0x0800cf24                HAL_GPIO_ReadPin
                0x0800cf52                HAL_GPIO_WritePin
                0x0800cf80                HAL_GPIO_WriteMultipleStatePin
                0x0800cfaa                HAL_GPIO_TogglePin
                0x0800cfdc                HAL_GPIO_LockPin
                0x0800d02a                HAL_GPIO_EXTI_IRQHandler
                0x0800d05c                HAL_GPIO_EXTI_Callback
 .text          0x0800d070      0xb78 CMakeFiles/STM32_Drivers.dir/Drivers/STM32WLxx_HAL_Driver/Src/stm32wlxx_hal_dma.c.obj
                0x0800d070                HAL_DMA_Init
                0x0800d1c0                HAL_DMA_DeInit
                0x0800d2ec                HAL_DMA_Start
                0x0800d378                HAL_DMA_Start_IT
                0x0800d474                HAL_DMA_Abort
                0x0800d530                HAL_DMA_Abort_IT
                0x0800d5ee                HAL_DMA_PollForTransfer
                0x0800d7a0                HAL_DMA_IRQHandler
                0x0800d92c                HAL_DMA_RegisterCallback
                0x0800d9ba                HAL_DMA_UnRegisterCallback
                0x0800da68                HAL_DMA_GetState
                0x0800da82                HAL_DMA_GetError
 .text          0x0800dbe8      0x22a CMakeFiles/STM32_Drivers.dir/Drivers/STM32WLxx_HAL_Driver/Src/stm32wlxx_hal_dma_ex.c.obj
                0x0800dbe8                HAL_DMAEx_ConfigMuxSync
                0x0800dc68                HAL_DMAEx_ConfigMuxRequestGenerator
                0x0800dcf6                HAL_DMAEx_EnableMuxRequestGenerator
                0x0800dd32                HAL_DMAEx_DisableMuxRequestGenerator
                0x0800dd6e                HAL_DMAEx_MUX_IRQHandler
 *fill*         0x0800de12        0x2 
 .text          0x0800de14      0x3ec CMakeFiles/STM32_Drivers.dir/Drivers/STM32WLxx_HAL_Driver/Src/stm32wlxx_hal_pwr.c.obj
                0x0800def4                HAL_PWR_DeInit
                0x0800df68                HAL_PWR_EnableBkUpAccess
                0x0800df84                HAL_PWR_DisableBkUpAccess
                0x0800dfa0                HAL_PWR_ConfigPVD
                0x0800e01c                HAL_PWR_EnablePVD
                0x0800e038                HAL_PWR_DisablePVD
                0x0800e054                HAL_PWR_EnableWakeUpPin
                0x0800e094                HAL_PWR_DisableWakeUpPin
                0x0800e0bc                HAL_PWR_EnterSLEEPMode
                0x0800e124                HAL_PWR_EnterSTOPMode
                0x0800e152                HAL_PWR_EnterSTANDBYMode
                0x0800e184                HAL_PWR_EnableSleepOnExit
                0x0800e1a0                HAL_PWR_DisableSleepOnExit
                0x0800e1bc                HAL_PWR_EnableSEVOnPend
                0x0800e1d8                HAL_PWR_DisableSEVOnPend
                0x0800e1f4                HAL_PWR_PVDCallback
 .text          0x0800e200      0xabc CMakeFiles/STM32_Drivers.dir/Drivers/STM32WLxx_HAL_Driver/Src/stm32wlxx_hal_pwr_ex.c.obj
                0x0800e468                HAL_PWREx_GetVoltageRange
                0x0800e480                HAL_PWREx_ControlVoltageScaling
                0x0800e528                HAL_PWREx_EnableBatteryCharging
                0x0800e55c                HAL_PWREx_DisableBatteryCharging
                0x0800e578                HAL_PWREx_EnableInternalWakeUpLine
                0x0800e594                HAL_PWREx_DisableInternalWakeUpLine
                0x0800e5b0                HAL_PWREx_SetRadioBusyPolarity
                0x0800e5c6                HAL_PWREx_SetRadioBusyTrigger
                0x0800e5dc                HAL_PWREx_SetRadioIRQTrigger
                0x0800e5f2                HAL_PWREx_EnableGPIOPullUp
                0x0800e6c0                HAL_PWREx_DisableGPIOPullUp
                0x0800e754                HAL_PWREx_EnableGPIOPullDown
                0x0800e824                HAL_PWREx_DisableGPIOPullDown
                0x0800e8b8                HAL_PWREx_EnablePullUpPullDownConfig
                0x0800e8d4                HAL_PWREx_DisablePullUpPullDownConfig
                0x0800e8f0                HAL_PWREx_EnableSRAMRetention
                0x0800e8fc                HAL_PWREx_DisableSRAMRetention
                0x0800e908                HAL_PWREx_EnableFlashPowerDown
                0x0800e93c                HAL_PWREx_DisableFlashPowerDown
                0x0800e960                HAL_PWREx_EnableWPVD
                0x0800e96c                HAL_PWREx_DisableWPVD
                0x0800e978                HAL_PWREx_EnableBORPVD_ULP
                0x0800e994                HAL_PWREx_DisableBORPVD_ULP
                0x0800e9b0                HAL_PWREx_EnablePVM3
                0x0800e9cc                HAL_PWREx_DisablePVM3
                0x0800e9e8                HAL_PWREx_ConfigPVM
                0x0800ea5e                HAL_PWREx_SetRadioEOL
                0x0800ea84                HAL_PWREx_SMPS_SetMode
                0x0800eaac                HAL_PWREx_SMPS_GetEffectiveMode
                0x0800eac8                HAL_PWREx_EnableLowPowerRunMode
                0x0800eae4                HAL_PWREx_DisableLowPowerRunMode
                0x0800eb50                HAL_PWREx_EnterSTOP0Mode
                0x0800eba0                HAL_PWREx_EnterSTOP1Mode
                0x0800ebf4                HAL_PWREx_EnterSTOP2Mode
                0x0800ec48                HAL_PWREx_EnterSHUTDOWNMode
                0x0800ec78                HAL_PWREx_PVD_PVM_IRQHandler
                0x0800ecb0                HAL_PWREx_PVM3Callback
 .text          0x0800ecbc      0x684 CMakeFiles/STM32_Drivers.dir/Drivers/STM32WLxx_HAL_Driver/Src/stm32wlxx_hal_cortex.c.obj
                0x0800f08c                HAL_NVIC_SetPriorityGrouping
                0x0800f0a2                HAL_NVIC_SetPriority
                0x0800f0d6                HAL_NVIC_EnableIRQ
                0x0800f0f2                HAL_NVIC_DisableIRQ
                0x0800f10e                HAL_NVIC_SystemReset
                0x0800f116                HAL_SYSTICK_Config
                0x0800f12e                HAL_NVIC_GetPriorityGrouping
                0x0800f13c                HAL_NVIC_GetPriority
                0x0800f168                HAL_NVIC_GetActive
                0x0800f186                HAL_NVIC_SetPendingIRQ
                0x0800f1a2                HAL_NVIC_GetPendingIRQ
                0x0800f1c0                HAL_NVIC_ClearPendingIRQ
                0x0800f1dc                HAL_SYSTICK_CLKSourceConfig
                0x0800f214                HAL_SYSTICK_IRQHandler
                0x0800f220                HAL_SYSTICK_Callback
                0x0800f22c                HAL_MPU_Enable
                0x0800f258                HAL_MPU_Disable
                0x0800f274                HAL_MPU_EnableRegion
                0x0800f29c                HAL_MPU_DisableRegion
                0x0800f2c4                HAL_MPU_ConfigRegion
 .text          0x0800f340      0x7d0 CMakeFiles/STM32_Drivers.dir/Drivers/STM32WLxx_HAL_Driver/Src/stm32wlxx_hal.c.obj
                0x0800f6f0                HAL_Init
                0x0800f730                HAL_DeInit
                0x0800f7ba                HAL_MspDeInit
                0x0800f83c                HAL_IncTick
                0x0800f874                HAL_GetTickPrio
                0x0800f888                HAL_SetTickFreq
                0x0800f8d8                HAL_GetTickFreq
                0x0800f96c                HAL_GetHalVersion
                0x0800f980                HAL_GetREVID
                0x0800f98e                HAL_GetDEVID
                0x0800f99c                HAL_GetUIDw0
                0x0800f9b0                HAL_GetUIDw1
                0x0800f9c4                HAL_GetUIDw2
                0x0800f9d8                HAL_DBGMCU_EnableDBGSleepMode
                0x0800f9e4                HAL_DBGMCU_DisableDBGSleepMode
                0x0800f9f0                HAL_DBGMCU_EnableDBGStopMode
                0x0800f9fc                HAL_DBGMCU_DisableDBGStopMode
                0x0800fa08                HAL_DBGMCU_EnableDBGStandbyMode
                0x0800fa14                HAL_DBGMCU_DisableDBGStandbyMode
                0x0800fa20                HAL_SYSCFG_SRAM2Erase
                0x0800fa30                HAL_SYSCFG_VREFBUF_VoltageScalingConfig
                0x0800fa70                HAL_SYSCFG_VREFBUF_HighImpedanceConfig
                0x0800fa98                HAL_SYSCFG_VREFBUF_TrimmingConfig
                0x0800faae                HAL_SYSCFG_EnableVREFBUF
                0x0800faec                HAL_SYSCFG_DisableVREFBUF
                0x0800faf8                HAL_SYSCFG_EnableIOAnalogSwitchBooster
                0x0800fb04                HAL_SYSCFG_DisableIOAnalogSwitchBooster
 .text          0x0800fb10     0x17fc CMakeFiles/STM32_Drivers.dir/Drivers/STM32WLxx_HAL_Driver/Src/stm32wlxx_hal_lptim.c.obj
                0x0800fbf2                HAL_LPTIM_Init
                0x0800fd84                HAL_LPTIM_DeInit
                0x0800fdf8                HAL_LPTIM_PWM_Start
                0x0800fe92                HAL_LPTIM_PWM_Stop
                0x0800feca                HAL_LPTIM_PWM_Start_IT
                0x08010006                HAL_LPTIM_PWM_Stop_IT
                0x080100ba                HAL_LPTIM_OnePulse_Start
                0x08010154                HAL_LPTIM_OnePulse_Stop
                0x0801018c                HAL_LPTIM_OnePulse_Start_IT
                0x080102c8                HAL_LPTIM_OnePulse_Stop_IT
                0x0801037c                HAL_LPTIM_SetOnce_Start
                0x08010416                HAL_LPTIM_SetOnce_Stop
                0x0801044e                HAL_LPTIM_SetOnce_Start_IT
                0x0801056a                HAL_LPTIM_SetOnce_Stop_IT
                0x080105fe                HAL_LPTIM_Encoder_Start
                0x08010696                HAL_LPTIM_Encoder_Stop
                0x080106de                HAL_LPTIM_Encoder_Start_IT
                0x080107bc                HAL_LPTIM_Encoder_Stop_IT
                0x08010824                HAL_LPTIM_TimeOut_Start
                0x080108be                HAL_LPTIM_TimeOut_Stop
                0x08010906                HAL_LPTIM_TimeOut_Start_IT
                0x08010a2c                HAL_LPTIM_TimeOut_Stop_IT
                0x08010ad8                HAL_LPTIM_Counter_Start
                0x08010b60                HAL_LPTIM_Counter_Stop
                0x08010b98                HAL_LPTIM_Counter_Start_IT
                0x08010cdc                HAL_LPTIM_Counter_Stop_IT
                0x08010da8                HAL_LPTIM_ReadCounter
                0x08010dc0                HAL_LPTIM_ReadAutoReload
                0x08010dd8                HAL_LPTIM_ReadCapturedValue
                0x08010df0                HAL_LPTIM_IRQHandler
                0x08010f80                HAL_LPTIM_CompareMatchCallback
                0x08010f92                HAL_LPTIM_AutoReloadMatchCallback
                0x08010fa4                HAL_LPTIM_TriggerCallback
                0x08010fb6                HAL_LPTIM_CompareWriteCallback
                0x08010fc8                HAL_LPTIM_AutoReloadWriteCallback
                0x08010fda                HAL_LPTIM_DirectionUpCallback
                0x08010fec                HAL_LPTIM_DirectionDownCallback
                0x08010ffe                HAL_LPTIM_UpdateEventCallback
                0x08011010                HAL_LPTIM_RepCounterWriteCallback
                0x08011022                HAL_LPTIM_GetState
                0x0801109c                LPTIM_Disable
 .text          0x0801130c     0x417c CMakeFiles/STM32_Drivers.dir/Drivers/STM32WLxx_HAL_Driver/Src/stm32wlxx_hal_uart.c.obj
                0x0801134e                HAL_UART_Init
                0x080113ee                HAL_HalfDuplex_Init
                0x0801149e                HAL_LIN_Init
                0x0801157e                HAL_MultiProcessor_Init
                0x08011656                HAL_UART_DeInit
                0x080116f8                HAL_UART_Transmit
                0x0801182a                HAL_UART_Receive
                0x080119ca                HAL_UART_Transmit_IT
                0x08011af0                HAL_UART_Receive_IT
                0x08011b88                HAL_UART_Transmit_DMA
                0x08011c88                HAL_UART_Receive_DMA
                0x08011d20                HAL_UART_DMAPause
                0x08011e3a                HAL_UART_DMAResume
                0x08011f40                HAL_UART_DMAStop
                0x0801206c                HAL_UART_Abort
                0x08012276                HAL_UART_AbortTransmit
                0x0801238e                HAL_UART_AbortReceive
                0x080124f0                HAL_UART_Abort_IT
                0x08012758                HAL_UART_AbortTransmit_IT
                0x0801288c                HAL_UART_AbortReceive_IT
                0x08012a18                HAL_UART_IRQHandler
                0x080130ac                HAL_UART_TxHalfCpltCallback
                0x080130d0                HAL_UART_RxHalfCpltCallback
                0x080130f4                HAL_UART_AbortCpltCallback
                0x08013106                HAL_UART_AbortTransmitCpltCallback
                0x08013118                HAL_UART_AbortReceiveCpltCallback
                0x0801312a                HAL_UARTEx_RxEventCallback
                0x08013140                HAL_UART_ReceiverTimeout_Config
                0x08013178                HAL_UART_EnableReceiverTimeout
                0x080131ec                HAL_UART_DisableReceiverTimeout
                0x08013260                HAL_MultiProcessor_EnableMuteMode
                0x080132d0                HAL_MultiProcessor_DisableMuteMode
                0x08013340                HAL_MultiProcessor_EnterMuteMode
                0x08013362                HAL_HalfDuplex_EnableTransmitter
                0x08013408                HAL_HalfDuplex_EnableReceiver
                0x080134ae                HAL_LIN_SendBreak
                0x08013500                HAL_UART_GetState
                0x08013528                HAL_UART_GetError
                0x08013540                UART_SetConfig
                0x080139f0                UART_AdvFeatureConfig
                0x08013b32                UART_CheckIdleState
                0x08013c86                UART_WaitOnFlagUntilTimeout
                0x08013d60                UART_Start_Receive_IT
                0x08013fa0                UART_Start_Receive_DMA
 .text          0x08015488      0x904 CMakeFiles/STM32_Drivers.dir/Drivers/STM32WLxx_HAL_Driver/Src/stm32wlxx_hal_uart_ex.c.obj
                0x08015488                HAL_RS485Ex_Init
                0x0801555a                HAL_UARTEx_WakeupCallback
                0x0801556c                HAL_UARTEx_RxFifoFullCallback
                0x0801557e                HAL_UARTEx_TxFifoEmptyCallback
                0x08015590                HAL_MultiProcessorEx_AddressLength_Set
                0x080155f0                HAL_UARTEx_StopModeWakeUpSourceConfig
                0x080156a6                HAL_UARTEx_EnableStopMode
                0x0801570a                HAL_UARTEx_DisableStopMode
                0x0801576e                HAL_UARTEx_EnableFifoMode
                0x080157e4                HAL_UARTEx_DisableFifoMode
                0x08015854                HAL_UARTEx_SetTxFifoThreshold
                0x080158d0                HAL_UARTEx_SetRxFifoThreshold
                0x0801594c                HAL_UARTEx_ReceiveToIdle
                0x08015b50                HAL_UARTEx_ReceiveToIdle_IT
                0x08015bf0                HAL_UARTEx_ReceiveToIdle_DMA
                0x08015c98                HAL_UARTEx_GetRxEventType
 .text          0x08015d8c      0x5c4 CMakeFiles/STM32_Drivers.dir/Drivers/STM32WLxx_HAL_Driver/Src/stm32wlxx_hal_rng.c.obj
                0x08015d8c                HAL_RNG_Init
                0x08015ed4                HAL_RNG_DeInit
                0x08015fc0                HAL_RNG_GenerateRandomNumber
                0x080160b4                HAL_RNG_GenerateRandomNumber_IT
                0x08016110                HAL_RNG_IRQHandler
                0x080161e4                HAL_RNG_ReadLastRandomNumber
                0x080161fa                HAL_RNG_ReadyDataCallback
                0x0801620e                HAL_RNG_ErrorCallback
                0x08016220                HAL_RNG_GetState
                0x08016238                HAL_RNG_GetError
                0x0801624e                RNG_RecoverSeedError
 .text          0x08016350      0xc18 CMakeFiles/STM32_Drivers.dir/Drivers/STM32WLxx_HAL_Driver/Src/stm32wlxx_hal_subghz.c.obj
                0x080164cc                HAL_SUBGHZ_Init
                0x08016594                HAL_SUBGHZ_DeInit
                0x08016650                HAL_SUBGHZ_WriteRegisters
                0x0801670e                HAL_SUBGHZ_ReadRegisters
                0x080167d0                HAL_SUBGHZ_WriteRegister
                0x080167f6                HAL_SUBGHZ_ReadRegister
                0x0801681a                HAL_SUBGHZ_ExecSetCmd
                0x080168d8                HAL_SUBGHZ_ExecGetCmd
                0x08016980                HAL_SUBGHZ_WriteBuffer
                0x08016a26                HAL_SUBGHZ_ReadBuffer
                0x08016ad6                HAL_SUBGHZ_IRQHandler
                0x08016cb6                HAL_SUBGHZ_GetState
                0x08016cce                HAL_SUBGHZ_GetError
                0x08016ce4                HAL_SUBGHZ_WaitOnBusy
                0x08016cfc                HAL_SUBGHZ_CheckDeviceReady
                0x08016d14                SUBGHZSPI_Init
                0x08016d54                SUBGHZSPI_DeInit
                0x08016d70                SUBGHZSPI_Transmit
                0x08016e1c                SUBGHZSPI_Receive
                0x08016ecc                SUBGHZ_CheckDeviceReady
                0x08016f0c                SUBGHZ_WaitOnBusy
 .text          0x08016f68      0x944 CMakeFiles/Utilities.dir/Utilities/trace/adv_trace/stm32_adv_trace.c.obj
                0x08016f68                UTIL_ADV_TRACE_Init
                0x08016fa0                UTIL_ADV_TRACE_DeInit
                0x08016fb4                UTIL_ADV_TRACE_IsBufferEmpty
                0x08016fd8                UTIL_ADV_TRACE_StartRxProcess
                0x08016ff8                UTIL_ADV_TRACE_COND_FSend
                0x080170f8                UTIL_ADV_TRACE_FSend
                0x0801714c                UTIL_ADV_TRACE_COND_ZCSend_Allocation
                0x08017230                UTIL_ADV_TRACE_COND_ZCSend_Finalize
                0x0801723e                UTIL_ADV_TRACE_ZCSend_Allocation
                0x0801729c                UTIL_ADV_TRACE_ZCSend_Finalize
                0x080172ae                UTIL_ADV_TRACE_COND_Send
                0x080173b8                UTIL_ADV_TRACE_Send
                0x08017434                UTIL_ADV_TRACE_RegisterTimeStampFunction
                0x08017450                UTIL_ADV_TRACE_SetVerboseLevel
                0x08017470                UTIL_ADV_TRACE_GetVerboseLevel
                0x08017484                UTIL_ADV_TRACE_SetRegion
                0x080174a8                UTIL_ADV_TRACE_GetRegion
                0x080174bc                UTIL_ADV_TRACE_ResetRegion
                0x080174e0                UTIL_ADV_TRACE_PreSendHook
                0x080174ec                UTIL_ADV_TRACE_PostSendHook
 .text          0x080178ac       0xbc CMakeFiles/Utilities.dir/Utilities/misc/stm32_mem.c.obj
                0x080178ac                UTIL_MEM_cpy_8
                0x080178ea                UTIL_MEM_cpyr_8
                0x08017932                UTIL_MEM_set_8
 .text          0x08017968      0x6ec CMakeFiles/Utilities.dir/Utilities/misc/stm32_systime.c.obj
                0x08017968                SysTimeAdd
                0x080179da                SysTimeSub
                0x08017a4a                SysTimeSet
                0x08017aa4                SysTimeGet
                0x08017b14                SysTimeGetMcuTime
                0x08017b54                SysTimeToMs
                0x08017ba4                SysTimeFromMs
                0x08017c20                SysTimeMkTime
                0x08017ce8                SysTimeLocalTime
 .text          0x08018054      0x470 CMakeFiles/Utilities.dir/Utilities/misc/stm32_tiny_vsnprintf.c.obj
                0x08018280                tiny_vsnprintf_like
 .text          0x080184c4      0x670 CMakeFiles/Utilities.dir/Utilities/timer/stm32_timer.c.obj
                0x080184c4                UTIL_TIMER_Init
                0x080184e4                UTIL_TIMER_DeInit
                0x080184f8                UTIL_TIMER_Create
                0x08018564                UTIL_TIMER_Start
                0x08018640                UTIL_TIMER_StartWithPeriod
                0x08018694                UTIL_TIMER_Stop
                0x08018774                UTIL_TIMER_SetPeriod
                0x080187c8                UTIL_TIMER_SetReloadMode
                0x080187f6                UTIL_TIMER_GetRemainingTime
                0x0801884c                UTIL_TIMER_IsRunning
                0x0801886c                UTIL_TIMER_GetFirstRemainingTime
                0x0801889c                UTIL_TIMER_IRQ_Handler
                0x0801899c                UTIL_TIMER_GetCurrentTime
                0x080189c0                UTIL_TIMER_GetElapsedTime
                0x080189f8                UTIL_TIMER_GetTimerList
                0x08018a0c                TimerExists
                0x08018a44                TimerSetTimeout
                0x08018a98                TimerInsertTimer
                0x08018af8                TimerInsertNewHeadTimer
 .text          0x08018b34      0x77c CMakeFiles/FreeRTOS.dir/Middlewares/Third_Party/FreeRTOS/Source/event_groups.c.obj
                0x08018b34                xEventGroupCreateStatic
                0x08018ba6                xEventGroupCreate
                0x08018bda                xEventGroupSync
                0x08018d3c                xEventGroupWaitBits
                0x08018ee0                xEventGroupClearBits
                0x08018f52                xEventGroupClearBitsFromISR
                0x08018f78                xEventGroupGetBitsFromISR
                0x08018fbe                xEventGroupSetBits
                0x080190d6                vEventGroupDelete
                0x08019160                xEventGroupGetStaticBuffer
                0x080191ce                vEventGroupSetBitsCallback
                0x080191e8                vEventGroupClearBitsCallback
                0x08019244                xEventGroupSetBitsFromISR
                0x0801926c                uxEventGroupGetNumber
                0x08019296                vEventGroupSetNumber
 .text          0x080192b0      0x15e CMakeFiles/FreeRTOS.dir/Middlewares/Third_Party/FreeRTOS/Source/list.c.obj
                0x080192b0                vListInitialise
                0x080192ee                vListInitialiseItem
                0x08019306                vListInsertEnd
                0x0801934c                vListInsert
                0x080193bc                uxListRemove
 *fill*         0x0801940e        0x2 
 .text          0x08019410     0x18b4 CMakeFiles/FreeRTOS.dir/Middlewares/Third_Party/FreeRTOS/Source/queue.c.obj
                0x08019410                xQueueGenericReset
                0x08019534                xQueueGenericCreateStatic
                0x080195f6                xQueueGenericGetStaticBuffers
                0x08019676                xQueueGenericCreate
                0x08019796                xQueueCreateMutex
                0x080197c6                xQueueCreateMutexStatic
                0x080197fc                xQueueGetMutexHolder
                0x0801984c                xQueueGetMutexHolderFromISR
                0x08019892                xQueueGiveMutexRecursive
                0x080198fc                xQueueTakeMutexRecursive
                0x0801996a                xQueueCreateCountingSemaphoreStatic
                0x080199d0                xQueueCreateCountingSemaphore
                0x08019a2e                xQueueGenericSend
                0x08019c34                xQueueGenericSendFromISR
                0x08019da0                xQueueGiveFromISR
                0x08019ef0                xQueueReceive
                0x0801a0b4                xQueueSemaphoreTake
                0x0801a2b4                xQueuePeek
                0x0801a47c                xQueueReceiveFromISR
                0x0801a5b0                xQueuePeekFromISR
                0x0801a688                uxQueueMessagesWaiting
                0x0801a6c6                uxQueueSpacesAvailable
                0x0801a70e                uxQueueMessagesWaitingFromISR
                0x0801a74a                vQueueDelete
                0x0801a792                uxQueueGetQueueNumber
                0x0801a7a8                vQueueSetQueueNumber
                0x0801a7c2                ucQueueGetQueueType
                0x0801a7da                uxQueueGetQueueItemSize
                0x0801a7f0                uxQueueGetQueueLength
                0x0801aa24                xQueueIsQueueEmptyFromISR
                0x0801aa9c                xQueueIsQueueFullFromISR
                0x0801aae8                vQueueAddToRegistry
                0x0801ab84                pcQueueGetName
                0x0801abec                vQueueUnregisterQueue
                0x0801ac5c                vQueueWaitForMessageRestricted
 .text          0x0801acc4     0x2f20 CMakeFiles/FreeRTOS.dir/Middlewares/Third_Party/FreeRTOS/Source/tasks.c.obj
                0x0801acc4                xTaskCreateStatic
                0x0801ad8e                xTaskCreate
                0x0801b070                vTaskDelete
                0x0801b164                xTaskDelayUntil
                0x0801b268                vTaskDelay
                0x0801b2d4                eTaskGetState
                0x0801b3e4                uxTaskPriorityGet
                0x0801b41c                uxTaskPriorityGetFromISR
                0x0801b478                vTaskPrioritySet
                0x0801b608                vTaskSuspend
                0x0801b774                vTaskResume
                0x0801b884                xTaskResumeFromISR
                0x0801b9c4                vTaskStartScheduler
                0x0801ba9c                vTaskEndScheduler
                0x0801bacc                vTaskSuspendAll
                0x0801bae8                xTaskResumeAll
                0x0801bce4                xTaskGetTickCount
                0x0801bd00                xTaskGetTickCountFromISR
                0x0801bd24                uxTaskGetNumberOfTasks
                0x0801bd38                pcTaskGetName
                0x0801bd84                xTaskGetStaticBuffers
                0x0801be30                uxTaskGetSystemState
                0x0801bf4c                xTaskCatchUpTicks
                0x0801bfa4                xTaskIncrementTick
                0x0801c1d4                vTaskSwitchContext
                0x0801c28c                vTaskPlaceOnEventList
                0x0801c2d8                vTaskPlaceOnUnorderedEventList
                0x0801c388                vTaskPlaceOnEventListRestricted
                0x0801c414                xTaskRemoveFromEventList
                0x0801c5c4                vTaskRemoveFromUnorderedEventList
                0x0801c748                vTaskSetTimeOutState
                0x0801c798                vTaskInternalSetTimeOutState
                0x0801c7c4                xTaskCheckForTimeOut
                0x0801c894                vTaskMissedYield
                0x0801c8ac                uxTaskGetTaskNumber
                0x0801c8d6                vTaskSetTaskNumber
                0x0801ca04                vTaskGetInfo
                0x0801cbc2                uxTaskGetStackHighWaterMark
                0x0801cc90                xTaskGetCurrentTaskHandle
                0x0801ccac                xTaskGetSchedulerState
                0x0801cce8                xTaskPriorityInherit
                0x0801ce08                xTaskPriorityDisinherit
                0x0801cf38                vTaskPriorityDisinheritAfterTimeout
                0x0801d090                uxTaskResetEventItemValue
                0x0801d0c0                pvTaskIncrementMutexHeldCount
                0x0801d0e8                ulTaskGenericNotifyTake
                0x0801d1c0                xTaskGenericNotifyWait
                0x0801d2cc                xTaskGenericNotify
                0x0801d528                xTaskGenericNotifyFromISR
                0x0801d7f8                vTaskGenericNotifyGiveFromISR
                0x0801da10                xTaskGenericNotifyStateClear
                0x0801da88                ulTaskGenericNotifyValueClear
 .text          0x0801dbe4      0xb20 CMakeFiles/FreeRTOS.dir/Middlewares/Third_Party/FreeRTOS/Source/timers.c.obj
                0x0801dbe4                xTimerCreateTimerTask
                0x0801dc78                xTimerCreate
                0x0801dcba                xTimerCreateStatic
                0x0801ddac                xTimerGenericCommand
                0x0801de48                xTimerGetTimerDaemonTaskHandle
                0x0801de80                xTimerGetPeriod
                0x0801deb8                vTimerSetReloadMode
                0x0801df20                xTimerGetReloadMode
                0x0801df74                uxTimerGetReloadMode
                0x0801df8c                xTimerGetExpiryTime
                0x0801dfc8                xTimerGetStaticBuffer
                0x0801e01e                pcTimerGetName
                0x0801e55c                xTimerIsTimerActive
                0x0801e5b0                pvTimerGetTimerID
                0x0801e5f2                vTimerSetTimerID
                0x0801e634                xTimerPendFunctionCallFromISR
                0x0801e674                xTimerPendFunctionCall
                0x0801e6d4                uxTimerGetTimerNumber
                0x0801e6ea                vTimerSetTimerNumber
 .text          0x0801e704     0x21d4 CMakeFiles/FreeRTOS.dir/Middlewares/Third_Party/FreeRTOS/Source/CMSIS_RTOS_V2/cmsis_os2.c.obj
                0x0801e758                SysTick_Handler
                0x0801e830                osKernelInitialize
                0x0801e87c                osKernelGetInfo
                0x0801e8cc                osKernelGetState
                0x0801e910                osKernelStart
                0x0801e964                osKernelLock
                0x0801e9ae                osKernelUnlock
                0x0801ea10                osKernelRestoreLock
                0x0801ea82                osKernelGetTickCount
                0x0801eaaa                osKernelGetTickFreq
                0x0801eaba                osKernelGetSysTimerCount
                0x0801eb2c                osKernelGetSysTimerFreq
                0x0801eb40                osThreadNew
                0x0801ec62                osThreadGetName
                0x0801ec96                osThreadGetId
                0x0801ecac                osThreadGetState
                0x0801ed0e                osThreadGetStackSpace
                0x0801ed46                osThreadSetPriority
                0x0801ed98                osThreadGetPriority
                0x0801edd0                osThreadYield
                0x0801ee0c                osThreadSuspend
                0x0801ee4c                osThreadResume
                0x0801ee8c                osThreadExit
                0x0801ee9a                osThreadTerminate
                0x0801eef2                osThreadGetCount
                0x0801ef18                osThreadEnumerate
                0x0801efbc                osThreadFlagsSet
                0x0801f068                osThreadFlagsClear
                0x0801f0ea                osThreadFlagsGet
                0x0801f12e                osThreadFlagsWait
                0x0801f234                osDelay
                0x0801f268                osDelayUntil
                0x0801f2fe                osTimerNew
                0x0801f444                osTimerGetName
                0x0801f478                osTimerStart
                0x0801f4d8                osTimerStop
                0x0801f544                osTimerIsRunning
                0x0801f57a                osTimerDelete
                0x0801f5f2                osEventFlagsNew
                0x0801f66e                osEventFlagsSet
                0x0801f6fc                osEventFlagsClear
                0x0801f774                osEventFlagsGet
                0x0801f7b4                osEventFlagsWait
                0x0801f88a                osEventFlagsDelete
                0x0801f8ca                osMutexNew
                0x0801f9d4                osMutexAcquire
                0x0801fa68                osMutexRelease
                0x0801fae0                osMutexGetOwner
                0x0801fb18                osMutexDelete
                0x0801fb62                osSemaphoreNew
                0x0801fc72                osSemaphoreAcquire
                0x0801fd14                osSemaphoreRelease
                0x0801fd98                osSemaphoreGetCount
                0x0801fdd6                osSemaphoreDelete
                0x0801fe1c                osMessageQueueNew
                0x0801ff00                osMessageQueuePut
                0x0801ffbc                osMessageQueueGet
                0x08020074                osMessageQueueGetCapacity
                0x0802009e                osMessageQueueGetMsgSize
                0x080200c8                osMessageQueueGetCount
                0x08020106                osMessageQueueGetSpace
                0x0802016e                osMessageQueueReset
                0x080201b0                osMessageQueueDelete
                0x080201f6                osMemoryPoolNew
                0x080203a0                osMemoryPoolGetName
                0x080203d8                osMemoryPoolAlloc
                0x080204c0                osMemoryPoolFree
                0x080205f0                osMemoryPoolGetCapacity
                0x08020634                osMemoryPoolGetBlockSize
                0x08020678                osMemoryPoolGetCount
                0x080206e0                osMemoryPoolGetSpace
                0x08020740                osMemoryPoolDelete
                0x08020874                vApplicationGetIdleTaskMemory
                0x080208a4                vApplicationGetTimerTaskMemory
 .text          0x080208d8      0x504 CMakeFiles/FreeRTOS.dir/Middlewares/Third_Party/FreeRTOS/Source/portable/MemMang/heap_4.c.obj
                0x080208d8                pvPortMalloc
                0x08020a70                vPortFree
                0x08020b24                xPortGetFreeHeapSize
                0x08020b38                xPortGetMinimumEverFreeHeapSize
                0x08020b4c                vPortInitialiseBlocks
                0x08020b58                pvPortCalloc
                0x08020d20                vPortGetHeapStats
 *fill*         0x08020ddc        0x4 
 .text          0x08020de0      0x450 CMakeFiles/FreeRTOS.dir/Middlewares/Third_Party/FreeRTOS/Source/portable/GCC/ARM_CM3/port.c.obj
                0x08020de0                pxPortInitialiseStack
                0x08020e90                SVC_Handler
                0x08020ed6                xPortStartScheduler
                0x08020fec                vPortEndScheduler
                0x08021024                vPortEnterCritical
                0x08021084                vPortExitCritical
                0x080210d8                PendSV_Handler
                0x08021126                xPortSysTickHandler
                0x0802116c                vPortSetupTimerInterrupt
                0x080211b0                vPortValidateInterruptPriority
 .text          0x08021230     0x1370 CMakeFiles/SubGHz_Phy.dir/Middlewares/Third_Party/SubGHz_Phy/radio_driver/radio.c.obj
 .text          0x080225a0       0xfa CMakeFiles/SubGHz_Phy.dir/Middlewares/Third_Party/SubGHz_Phy/radio_driver/radio_fw.c.obj
                0x080225a0                RFW_TransmitLongPacket
                0x080225c4                RFW_ReceiveLongPacket
                0x080225e8                RFW_Init
                0x08022602                RFW_DeInit
                0x0802260e                RFW_Is_Init
                0x0802261c                RFW_Is_LongPacketModeEnabled
                0x0802262a                RFW_SetAntSwitch
                0x0802263e                RFW_TransmitInit
                0x0802265e                RFW_ReceiveInit
                0x0802266e                RFW_DeInit_TxLongPacket
                0x0802267a                RFW_ReceivePayload
                0x08022686                RFW_SetRadioModem
 *fill*         0x0802269a        0x2 
 .text          0x0802269c     0x15d8 CMakeFiles/SubGHz_Phy.dir/Middlewares/Third_Party/SubGHz_Phy/radio_driver/radio_driver.c.obj
                0x0802269c                SUBGRF_Init
                0x0802272c                SUBGRF_GetOperatingMode
                0x08022740                SUBGRF_SetPayload
                0x08022760                SUBGRF_GetPayload
                0x080227a4                SUBGRF_SendPayload
                0x080227ca                SUBGRF_SetSyncWord
                0x080227e8                SUBGRF_SetCrcSeed
                0x08022828                SUBGRF_SetCrcPolynomial
                0x08022868                SUBGRF_SetWhiteningSeed
                0x080228ce                SUBGRF_GetRandom
                0x0802295a                SUBGRF_SetSleep
                0x080229c0                SUBGRF_SetStandby
                0x080229f8                SUBGRF_SetFs
                0x08022a14                SUBGRF_SetTx
                0x08022a54                SUBGRF_SetRx
                0x08022a94                SUBGRF_SetRxBoosted
                0x08022adc                SUBGRF_SetRxDutyCycle
                0x08022b34                SUBGRF_SetCad
                0x08022b50                SUBGRF_SetTxContinuousWave
                0x08022b62                SUBGRF_SetTxInfinitePreamble
                0x08022b74                SUBGRF_SetStopRxTimerOnPreambleDetect
                0x08022b92                SUBGRF_SetLoRaSymbNumTimeout
                0x08022bf0                SUBGRF_SetRegulatorMode
                0x08022c1e                SUBGRF_Calibrate
                0x08022cb6                SUBGRF_CalibrateImage
                0x08022d4c                SUBGRF_SetPaConfig
                0x08022d90                SUBGRF_SetRxTxFallbackMode
                0x08022dae                SUBGRF_SetDioIrqParams
                0x08022e22                SUBGRF_GetIrqStatus
                0x08022e4e                SUBGRF_SetTcxoMode
                0x08022e90                SUBGRF_SetRfFrequency
                0x08022f1c                SUBGRF_SetPacketType
                0x08022f54                SUBGRF_GetPacketType
                0x08022f68                SUBGRF_SetTxParams
                0x08023102                SUBGRF_SetModulationParams
                0x080232a0                SUBGRF_SetPacketParams
                0x080233d8                SUBGRF_SetCadParams
                0x0802343c                SUBGRF_SetBufferBaseAddress
                0x0802346a                SUBGRF_GetStatus
                0x080234b2                SUBGRF_GetRssiInst
                0x080234dc                SUBGRF_GetRxBufferStatus
                0x08023534                SUBGRF_GetPacketStatus
                0x080235d8                SUBGRF_GetDeviceErrors
                0x08023688                SUBGRF_ClearDeviceErrors
                0x080236a6                SUBGRF_ClearIrqStatus
                0x080236d6                SUBGRF_WriteRegister
                0x08023718                SUBGRF_ReadRegister
                0x08023758                SUBGRF_WriteRegisters
                0x0802379c                SUBGRF_ReadRegisters
                0x080237e0                SUBGRF_WriteBuffer
                0x08023824                SUBGRF_ReadBuffer
                0x08023868                SUBGRF_WriteCommand
                0x080238ac                SUBGRF_ReadCommand
                0x080238f0                SUBGRF_SetSwitch
                0x08023940                SUBGRF_SetRfTxPower
                0x080239a8                SUBGRF_GetRadioWakeUpTime
                0x080239b6                HAL_SUBGHZ_TxCpltCallback
                0x080239d4                HAL_SUBGHZ_RxCpltCallback
                0x080239f0                HAL_SUBGHZ_CRCErrorCallback
                0x08023a0c                HAL_SUBGHZ_CADStatusCallback
                0x08023a48                HAL_SUBGHZ_RxTxTimeoutCallback
                0x08023a68                HAL_SUBGHZ_HeaderErrorCallback
                0x08023a84                HAL_SUBGHZ_PreambleDetectedCallback
                0x08023aa0                HAL_SUBGHZ_SyncWordValidCallback
                0x08023abc                HAL_SUBGHZ_HeaderValidCallback
                0x08023ad8                HAL_SUBGHZ_LrFhssHopCallback
                0x08023b3a                SUBGRF_GetFskBandwidthRegValue
                0x08023b8c                SUBGRF_GetCFO
 .text          0x08023c74       0x30 /usr/lib/gcc/arm-none-eabi/15.1.0/thumb/v7e-m/nofp/libgcc.a(_aeabi_uldivmod.o)
                0x08023c74                __aeabi_uldivmod
 .text          0x08023ca4      0x310 /usr/lib/gcc/arm-none-eabi/15.1.0/thumb/v7e-m/nofp/libgcc.a(_udivmoddi4.o)
                0x08023ca4                __udivmoddi4
 .text          0x08023fb4        0x4 /usr/lib/gcc/arm-none-eabi/15.1.0/thumb/v7e-m/nofp/libgcc.a(_dvmd_tls.o)
                0x08023fb4                __aeabi_ldiv0
                0x08023fb4                __aeabi_idiv0
 .text          0x08023fb8       0x10 /usr/lib/gcc/arm-none-eabi/15.1.0/../../../../arm-none-eabi/lib/thumb/v7e-m/nofp/libg_nano.a(libc_a-strlen.o)
                0x08023fb8                strlen
 *(.text*)
 .text.memset   0x08023fc8       0x10 /usr/lib/gcc/arm-none-eabi/15.1.0/../../../../arm-none-eabi/lib/thumb/v7e-m/nofp/libc_nano.a(libc_a-memset.o)
                0x08023fc8                memset
 .text.__libc_init_array
                0x08023fd8       0x48 /usr/lib/gcc/arm-none-eabi/15.1.0/../../../../arm-none-eabi/lib/thumb/v7e-m/nofp/libc_nano.a(libc_a-init.o)
                0x08023fd8                __libc_init_array
 .text.Reset_Handler
                0x08024020       0x50 CMakeFiles/TrackerOS.dir/startup_stm32wle5xx.s.obj
                0x08024020                Reset_Handler
 .text.Default_Handler
                0x08024070        0x2 CMakeFiles/TrackerOS.dir/startup_stm32wle5xx.s.obj
                0x08024070                RTC_Alarm_IRQHandler
                0x08024070                EXTI2_IRQHandler
                0x08024070                TIM1_CC_IRQHandler
                0x08024070                EXTI3_IRQHandler
                0x08024070                LPTIM2_IRQHandler
                0x08024070                I2C3_ER_IRQHandler
                0x08024070                LPTIM3_IRQHandler
                0x08024070                EXTI0_IRQHandler
                0x08024070                I2C2_EV_IRQHandler
                0x08024070                TAMP_STAMP_LSECSS_SSRU_IRQHandler
                0x08024070                SPI1_IRQHandler
                0x08024070                DMA2_Channel2_IRQHandler
                0x08024070                PKA_IRQHandler
                0x08024070                TIM17_IRQHandler
                0x08024070                DMA1_Channel7_IRQHandler
                0x08024070                SUBGHZSPI_IRQHandler
                0x08024070                DMA2_Channel1_IRQHandler
                0x08024070                I2C1_EV_IRQHandler
                0x08024070                SUBGHZ_Radio_IRQHandler
                0x08024070                DMA1_Channel6_IRQHandler
                0x08024070                TIM16_IRQHandler
                0x08024070                DMA2_Channel4_IRQHandler
                0x08024070                RCC_IRQHandler
                0x08024070                TIM1_TRG_COM_IRQHandler
                0x08024070                Default_Handler
                0x08024070                DMA2_Channel7_IRQHandler
                0x08024070                EXTI15_10_IRQHandler
                0x08024070                ADC_IRQHandler
                0x08024070                I2C3_EV_IRQHandler
                0x08024070                EXTI9_5_IRQHandler
                0x08024070                RTC_WKUP_IRQHandler
                0x08024070                PVD_PVM_IRQHandler
                0x08024070                SPI2_IRQHandler
                0x08024070                DMA2_Channel5_IRQHandler
                0x08024070                DMA1_Channel5_IRQHandler
                0x08024070                EXTI4_IRQHandler
                0x08024070                RNG_IRQHandler
                0x08024070                COMP_IRQHandler
                0x08024070                HSEM_IRQHandler
                0x08024070                WWDG_IRQHandler
                0x08024070                LPUART1_IRQHandler
                0x08024070                DMA2_Channel6_IRQHandler
                0x08024070                TIM2_IRQHandler
                0x08024070                TIM1_BRK_IRQHandler
                0x08024070                DAC_IRQHandler
                0x08024070                EXTI1_IRQHandler
                0x08024070                AES_IRQHandler
                0x08024070                USART2_IRQHandler
                0x08024070                I2C2_ER_IRQHandler
                0x08024070                FLASH_IRQHandler
                0x08024070                I2C1_ER_IRQHandler
                0x08024070                LPTIM1_IRQHandler
                0x08024070                DMA2_Channel3_IRQHandler
 .text.memcpy   0x08024072       0x1c /usr/lib/gcc/arm-none-eabi/15.1.0/../../../../arm-none-eabi/lib/thumb/v7e-m/nofp/libg_nano.a(libc_a-memcpy-stub.o)
                0x08024072                memcpy
 *(.glue_7)
 .glue_7        0x0802408e        0x0 linker stubs
 *(.glue_7t)
 .glue_7t       0x0802408e        0x0 linker stubs
 *(.eh_frame)
 *fill*         0x0802408e        0x2 
 .eh_frame      0x08024090        0x0 /usr/lib/gcc/arm-none-eabi/15.1.0/thumb/v7e-m/nofp/crtbegin.o
 *(.init)
 .init          0x08024090        0x4 /usr/lib/gcc/arm-none-eabi/15.1.0/thumb/v7e-m/nofp/crti.o
                0x08024090                _init
 .init          0x08024094        0x8 /usr/lib/gcc/arm-none-eabi/15.1.0/thumb/v7e-m/nofp/crtn.o
 *(.fini)
 .fini          0x0802409c        0x4 /usr/lib/gcc/arm-none-eabi/15.1.0/thumb/v7e-m/nofp/crti.o
                0x0802409c                _fini
 .fini          0x080240a0        0x8 /usr/lib/gcc/arm-none-eabi/15.1.0/thumb/v7e-m/nofp/crtn.o
                0x080240a8                        . = ALIGN (0x4)
                0x080240a8                        _etext = .

.vfp11_veneer   0x080240a8        0x0
 .vfp11_veneer  0x080240a8        0x0 linker stubs

.v4_bx          0x080240a8        0x0
 .v4_bx         0x080240a8        0x0 linker stubs

.iplt           0x080240a8        0x0
 .iplt          0x080240a8        0x0 /usr/lib/gcc/arm-none-eabi/15.1.0/thumb/v7e-m/nofp/crtbegin.o

.rodata         0x080240a8      0x3c8
                0x080240a8                        . = ALIGN (0x4)
 *(.rodata)
 .rodata        0x080240a8       0x38 CMakeFiles/TrackerOS.dir/Core/Src/main.c.obj
                0x080240bc                blinkerTask_attributes
 .rodata        0x080240e0        0xd CMakeFiles/TrackerOS.dir/Core/Src/tracker_app.c.obj
 *fill*         0x080240ed        0x3 
 .rodata        0x080240f0       0x11 CMakeFiles/TrackerOS.dir/Core/Src/sys_app.c.obj
 *fill*         0x08024101        0x3 
 .rodata        0x08024104       0x40 CMakeFiles/TrackerOS.dir/Core/Src/timer_if.c.obj
                0x08024104                UTIL_TimerDriver
                0x08024130                UTIL_SYSTIMDriver
 .rodata        0x08024144       0x21 CMakeFiles/TrackerOS.dir/Core/Src/usart_if.c.obj
                0x0802414c                UTIL_TraceDriver
 *fill*         0x08024165        0x3 
 .rodata        0x08024168       0xa0 CMakeFiles/STM32_Drivers.dir/Core/Src/system_stm32wlxx.c.obj
                0x08024168                AHBPrescTable
                0x080241a8                APBPrescTable
                0x080241c8                MSIRangeTable
 .rodata        0x08024208       0x24 CMakeFiles/STM32_Drivers.dir/Drivers/STM32WLxx_HAL_Driver/Src/stm32wlxx_hal_rcc.c.obj
 .rodata        0x0802422c       0x20 CMakeFiles/STM32_Drivers.dir/Drivers/STM32WLxx_HAL_Driver/Src/stm32wlxx_hal_uart.c.obj
                0x08024234                UARTPrescTable
 .rodata        0x0802424c       0x18 CMakeFiles/STM32_Drivers.dir/Drivers/STM32WLxx_HAL_Driver/Src/stm32wlxx_hal_uart_ex.c.obj
 .rodata        0x08024264       0x2c CMakeFiles/Utilities.dir/Utilities/misc/stm32_systime.c.obj
 .rodata        0x08024290       0x57 CMakeFiles/Utilities.dir/Utilities/misc/stm32_tiny_vsnprintf.c.obj
 *fill*         0x080242e7        0x1 
 .rodata        0x080242e8        0x9 CMakeFiles/FreeRTOS.dir/Middlewares/Third_Party/FreeRTOS/Source/tasks.c.obj
                0x080242e8                uxTopUsedPriority
 *fill*         0x080242f1        0x3 
 .rodata        0x080242f4        0xd CMakeFiles/FreeRTOS.dir/Middlewares/Third_Party/FreeRTOS/Source/timers.c.obj
 *fill*         0x08024301        0x3 
 .rodata        0x08024304       0x11 CMakeFiles/FreeRTOS.dir/Middlewares/Third_Party/FreeRTOS/Source/CMSIS_RTOS_V2/cmsis_os2.c.obj
 *fill*         0x08024315        0x3 
 .rodata        0x08024318       0xa0 CMakeFiles/SubGHz_Phy.dir/Middlewares/Third_Party/SubGHz_Phy/radio_driver/radio.c.obj
                0x08024320                Radio
                0x080243ac                Bandwidths
 .rodata        0x080243b8       0xb8 CMakeFiles/SubGHz_Phy.dir/Middlewares/Third_Party/SubGHz_Phy/radio_driver/radio_driver.c.obj
 *(.rodata*)
                0x08024470                        . = ALIGN (0x4)

.ARM.extab      0x08024470        0x0
                0x08024470                        . = ALIGN (0x4)
 *(.ARM.extab* .gnu.linkonce.armextab.*)
                0x08024470                        . = ALIGN (0x4)

.ARM            0x08024470        0x8
                0x08024470                        . = ALIGN (0x4)
                0x08024470                        __exidx_start = .
 *(.ARM.exidx*)
 .ARM.exidx     0x08024470        0x8 /usr/lib/gcc/arm-none-eabi/15.1.0/thumb/v7e-m/nofp/libgcc.a(_udivmoddi4.o)
 .ARM.exidx     0x08024478        0x0 /usr/lib/gcc/arm-none-eabi/15.1.0/../../../../arm-none-eabi/lib/thumb/v7e-m/nofp/libg_nano.a(libc_a-strlen.o)
                                  0x8 (size before relaxing)
                0x08024478                        __exidx_end = .
                0x08024478                        . = ALIGN (0x4)

.preinit_array  0x08024478        0x0
                0x08024478                        . = ALIGN (0x4)
                0x08024478                        PROVIDE (__preinit_array_start = .)
 *(.preinit_array*)
                0x08024478                        PROVIDE (__preinit_array_end = .)
                0x08024478                        . = ALIGN (0x4)

.init_array     0x08024478        0x4
                0x08024478                        . = ALIGN (0x4)
                0x08024478                        PROVIDE (__init_array_start = .)
 *(SORT_BY_NAME(.init_array.*))
 *(.init_array*)
 .init_array    0x08024478        0x4 /usr/lib/gcc/arm-none-eabi/15.1.0/thumb/v7e-m/nofp/crtbegin.o
                0x0802447c                        PROVIDE (__init_array_end = .)
                0x0802447c                        . = ALIGN (0x4)

.fini_array     0x0802447c        0x4
                0x0802447c                        . = ALIGN (0x4)
                0x0802447c                        PROVIDE (__fini_array_start = .)
 *(SORT_BY_NAME(.fini_array.*))
 *(.fini_array*)
 .fini_array    0x0802447c        0x4 /usr/lib/gcc/arm-none-eabi/15.1.0/thumb/v7e-m/nofp/crtbegin.o
                0x08024480                        PROVIDE (__fini_array_end = .)
                0x08024480                        . = ALIGN (0x4)
                0x08024480                        _sidata = LOADADDR (.data)

.rel.dyn        0x08024480        0x0
 .rel.iplt      0x08024480        0x0 /usr/lib/gcc/arm-none-eabi/15.1.0/thumb/v7e-m/nofp/crtbegin.o

.data           0x20000000       0x1c load address 0x08024480
                0x20000000                        . = ALIGN (0x4)
                0x20000000                        _sdata = .
 *(.data)
 .data          0x20000000        0x4 CMakeFiles/STM32_Drivers.dir/Core/Src/system_stm32wlxx.c.obj
                0x20000000                SystemCoreClock
 .data          0x20000004        0x5 CMakeFiles/STM32_Drivers.dir/Drivers/STM32WLxx_HAL_Driver/Src/stm32wlxx_hal.c.obj
                0x20000004                uwTickPrio
                0x20000008                uwTickFreq
 *fill*         0x20000009        0x3 
 .data          0x2000000c        0x8 CMakeFiles/Utilities.dir/Utilities/misc/stm32_tiny_vsnprintf.c.obj
 .data          0x20000014        0x4 CMakeFiles/FreeRTOS.dir/Middlewares/Third_Party/FreeRTOS/Source/portable/GCC/ARM_CM3/port.c.obj
 .data          0x20000018        0x1 CMakeFiles/SubGHz_Phy.dir/Middlewares/Third_Party/SubGHz_Phy/radio_driver/radio.c.obj
 *(.data*)
 *(.RamFunc)
 *(.RamFunc*)
                0x2000001c                        . = ALIGN (0x4)
 *fill*         0x20000019        0x3 
                0x2000001c                        _edata = .

.tm_clone_table
                0x2000001c        0x0 load address 0x0802449c
 .tm_clone_table
                0x2000001c        0x0 /usr/lib/gcc/arm-none-eabi/15.1.0/thumb/v7e-m/nofp/crtbegin.o
 .tm_clone_table
                0x2000001c        0x0 /usr/lib/gcc/arm-none-eabi/15.1.0/thumb/v7e-m/nofp/crtend.o

.igot.plt       0x2000001c        0x0 load address 0x0802449c
 .igot.plt      0x2000001c        0x0 /usr/lib/gcc/arm-none-eabi/15.1.0/thumb/v7e-m/nofp/crtbegin.o
                0x2000001c                        . = ALIGN (0x4)

.bss            0x2000001c     0x2240 load address 0x0802449c
                0x2000001c                        _sbss = .
                0x2000001c                        __bss_start__ = _sbss
 *(.bss)
 .bss           0x2000001c       0x1c /usr/lib/gcc/arm-none-eabi/15.1.0/thumb/v7e-m/nofp/crtbegin.o
 .bss           0x20000038       0x1c CMakeFiles/TrackerOS.dir/SubGHz_Phy/App/subghz_phy_app.c.obj
 .bss           0x20000054      0x39c CMakeFiles/TrackerOS.dir/Core/Src/main.c.obj
                0x20000054                hlptim1
                0x20000090                hlpuart1
                0x20000124                huart1
                0x200001b8                huart2
                0x2000024c                hdma_usart1_rx
                0x200002ac                hdma_usart1_tx
                0x2000030c                hdma_usart2_rx
                0x2000036c                hdma_usart2_tx
                0x200003cc                hrng
                0x200003e0                hsubghz
                0x200003ec                blinkerTaskHandle
 .bss           0x200003f0        0x2 CMakeFiles/TrackerOS.dir/Core/Src/sys_app.c.obj
 *fill*         0x200003f2        0x2 
 .bss           0x200003f4        0x4 CMakeFiles/TrackerOS.dir/Core/Src/timer_if.c.obj
 .bss           0x200003f8        0xc CMakeFiles/TrackerOS.dir/Core/Src/usart_if.c.obj
                0x200003f8                charRx
                0x200003f9                charRx_uart2
 .bss           0x20000404       0x4c CMakeFiles/TrackerOS.dir/Core/Src/stm32wlxx_hal_timebase_tim.c.obj
                0x20000404                htim1
 .bss           0x20000450        0x4 CMakeFiles/STM32_Drivers.dir/Drivers/STM32WLxx_HAL_Driver/Src/stm32wlxx_hal.c.obj
                0x20000450                uwTick
 .bss           0x20000454      0x318 CMakeFiles/Utilities.dir/Utilities/trace/adv_trace/stm32_adv_trace.c.obj
 .bss           0x2000076c        0x4 CMakeFiles/Utilities.dir/Utilities/timer/stm32_timer.c.obj
 .bss           0x20000770       0x40 CMakeFiles/FreeRTOS.dir/Middlewares/Third_Party/FreeRTOS/Source/queue.c.obj
                0x20000770                xQueueRegistry
 .bss           0x200007b0      0x500 CMakeFiles/FreeRTOS.dir/Middlewares/Third_Party/FreeRTOS/Source/tasks.c.obj
                0x200007b0                pxCurrentTCB
 .bss           0x20000cb0      0x12c CMakeFiles/FreeRTOS.dir/Middlewares/Third_Party/FreeRTOS/Source/timers.c.obj
 .bss           0x20000ddc      0x6bc CMakeFiles/FreeRTOS.dir/Middlewares/Third_Party/FreeRTOS/Source/CMSIS_RTOS_V2/cmsis_os2.c.obj
 .bss           0x20001498      0xc1c CMakeFiles/FreeRTOS.dir/Middlewares/Third_Party/FreeRTOS/Source/portable/MemMang/heap_4.c.obj
 .bss           0x200020b4        0x8 CMakeFiles/FreeRTOS.dir/Middlewares/Third_Party/FreeRTOS/Source/portable/GCC/ARM_CM3/port.c.obj
 .bss           0x200020bc      0x190 CMakeFiles/SubGHz_Phy.dir/Middlewares/Third_Party/SubGHz_Phy/radio_driver/radio.c.obj
                0x200021c0                SubgRf
                0x2000221c                TxTimeoutTimer
                0x20002234                RxTimeoutTimer
 .bss           0x2000224c       0x10 CMakeFiles/SubGHz_Phy.dir/Middlewares/Third_Party/SubGHz_Phy/radio_driver/radio_driver.c.obj
                0x20002250                FrequencyError
 *(.bss*)
 *(COMMON)
                0x2000225c                        . = ALIGN (0x4)
                0x2000225c                        _ebss = .
                0x2000225c                        __bss_end__ = _ebss

._user_heap_stack
                0x2000225c      0x604 load address 0x0802449c
                0x20002260                        . = ALIGN (0x8)
 *fill*         0x2000225c        0x4 
                [!provide]                        PROVIDE (end = .)
                0x20002260                        PROVIDE (_end = .)
                0x20002460                        . = (. + _Min_Heap_Size)
 *fill*         0x20002260      0x200 
                0x20002860                        . = (. + _Min_Stack_Size)
 *fill*         0x20002460      0x400 
                0x20002860                        . = ALIGN (0x8)

/DISCARD/
 libc.a(*)
 libm.a(*)
 libgcc.a(*)

.ARM.attributes
                0x00000000       0x2a
 *(.ARM.attributes)
 .ARM.attributes
                0x00000000       0x1e /usr/lib/gcc/arm-none-eabi/15.1.0/thumb/v7e-m/nofp/crti.o
 .ARM.attributes
                0x0000001e       0x2e /usr/lib/gcc/arm-none-eabi/15.1.0/thumb/v7e-m/nofp/crtbegin.o
 .ARM.attributes
                0x0000004c       0x2e /usr/lib/gcc/arm-none-eabi/15.1.0/../../../../arm-none-eabi/lib/thumb/v7e-m/nofp/libc_nano.a(libc_a-memset.o)
 .ARM.attributes
                0x0000007a       0x2e /usr/lib/gcc/arm-none-eabi/15.1.0/../../../../arm-none-eabi/lib/thumb/v7e-m/nofp/libc_nano.a(libc_a-init.o)
 .ARM.attributes
                0x000000a8       0x2e CMakeFiles/TrackerOS.dir/SubGHz_Phy/App/subghz_phy_app.c.obj
 .ARM.attributes
                0x000000d6       0x2e CMakeFiles/TrackerOS.dir/SubGHz_Phy/Target/radio_board_if.c.obj
 .ARM.attributes
                0x00000104       0x2e CMakeFiles/TrackerOS.dir/Core/Src/main.c.obj
 .ARM.attributes
                0x00000132       0x2e CMakeFiles/TrackerOS.dir/Core/Src/tracker_app.c.obj
 .ARM.attributes
                0x00000160       0x2e CMakeFiles/TrackerOS.dir/Core/Src/sys_app.c.obj
 .ARM.attributes
                0x0000018e       0x2e CMakeFiles/TrackerOS.dir/Core/Src/timer_if.c.obj
 .ARM.attributes
                0x000001bc       0x2e CMakeFiles/TrackerOS.dir/Core/Src/usart_if.c.obj
 .ARM.attributes
                0x000001ea       0x2e CMakeFiles/TrackerOS.dir/Core/Src/stm32wlxx_it.c.obj
 .ARM.attributes
                0x00000218       0x2e CMakeFiles/TrackerOS.dir/Core/Src/stm32wlxx_hal_msp.c.obj
 .ARM.attributes
                0x00000246       0x2e CMakeFiles/TrackerOS.dir/Core/Src/stm32wlxx_hal_timebase_tim.c.obj
 .ARM.attributes
                0x00000274       0x21 CMakeFiles/TrackerOS.dir/startup_stm32wle5xx.s.obj
 .ARM.attributes
                0x00000295       0x2e CMakeFiles/STM32_Drivers.dir/Core/Src/system_stm32wlxx.c.obj
 .ARM.attributes
                0x000002c3       0x2e CMakeFiles/STM32_Drivers.dir/Drivers/STM32WLxx_HAL_Driver/Src/stm32wlxx_hal_tim.c.obj
 .ARM.attributes
                0x000002f1       0x2e CMakeFiles/STM32_Drivers.dir/Drivers/STM32WLxx_HAL_Driver/Src/stm32wlxx_hal_tim_ex.c.obj
 .ARM.attributes
                0x0000031f       0x2e CMakeFiles/STM32_Drivers.dir/Drivers/STM32WLxx_HAL_Driver/Src/stm32wlxx_hal_rcc.c.obj
 .ARM.attributes
                0x0000034d       0x2e CMakeFiles/STM32_Drivers.dir/Drivers/STM32WLxx_HAL_Driver/Src/stm32wlxx_hal_rcc_ex.c.obj
 .ARM.attributes
                0x0000037b       0x2e CMakeFiles/STM32_Drivers.dir/Drivers/STM32WLxx_HAL_Driver/Src/stm32wlxx_hal_gpio.c.obj
 .ARM.attributes
                0x000003a9       0x2e CMakeFiles/STM32_Drivers.dir/Drivers/STM32WLxx_HAL_Driver/Src/stm32wlxx_hal_dma.c.obj
 .ARM.attributes
                0x000003d7       0x2e CMakeFiles/STM32_Drivers.dir/Drivers/STM32WLxx_HAL_Driver/Src/stm32wlxx_hal_dma_ex.c.obj
 .ARM.attributes
                0x00000405       0x2e CMakeFiles/STM32_Drivers.dir/Drivers/STM32WLxx_HAL_Driver/Src/stm32wlxx_hal_pwr.c.obj
 .ARM.attributes
                0x00000433       0x2e CMakeFiles/STM32_Drivers.dir/Drivers/STM32WLxx_HAL_Driver/Src/stm32wlxx_hal_pwr_ex.c.obj
 .ARM.attributes
                0x00000461       0x2e CMakeFiles/STM32_Drivers.dir/Drivers/STM32WLxx_HAL_Driver/Src/stm32wlxx_hal_cortex.c.obj
 .ARM.attributes
                0x0000048f       0x2e CMakeFiles/STM32_Drivers.dir/Drivers/STM32WLxx_HAL_Driver/Src/stm32wlxx_hal.c.obj
 .ARM.attributes
                0x000004bd       0x2e CMakeFiles/STM32_Drivers.dir/Drivers/STM32WLxx_HAL_Driver/Src/stm32wlxx_hal_lptim.c.obj
 .ARM.attributes
                0x000004eb       0x2e CMakeFiles/STM32_Drivers.dir/Drivers/STM32WLxx_HAL_Driver/Src/stm32wlxx_hal_uart.c.obj
 .ARM.attributes
                0x00000519       0x2e CMakeFiles/STM32_Drivers.dir/Drivers/STM32WLxx_HAL_Driver/Src/stm32wlxx_hal_uart_ex.c.obj
 .ARM.attributes
                0x00000547       0x2e CMakeFiles/STM32_Drivers.dir/Drivers/STM32WLxx_HAL_Driver/Src/stm32wlxx_hal_rng.c.obj
 .ARM.attributes
                0x00000575       0x2e CMakeFiles/STM32_Drivers.dir/Drivers/STM32WLxx_HAL_Driver/Src/stm32wlxx_hal_subghz.c.obj
 .ARM.attributes
                0x000005a3       0x2e CMakeFiles/Utilities.dir/Utilities/trace/adv_trace/stm32_adv_trace.c.obj
 .ARM.attributes
                0x000005d1       0x2e CMakeFiles/Utilities.dir/Utilities/misc/stm32_mem.c.obj
 .ARM.attributes
                0x000005ff       0x2e CMakeFiles/Utilities.dir/Utilities/misc/stm32_systime.c.obj
 .ARM.attributes
                0x0000062d       0x2e CMakeFiles/Utilities.dir/Utilities/misc/stm32_tiny_vsnprintf.c.obj
 .ARM.attributes
                0x0000065b       0x2e CMakeFiles/Utilities.dir/Utilities/timer/stm32_timer.c.obj
 .ARM.attributes
                0x00000689       0x2e CMakeFiles/FreeRTOS.dir/Middlewares/Third_Party/FreeRTOS/Source/event_groups.c.obj
 .ARM.attributes
                0x000006b7       0x2e CMakeFiles/FreeRTOS.dir/Middlewares/Third_Party/FreeRTOS/Source/list.c.obj
 .ARM.attributes
                0x000006e5       0x2e CMakeFiles/FreeRTOS.dir/Middlewares/Third_Party/FreeRTOS/Source/queue.c.obj
 .ARM.attributes
                0x00000713       0x2e CMakeFiles/FreeRTOS.dir/Middlewares/Third_Party/FreeRTOS/Source/tasks.c.obj
 .ARM.attributes
                0x00000741       0x2e CMakeFiles/FreeRTOS.dir/Middlewares/Third_Party/FreeRTOS/Source/timers.c.obj
 .ARM.attributes
                0x0000076f       0x2e CMakeFiles/FreeRTOS.dir/Middlewares/Third_Party/FreeRTOS/Source/CMSIS_RTOS_V2/cmsis_os2.c.obj
 .ARM.attributes
                0x0000079d       0x2e CMakeFiles/FreeRTOS.dir/Middlewares/Third_Party/FreeRTOS/Source/portable/MemMang/heap_4.c.obj
 .ARM.attributes
                0x000007cb       0x2e CMakeFiles/FreeRTOS.dir/Middlewares/Third_Party/FreeRTOS/Source/portable/GCC/ARM_CM3/port.c.obj
 .ARM.attributes
                0x000007f9       0x2e CMakeFiles/SubGHz_Phy.dir/Middlewares/Third_Party/SubGHz_Phy/radio_driver/radio.c.obj
 .ARM.attributes
                0x00000827       0x2e CMakeFiles/SubGHz_Phy.dir/Middlewares/Third_Party/SubGHz_Phy/radio_driver/radio_fw.c.obj
 .ARM.attributes
                0x00000855       0x2e CMakeFiles/SubGHz_Phy.dir/Middlewares/Third_Party/SubGHz_Phy/radio_driver/radio_driver.c.obj
 .ARM.attributes
                0x00000883       0x1e /usr/lib/gcc/arm-none-eabi/15.1.0/thumb/v7e-m/nofp/libgcc.a(_aeabi_uldivmod.o)
 .ARM.attributes
                0x000008a1       0x2e /usr/lib/gcc/arm-none-eabi/15.1.0/thumb/v7e-m/nofp/libgcc.a(_udivmoddi4.o)
 .ARM.attributes
                0x000008cf       0x1e /usr/lib/gcc/arm-none-eabi/15.1.0/thumb/v7e-m/nofp/libgcc.a(_dvmd_tls.o)
 .ARM.attributes
                0x000008ed       0x2e /usr/lib/gcc/arm-none-eabi/15.1.0/../../../../arm-none-eabi/lib/thumb/v7e-m/nofp/libg_nano.a(libc_a-memcpy-stub.o)
 .ARM.attributes
                0x0000091b       0x17 /usr/lib/gcc/arm-none-eabi/15.1.0/../../../../arm-none-eabi/lib/thumb/v7e-m/nofp/libg_nano.a(libc_a-strlen.o)
 .ARM.attributes
                0x00000932       0x2e /usr/lib/gcc/arm-none-eabi/15.1.0/thumb/v7e-m/nofp/crtend.o
 .ARM.attributes
                0x00000960       0x1e /usr/lib/gcc/arm-none-eabi/15.1.0/thumb/v7e-m/nofp/crtn.o
OUTPUT(TrackerOS.elf elf32-littlearm)
LOAD linker stubs
LOAD /usr/lib/gcc/arm-none-eabi/15.1.0/../../../../arm-none-eabi/lib/thumb/v7e-m/nofp/libc.a
LOAD /usr/lib/gcc/arm-none-eabi/15.1.0/../../../../arm-none-eabi/lib/thumb/v7e-m/nofp/libm.a
LOAD /usr/lib/gcc/arm-none-eabi/15.1.0/thumb/v7e-m/nofp/libgcc.a

.comment        0x00000000       0x46
 .comment       0x00000000       0x46 /usr/lib/gcc/arm-none-eabi/15.1.0/thumb/v7e-m/nofp/crtbegin.o
                                 0x24 (size before relaxing)
 .comment       0x00000046        0x0 /usr/lib/gcc/arm-none-eabi/15.1.0/../../../../arm-none-eabi/lib/thumb/v7e-m/nofp/libc_nano.a(libc_a-memset.o)
                                 0x24 (size before relaxing)
 .comment       0x00000046        0x0 /usr/lib/gcc/arm-none-eabi/15.1.0/../../../../arm-none-eabi/lib/thumb/v7e-m/nofp/libc_nano.a(libc_a-init.o)
                                 0x24 (size before relaxing)
 .comment       0x00000046        0x0 CMakeFiles/TrackerOS.dir/SubGHz_Phy/App/subghz_phy_app.c.obj
                                 0x24 (size before relaxing)
 .comment       0x00000046        0x0 CMakeFiles/TrackerOS.dir/SubGHz_Phy/Target/radio_board_if.c.obj
                                 0x24 (size before relaxing)
 .comment       0x00000046        0x0 CMakeFiles/TrackerOS.dir/Core/Src/main.c.obj
                                 0x24 (size before relaxing)
 .comment       0x00000046        0x0 CMakeFiles/TrackerOS.dir/Core/Src/tracker_app.c.obj
                                 0x24 (size before relaxing)
 .comment       0x00000046        0x0 CMakeFiles/TrackerOS.dir/Core/Src/sys_app.c.obj
                                 0x24 (size before relaxing)
 .comment       0x00000046        0x0 CMakeFiles/TrackerOS.dir/Core/Src/timer_if.c.obj
                                 0x24 (size before relaxing)
 .comment       0x00000046        0x0 CMakeFiles/TrackerOS.dir/Core/Src/usart_if.c.obj
                                 0x24 (size before relaxing)
 .comment       0x00000046        0x0 CMakeFiles/TrackerOS.dir/Core/Src/stm32wlxx_it.c.obj
                                 0x24 (size before relaxing)
 .comment       0x00000046        0x0 CMakeFiles/TrackerOS.dir/Core/Src/stm32wlxx_hal_msp.c.obj
                                 0x24 (size before relaxing)
 .comment       0x00000046        0x0 CMakeFiles/TrackerOS.dir/Core/Src/stm32wlxx_hal_timebase_tim.c.obj
                                 0x24 (size before relaxing)
 .comment       0x00000046        0x0 CMakeFiles/STM32_Drivers.dir/Core/Src/system_stm32wlxx.c.obj
                                 0x24 (size before relaxing)
 .comment       0x00000046        0x0 CMakeFiles/STM32_Drivers.dir/Drivers/STM32WLxx_HAL_Driver/Src/stm32wlxx_hal_tim.c.obj
                                 0x24 (size before relaxing)
 .comment       0x00000046        0x0 CMakeFiles/STM32_Drivers.dir/Drivers/STM32WLxx_HAL_Driver/Src/stm32wlxx_hal_tim_ex.c.obj
                                 0x24 (size before relaxing)
 .comment       0x00000046        0x0 CMakeFiles/STM32_Drivers.dir/Drivers/STM32WLxx_HAL_Driver/Src/stm32wlxx_hal_rcc.c.obj