Archive member included to satisfy reference by file (symbol)

/usr/lib/gcc/arm-none-eabi/15.1.0/../../../../arm-none-eabi/lib/thumb/v7e-m/nofp/libc_nano.a(libc_a-atexit.o)
                              /usr/lib/gcc/arm-none-eabi/15.1.0/../../../../arm-none-eabi/lib/thumb/v7e-m/nofp/crt0.o (atexit)
/usr/lib/gcc/arm-none-eabi/15.1.0/../../../../arm-none-eabi/lib/thumb/v7e-m/nofp/libc_nano.a(libc_a-exit.o)
                              /usr/lib/gcc/arm-none-eabi/15.1.0/../../../../arm-none-eabi/lib/thumb/v7e-m/nofp/crt0.o (exit)
/usr/lib/gcc/arm-none-eabi/15.1.0/../../../../arm-none-eabi/lib/thumb/v7e-m/nofp/libc_nano.a(libc_a-findfp.o)
                              /usr/lib/gcc/arm-none-eabi/15.1.0/../../../../arm-none-eabi/lib/thumb/v7e-m/nofp/libc_nano.a(libc_a-exit.o) (__stdio_exit_handler)
/usr/lib/gcc/arm-none-eabi/15.1.0/../../../../arm-none-eabi/lib/thumb/v7e-m/nofp/libc_nano.a(libc_a-fwalk.o)
                              /usr/lib/gcc/arm-none-eabi/15.1.0/../../../../arm-none-eabi/lib/thumb/v7e-m/nofp/libc_nano.a(libc_a-findfp.o) (_fwalk_sglue)
/usr/lib/gcc/arm-none-eabi/15.1.0/../../../../arm-none-eabi/lib/thumb/v7e-m/nofp/libc_nano.a(libc_a-stdio.o)
                              /usr/lib/gcc/arm-none-eabi/15.1.0/../../../../arm-none-eabi/lib/thumb/v7e-m/nofp/libc_nano.a(libc_a-findfp.o) (__sread)
/usr/lib/gcc/arm-none-eabi/15.1.0/../../../../arm-none-eabi/lib/thumb/v7e-m/nofp/libc_nano.a(libc_a-memset.o)
                              /usr/lib/gcc/arm-none-eabi/15.1.0/../../../../arm-none-eabi/lib/thumb/v7e-m/nofp/crt0.o (memset)
/usr/lib/gcc/arm-none-eabi/15.1.0/../../../../arm-none-eabi/lib/thumb/v7e-m/nofp/libc_nano.a(libc_a-closer.o)
                              /usr/lib/gcc/arm-none-eabi/15.1.0/../../../../arm-none-eabi/lib/thumb/v7e-m/nofp/libc_nano.a(libc_a-stdio.o) (_close_r)
/usr/lib/gcc/arm-none-eabi/15.1.0/../../../../arm-none-eabi/lib/thumb/v7e-m/nofp/libc_nano.a(libc_a-reent.o)
                              /usr/lib/gcc/arm-none-eabi/15.1.0/../../../../arm-none-eabi/lib/thumb/v7e-m/nofp/libc_nano.a(libc_a-closer.o) (errno)
/usr/lib/gcc/arm-none-eabi/15.1.0/../../../../arm-none-eabi/lib/thumb/v7e-m/nofp/libc_nano.a(libc_a-impure.o)
                              /usr/lib/gcc/arm-none-eabi/15.1.0/../../../../arm-none-eabi/lib/thumb/v7e-m/nofp/libc_nano.a(libc_a-reent.o) (_impure_ptr)
/usr/lib/gcc/arm-none-eabi/15.1.0/../../../../arm-none-eabi/lib/thumb/v7e-m/nofp/libc_nano.a(libc_a-lseekr.o)
                              /usr/lib/gcc/arm-none-eabi/15.1.0/../../../../arm-none-eabi/lib/thumb/v7e-m/nofp/libc_nano.a(libc_a-stdio.o) (_lseek_r)
/usr/lib/gcc/arm-none-eabi/15.1.0/../../../../arm-none-eabi/lib/thumb/v7e-m/nofp/libc_nano.a(libc_a-readr.o)
                              /usr/lib/gcc/arm-none-eabi/15.1.0/../../../../arm-none-eabi/lib/thumb/v7e-m/nofp/libc_nano.a(libc_a-stdio.o) (_read_r)
/usr/lib/gcc/arm-none-eabi/15.1.0/../../../../arm-none-eabi/lib/thumb/v7e-m/nofp/libc_nano.a(libc_a-writer.o)
                              /usr/lib/gcc/arm-none-eabi/15.1.0/../../../../arm-none-eabi/lib/thumb/v7e-m/nofp/libc_nano.a(libc_a-stdio.o) (_write_r)
/usr/lib/gcc/arm-none-eabi/15.1.0/../../../../arm-none-eabi/lib/thumb/v7e-m/nofp/libc_nano.a(libc_a-init.o)
                              /usr/lib/gcc/arm-none-eabi/15.1.0/../../../../arm-none-eabi/lib/thumb/v7e-m/nofp/crt0.o (__libc_init_array)
/usr/lib/gcc/arm-none-eabi/15.1.0/../../../../arm-none-eabi/lib/thumb/v7e-m/nofp/libc_nano.a(libc_a-fini.o)
                              /usr/lib/gcc/arm-none-eabi/15.1.0/../../../../arm-none-eabi/lib/thumb/v7e-m/nofp/crt0.o (__libc_fini_array)
/usr/lib/gcc/arm-none-eabi/15.1.0/../../../../arm-none-eabi/lib/thumb/v7e-m/nofp/libc_nano.a(libc_a-lock.o)
                              /usr/lib/gcc/arm-none-eabi/15.1.0/../../../../arm-none-eabi/lib/thumb/v7e-m/nofp/libc_nano.a(libc_a-findfp.o) (__retarget_lock_init_recursive)
/usr/lib/gcc/arm-none-eabi/15.1.0/../../../../arm-none-eabi/lib/thumb/v7e-m/nofp/libc_nano.a(libc_a-__atexit.o)
                              /usr/lib/gcc/arm-none-eabi/15.1.0/../../../../arm-none-eabi/lib/thumb/v7e-m/nofp/libc_nano.a(libc_a-atexit.o) (__register_exitproc)
/usr/lib/gcc/arm-none-eabi/15.1.0/../../../../arm-none-eabi/lib/thumb/v7e-m/nofp/libc_nano.a(libc_a-__call_atexit.o)
                              /usr/lib/gcc/arm-none-eabi/15.1.0/../../../../arm-none-eabi/lib/thumb/v7e-m/nofp/libc_nano.a(libc_a-__atexit.o) (__call_exitprocs)
/usr/lib/gcc/arm-none-eabi/15.1.0/../../../../arm-none-eabi/lib/thumb/v7e-m/nofp/libc_nano.a(libc_a-freer.o)
                              /usr/lib/gcc/arm-none-eabi/15.1.0/../../../../arm-none-eabi/lib/thumb/v7e-m/nofp/libc_nano.a(libc_a-reent.o) (_free_r)
/usr/lib/gcc/arm-none-eabi/15.1.0/../../../../arm-none-eabi/lib/thumb/v7e-m/nofp/libc_nano.a(libc_a-mallocr.o)
                              /usr/lib/gcc/arm-none-eabi/15.1.0/../../../../arm-none-eabi/lib/thumb/v7e-m/nofp/libc_nano.a(libc_a-findfp.o) (_malloc_r)
[...]
Memory Configuration

Name             Origin             Length             Attributes
RAM              0x20000000         0x00010000         xrw
RAM2             0x10000000         0x00008000         xrw
FLASH            0x08000000         0x00040000         xr
*default*        0x00000000         0xffffffff

Linker script and memory map

LOAD /usr/lib/gcc/arm-none-eabi/15.1.0/thumb/v7e-m/nofp/crti.o
LOAD /usr/lib/gcc/arm-none-eabi/15.1.0/thumb/v7e-m/nofp/crtbegin.o
LOAD /usr/lib/gcc/arm-none-eabi/15.1.0/../../../../arm-none-eabi/lib/thumb/v7e-m/nofp/crt0.o
START GROUP
LOAD /usr/lib/gcc/arm-none-eabi/15.1.0/../../../../arm-none-eabi/lib/thumb/v7e-m/nofp/libc_nano.a
LOAD /usr/lib/gcc/arm-none-eabi/15.1.0/../../../../arm-none-eabi/lib/thumb/v7e-m/nofp/libm.a
END GROUP
LOAD CMakeFiles/TrackerOS.dir/SubGHz_Phy/App/app_subghz_phy.c.obj
LOAD CMakeFiles/TrackerOS.dir/SubGHz_Phy/App/subghz_phy_app.c.obj
LOAD CMakeFiles/TrackerOS.dir/SubGHz_Phy/Target/radio_board_if.c.obj
LOAD CMakeFiles/TrackerOS.dir/Core/Src/main.c.obj
LOAD CMakeFiles/TrackerOS.dir/Core/Src/app_freertos.c.obj
LOAD CMakeFiles/TrackerOS.dir/Core/Src/stm32_lpm_if.c.obj
LOAD CMakeFiles/TrackerOS.dir/Core/Src/sys_app.c.obj
LOAD CMakeFiles/TrackerOS.dir/Core/Src/timer_if.c.obj
LOAD CMakeFiles/TrackerOS.dir/Core/Src/usart_if.c.obj
LOAD CMakeFiles/TrackerOS.dir/Core/Src/stm32wlxx_it.c.obj
LOAD CMakeFiles/TrackerOS.dir/Core/Src/stm32wlxx_hal_msp.c.obj
LOAD CMakeFiles/TrackerOS.dir/Core/Src/stm32wlxx_hal_timebase_tim.c.obj
LOAD CMakeFiles/TrackerOS.dir/Core/Src/sysmem.c.obj
LOAD CMakeFiles/TrackerOS.dir/Core/Src/syscalls.c.obj
LOAD CMakeFiles/TrackerOS.dir/startup_stm32wle5xx.s.obj
LOAD CMakeFiles/STM32_Drivers.dir/Core/Src/system_stm32wlxx.c.obj
LOAD CMakeFiles/STM32_Drivers.dir/Drivers/STM32WLxx_HAL_Driver/Src/stm32wlxx_hal_tim.c.obj
LOAD CMakeFiles/STM32_Drivers.dir/Drivers/STM32WLxx_HAL_Driver/Src/stm32wlxx_hal_tim_ex.c.obj
LOAD CMakeFiles/STM32_Drivers.dir/Drivers/STM32WLxx_HAL_Driver/Src/stm32wlxx_hal_rcc.c.obj
LOAD CMakeFiles/STM32_Drivers.dir/Drivers/STM32WLxx_HAL_Driver/Src/stm32wlxx_hal_rcc_ex.c.obj
LOAD CMakeFiles/STM32_Drivers.dir/Drivers/STM32WLxx_HAL_Driver/Src/stm32wlxx_hal_flash.c.obj
LOAD CMakeFiles/STM32_Drivers.dir/Drivers/STM32WLxx_HAL_Driver/Src/stm32wlxx_hal_flash_ex.c.obj
LOAD CMakeFiles/STM32_Drivers.dir/Drivers/STM32WLxx_HAL_Driver/Src/stm32wlxx_hal_gpio.c.obj
LOAD CMakeFiles/STM32_Drivers.dir/Drivers/STM32WLxx_HAL_Driver/Src/stm32wlxx_hal_dma.c.obj
LOAD CMakeFiles/STM32_Drivers.dir/Drivers/STM32WLxx_HAL_Driver/Src/stm32wlxx_hal_dma_ex.c.obj
LOAD CMakeFiles/STM32_Drivers.dir/Drivers/STM32WLxx_HAL_Driver/Src/stm32wlxx_hal_pwr.c.obj
LOAD CMakeFiles/STM32_Drivers.dir/Drivers/STM32WLxx_HAL_Driver/Src/stm32wlxx_hal_pwr_ex.c.obj
LOAD CMakeFiles/STM32_Drivers.dir/Drivers/STM32WLxx_HAL_Driver/Src/stm32wlxx_hal_cortex.c.obj
LOAD CMakeFiles/STM32_Drivers.dir/Drivers/STM32WLxx_HAL_Driver/Src/stm32wlxx_hal.c.obj
LOAD CMakeFiles/STM32_Drivers.dir/Drivers/STM32WLxx_HAL_Driver/Src/stm32wlxx_hal_exti.c.obj
LOAD CMakeFiles/STM32_Drivers.dir/Drivers/STM32WLxx_HAL_Driver/Src/stm32wlxx_hal_lptim.c.obj
LOAD CMakeFiles/STM32_Drivers.dir/Drivers/STM32WLxx_HAL_Driver/Src/stm32wlxx_hal_uart.c.obj
LOAD CMakeFiles/STM32_Drivers.dir/Drivers/STM32WLxx_HAL_Driver/Src/stm32wlxx_hal_uart_ex.c.obj
LOAD CMakeFiles/STM32_Drivers.dir/Drivers/STM32WLxx_HAL_Driver/Src/stm32wlxx_hal_rng.c.obj
LOAD CMakeFiles/STM32_Drivers.dir/Drivers/STM32WLxx_HAL_Driver/Src/stm32wlxx_hal_rng_ex.c.obj
LOAD CMakeFiles/STM32_Drivers.dir/Drivers/STM32WLxx_HAL_Driver/Src/stm32wlxx_hal_subghz.c.obj
LOAD CMakeFiles/Utilities.dir/Utilities/trace/adv_trace/stm32_adv_trace.c.obj
LOAD CMakeFiles/Utilities.dir/Utilities/misc/stm32_mem.c.obj
LOAD CMakeFiles/Utilities.dir/Utilities/misc/stm32_systime.c.obj
LOAD CMakeFiles/Utilities.dir/Utilities/misc/stm32_tiny_sscanf.c.obj
LOAD CMakeFiles/Utilities.dir/Utilities/misc/stm32_tiny_vsnprintf.c.obj
LOAD CMakeFiles/Utilities.dir/Utilities/timer/stm32_timer.c.obj
LOAD CMakeFiles/Utilities.dir/Utilities/lpm/tiny_lpm/stm32_lpm.c.obj
LOAD CMakeFiles/FreeRTOS.dir/Middlewares/Third_Party/FreeRTOS/Source/croutine.c.obj
LOAD CMakeFiles/FreeRTOS.dir/Middlewares/Third_Party/FreeRTOS/Source/event_groups.c.obj
LOAD CMakeFiles/FreeRTOS.dir/Middlewares/Third_Party/FreeRTOS/Source/list.c.obj
LOAD CMakeFiles/FreeRTOS.dir/Middlewares/Third_Party/FreeRTOS/Source/queue.c.obj
LOAD CMakeFiles/FreeRTOS.dir/Middlewares/Third_Party/FreeRTOS/Source/stream_buffer.c.obj
LOAD CMakeFiles/FreeRTOS.dir/Middlewares/Third_Party/FreeRTOS/Source/tasks.c.obj
LOAD CMakeFiles/FreeRTOS.dir/Middlewares/Third_Party/FreeRTOS/Source/timers.c.obj
LOAD CMakeFiles/FreeRTOS.dir/Middlewares/Third_Party/FreeRTOS/Source/CMSIS_RTOS_V2/cmsis_os2.c.obj
LOAD CMakeFiles/FreeRTOS.dir/Middlewares/Third_Party/FreeRTOS/Source/portable/MemMang/heap_4.c.obj
LOAD CMakeFiles/FreeRTOS.dir/Middlewares/Third_Party/FreeRTOS/Source/portable/GCC/ARM_CM3/port.c.obj
LOAD CMakeFiles/SubGHz_Phy.dir/Middlewares/Third_Party/SubGHz_Phy/radio_driver/wl_lr_fhss.c.obj
LOAD CMakeFiles/SubGHz_Phy.dir/Middlewares/Third_Party/SubGHz_Phy/radio_driver/radio.c.obj
LOAD CMakeFiles/SubGHz_Phy.dir/Middlewares/Third_Party/SubGHz_Phy/radio_driver/radio_fw.c.obj
LOAD CMakeFiles/SubGHz_Phy.dir/Middlewares/Third_Party/SubGHz_Phy/radio_driver/radio_driver.c.obj
LOAD CMakeFiles/SubGHz_Phy.dir/Middlewares/Third_Party/SubGHz_Phy/radio_driver/lr_fhss_mac.c.obj
LOAD /usr/lib/gcc/arm-none-eabi/15.1.0/../../../../arm-none-eabi/lib/thumb/v7e-m/nofp/libm.a
START GROUP
LOAD /usr/lib/gcc/arm-none-eabi/15.1.0/thumb/v7e-m/nofp/libgcc.a
LOAD /usr/lib/gcc/arm-none-eabi/15.1.0/../../../../arm-none-eabi/lib/thumb/v7e-m/nofp/libg_nano.a
LOAD /usr/lib/gcc/arm-none-eabi/15.1.0/../../../../arm-none-eabi/lib/thumb/v7e-m/nofp/libc_nano.a
END GROUP
START GROUP
LOAD /usr/lib/gcc/arm-none-eabi/15.1.0/thumb/v7e-m/nofp/libgcc.a
LOAD /usr/lib/gcc/arm-none-eabi/15.1.0/../../../../arm-none-eabi/lib/thumb/v7e-m/nofp/libc_nano.a
LOAD /usr/lib/gcc/arm-none-eabi/15.1.0/../../../../arm-none-eabi/lib/thumb/v7e-m/nofp/libnosys.a
END GROUP
START GROUP
LOAD /usr/lib/gcc/arm-none-eabi/15.1.0/thumb/v7e-m/nofp/libgcc.a
LOAD /usr/lib/gcc/arm-none-eabi/15.1.0/../../../../arm-none-eabi/lib/thumb/v7e-m/nofp/libc_nano.a
LOAD /usr/lib/gcc/arm-none-eabi/15.1.0/../../../../arm-none-eabi/lib/thumb/v7e-m/nofp/libnosys.a
END GROUP
LOAD /usr/lib/gcc/arm-none-eabi/15.1.0/thumb/v7e-m/nofp/crtend.o
LOAD /usr/lib/gcc/arm-none-eabi/15.1.0/thumb/v7e-m/nofp/crtn.o
                0x20010000                        _estack = (ORIGIN (RAM) + LENGTH (RAM))
                0x00000200                        _Min_Heap_Size = 0x200
                0x00000400                        _Min_Stack_Size = 0x400

.isr_vector     0x08000000      0x138
                0x08000000                        . = ALIGN (0x4)
 *(.isr_vector)
 .isr_vector    0x08000000      0x138 CMakeFiles/TrackerOS.dir/startup_stm32wle5xx.s.obj
                0x08000000                g_pfnVectors
                0x08000138                        . = ALIGN (0x4)

.text           0x08000140    0x23ee8
                0x08000140                        . = ALIGN (0x4)
 *(.text)
 .text          0x08000140       0x88 /usr/lib/gcc/arm-none-eabi/15.1.0/thumb/v7e-m/nofp/crtbegin.o
 .text          0x080001c8       0xa0 CMakeFiles/TrackerOS.dir/SubGHz_Phy/App/subghz_phy_app.c.obj
                0x080001c8                SubghzApp_Init
 .text          0x08000268       0xb2 CMakeFiles/TrackerOS.dir/SubGHz_Phy/Target/radio_board_if.c.obj
                0x08000268                RBI_Init
                0x0800027e                RBI_DeInit
                0x08000294                RBI_ConfigRFSwitch
                0x080002ae                RBI_GetTxConfig
                0x080002c4                RBI_IsTCXO
                0x080002da                RBI_IsDCDC
                0x080002f0                RBI_GetRFOMaxPowerConfig
 *fill*         0x0800031a        0x2 
 .text          0x0800031c      0x5e4 CMakeFiles/TrackerOS.dir/Core/Src/main.c.obj
                0x0800037c                main
                0x08000404                SystemClock_Config
                0x08000700                MX_SUBGHZ_Init
                0x08000824                StartEchoTask
                0x08000884                StartDefaultTask
                0x080008c0                HAL_TIM_PeriodElapsedCallback
                0x080008e4                Error_Handler
 .text          0x08000900      0x120 CMakeFiles/TrackerOS.dir/Core/Src/sys_app.c.obj
                0x08000944                SystemApp_Init
                0x080009e0                HAL_GetTick
                0x08000a08                HAL_Delay
 .text          0x08000a20      0x158 CMakeFiles/TrackerOS.dir/Core/Src/timer_if.c.obj
                0x08000a20                TIMER_IF_Init
                0x08000a36                TIMER_IF_StartTimer
                0x08000a4e                TIMER_IF_StopTimer
                0x08000a64                TIMER_IF_SetTimerContext
                0x08000a78                TIMER_IF_GetTimerContext
                0x08000a8c                TIMER_IF_GetTimerElapsedTime
                0x08000aa2                TIMER_IF_GetTimerValue
                0x08000ab8                TIMER_IF_GetMinimumTimeout
                0x08000ace                TIMER_IF_Convert_ms2Tick
                0x08000ae6                TIMER_IF_Convert_Tick2ms
                0x08000afe                TIMER_IF_DelayMs
                0x08000b10                TIMER_IF_GetTime
                0x08000b28                TIMER_IF_BkUp_Write_Seconds
                0x08000b3a                TIMER_IF_BkUp_Write_SubSeconds
                0x08000b4c                TIMER_IF_BkUp_Read_Seconds
                0x08000b62                TIMER_IF_BkUp_Read_SubSeconds
 .text          0x08000b78      0x280 CMakeFiles/TrackerOS.dir/Core/Src/usart_if.c.obj
                0x08000be4                vcom_Init
                0x08000c08                vcom_DeInit
                0x08000c34                vcom_Trace
                0x08000c5c                vcom_Trace_DMA
                0x08000c84                vcom_ReceiveInit
                0x08000d00                vcom_Resume
                0x08000d30                HAL_UART_TxCpltCallback
                0x08000d5c                HAL_UART_RxCpltCallback
                0x08000dc0                HAL_UART_ErrorCallback
 .text          0x08000df8       0xc8 CMakeFiles/TrackerOS.dir/Core/Src/stm32wlxx_it.c.obj
                0x08000df8                NMI_Handler
                0x08000e00                HardFault_Handler
                0x08000e08                MemManage_Handler
                0x08000e10                BusFault_Handler
                0x08000e18                UsageFault_Handler
                0x08000e20                DebugMon_Handler
                0x08000e2c                DMA1_Channel1_IRQHandler
                0x08000e40                DMA1_Channel2_IRQHandler
                0x08000e54                DMA1_Channel3_IRQHandler
                0x08000e68                DMA1_Channel4_IRQHandler
                0x08000e7c                TIM1_UP_IRQHandler
                0x08000e90                USART1_IRQHandler
                0x08000ea4                DMAMUX1_OVR_IRQHandler
 .text          0x08000ec0      0x6d8 CMakeFiles/TrackerOS.dir/Core/Src/stm32wlxx_hal_msp.c.obj
                0x08001094                HAL_MspInit
                0x080010a8                HAL_LPTIM_MspInit
                0x080010fc                HAL_LPTIM_MspDeInit
                0x08001124                HAL_UART_MspInit
                0x08001448                HAL_UART_MspDeInit
                0x080014f0                HAL_RNG_MspInit
                0x08001544                HAL_RNG_MspDeInit
                0x0800156c                HAL_SUBGHZ_MspInit
                0x08001582                HAL_SUBGHZ_MspDeInit
 .text          0x08001598      0x13c CMakeFiles/TrackerOS.dir/Core/Src/stm32wlxx_hal_timebase_tim.c.obj
                0x080015c8                HAL_InitTick
                0x08001694                HAL_SuspendTick
                0x080016b4                HAL_ResumeTick
 .text          0x080016d4      0x150 CMakeFiles/STM32_Drivers.dir/Core/Src/system_stm32wlxx.c.obj
                0x080016d4                SystemInit
                0x080016e0                SystemCoreClockUpdate
 .text          0x08001824     0x6314 CMakeFiles/STM32_Drivers.dir/Drivers/STM32WLxx_HAL_Driver/Src/stm32wlxx_hal_tim.c.obj
                0x08001824                HAL_TIM_Base_Init
                0x080018d2                HAL_TIM_Base_DeInit
                0x0800198c                HAL_TIM_Base_MspInit
                0x0800199e                HAL_TIM_Base_MspDeInit
                0x080019b0                HAL_TIM_Base_Start
                0x08001a38                HAL_TIM_Base_Stop
                0x08001a86                HAL_TIM_Base_Start_IT
                0x08001b20                HAL_TIM_Base_Stop_IT
                0x08001b7e                HAL_TIM_Base_Start_DMA
                0x08001c80                HAL_TIM_Base_Stop_DMA
                0x08001ce6                HAL_TIM_OC_Init
                0x08001d94                HAL_TIM_OC_DeInit
                0x08001e4e                HAL_TIM_OC_MspInit
                0x08001e60                HAL_TIM_OC_MspDeInit
                0x08001e72                HAL_TIM_OC_Start
                0x08002024                HAL_TIM_OC_Stop
                0x08002138                HAL_TIM_OC_Start_IT
                0x08002368                HAL_TIM_OC_Stop_IT
                0x080024f8                HAL_TIM_OC_Start_DMA
                0x080028c4                HAL_TIM_OC_Stop_DMA
                0x08002a7c                HAL_TIM_PWM_Init
                0x08002b2a                HAL_TIM_PWM_DeInit
                0x08002be4                HAL_TIM_PWM_MspInit
                0x08002bf6                HAL_TIM_PWM_MspDeInit
                0x08002c08                HAL_TIM_PWM_Start
                0x08002dbc                HAL_TIM_PWM_Stop
                0x08002ed0                HAL_TIM_PWM_Start_IT
                0x08003100                HAL_TIM_PWM_Stop_IT
                0x08003290                HAL_TIM_PWM_Start_DMA
                0x0800365c                HAL_TIM_PWM_Stop_DMA
                0x08003814                HAL_TIM_IC_Init
                0x080038c2                HAL_TIM_IC_DeInit
                0x0800397c                HAL_TIM_IC_MspInit
                0x0800398e                HAL_TIM_IC_MspDeInit
                0x080039a0                HAL_TIM_IC_Start
                0x08003b50                HAL_TIM_IC_Stop
                0x08003c34                HAL_TIM_IC_Start_IT
                0x08003e60                HAL_TIM_IC_Stop_IT
                0x08003fc2                HAL_TIM_IC_Start_DMA
                0x080042f8                HAL_TIM_IC_Stop_DMA
                0x08004482                HAL_TIM_OnePulse_Init
                0x08004522                HAL_TIM_OnePulse_DeInit
                0x080045ac                HAL_TIM_OnePulse_MspInit
                0x080045be                HAL_TIM_OnePulse_MspDeInit
                0x080045d0                HAL_TIM_OnePulse_Start
                0x080046a0                HAL_TIM_OnePulse_Stop
                0x08004788                HAL_TIM_OnePulse_Start_IT
                0x08004878                HAL_TIM_OnePulse_Stop_IT
                0x08004980                HAL_TIM_Encoder_Init
                0x08004acc                HAL_TIM_Encoder_DeInit
                0x08004b56                HAL_TIM_Encoder_MspInit
                0x08004b68                HAL_TIM_Encoder_MspDeInit
                0x08004b7a                HAL_TIM_Encoder_Start
                0x08004c96                HAL_TIM_Encoder_Stop
                0x08004de6                HAL_TIM_Encoder_Start_IT
                0x08004f42                HAL_TIM_Encoder_Stop_IT
                0x080050ce                HAL_TIM_Encoder_Start_DMA
                0x080053a8                HAL_TIM_Encoder_Stop_DMA
                0x0800555c                HAL_TIM_IRQHandler
                0x0800576a                HAL_TIM_OC_ConfigChannel
                0x0800583a                HAL_TIM_IC_ConfigChannel
                0x08005972                HAL_TIM_PWM_ConfigChannel
                0x08005b80                HAL_TIM_OnePulse_ConfigChannel
                0x08005d34                HAL_TIM_DMABurst_WriteStart
                0x08005d68                HAL_TIM_DMABurst_MultiWriteStart
                0x08006010                HAL_TIM_DMABurst_WriteStop
                0x08006104                HAL_TIM_DMABurst_ReadStart
                0x08006138                HAL_TIM_DMABurst_MultiReadStart
                0x080063e0                HAL_TIM_DMABurst_ReadStop
                0x080064d4                HAL_TIM_GenerateEvent
                0x08006520                HAL_TIM_ConfigOCrefClear
                0x0800678e                HAL_TIM_ConfigClockSource
                0x08006920                HAL_TIM_ConfigTI1Input
                0x08006956                HAL_TIM_SlaveConfigSynchro
                0x080069da                HAL_TIM_SlaveConfigSynchro_IT
                0x08006a5e                HAL_TIM_ReadCapturedValue
                0x08006ada                HAL_TIM_PeriodElapsedHalfCpltCallback
                0x08006aec                HAL_TIM_OC_DelayElapsedCallback
                0x08006afe                HAL_TIM_IC_CaptureCallback
                0x08006b10                HAL_TIM_IC_CaptureHalfCpltCallback
                0x08006b22                HAL_TIM_PWM_PulseFinishedCallback
                0x08006b34                HAL_TIM_PWM_PulseFinishedHalfCpltCallback
                0x08006b46                HAL_TIM_TriggerCallback
                0x08006b58                HAL_TIM_TriggerHalfCpltCallback
                0x08006b6a                HAL_TIM_ErrorCallback
                0x08006b7c                HAL_TIM_Base_GetState
                0x08006b96                HAL_TIM_OC_GetState
                0x08006bb0                HAL_TIM_PWM_GetState
                0x08006bca                HAL_TIM_IC_GetState
                0x08006be4                HAL_TIM_OnePulse_GetState
                0x08006bfe                HAL_TIM_Encoder_GetState
                0x08006c18                HAL_TIM_GetActiveChannel
                0x08006c2e                HAL_TIM_GetChannelState
                0x08006c9c                HAL_TIM_DMABurstState
                0x08006cb6                TIM_DMAError
                0x08006df0                TIM_DMADelayPulseHalfCplt
                0x08006e58                TIM_DMACaptureCplt
                0x08006f20                TIM_DMACaptureHalfCplt
                0x0800701c                TIM_Base_SetConfig
                0x080071e8                TIM_OC2_SetConfig
                0x08007712                TIM_TI1_SetConfig
                0x08007ab0                TIM_ETR_SetConfig
                0x08007aee                TIM_CCxChannelCmd
 .text          0x08007b38     0x2538 CMakeFiles/STM32_Drivers.dir/Drivers/STM32WLxx_HAL_Driver/Src/stm32wlxx_hal_tim_ex.c.obj
                0x08007b38                HAL_TIMEx_HallSensor_Init
                0x08007c92                HAL_TIMEx_HallSensor_DeInit
                0x08007d1c                HAL_TIMEx_HallSensor_MspInit
                0x08007d2e                HAL_TIMEx_HallSensor_MspDeInit
                0x08007d40                HAL_TIMEx_HallSensor_Start
                0x08007e18                HAL_TIMEx_HallSensor_Stop
                0x08007e8a                HAL_TIMEx_HallSensor_Start_IT
                0x08007f74                HAL_TIMEx_HallSensor_Stop_IT
                0x08007ff6                HAL_TIMEx_HallSensor_Start_DMA
                0x08008120                HAL_TIMEx_HallSensor_Stop_DMA
                0x0800819c                HAL_TIMEx_OCN_Start
                0x080082cc                HAL_TIMEx_OCN_Stop
                0x0800838a                HAL_TIMEx_OCN_Start_IT
                0x08008528                HAL_TIMEx_OCN_Stop_IT
                0x0800866a                HAL_TIMEx_OCN_Start_DMA
                0x08008924                HAL_TIMEx_OCN_Stop_DMA
                0x08008a60                HAL_TIMEx_PWMN_Start
                0x08008b90                HAL_TIMEx_PWMN_Stop
                0x08008c4e                HAL_TIMEx_PWMN_Start_IT
                0x08008dec                HAL_TIMEx_PWMN_Stop_IT
                0x08008f2e                HAL_TIMEx_PWMN_Start_DMA
                0x080091e8                HAL_TIMEx_PWMN_Stop_DMA
                0x08009324                HAL_TIMEx_OnePulseN_Start
                0x080093d0                HAL_TIMEx_OnePulseN_Stop
                0x08009494                HAL_TIMEx_OnePulseN_Start_IT
                0x08009560                HAL_TIMEx_OnePulseN_Stop_IT
                0x08009644                HAL_TIMEx_ConfigCommutEvent
                0x08009706                HAL_TIMEx_ConfigCommutEvent_IT
                0x080097c8                HAL_TIMEx_ConfigCommutEvent_DMA
                0x080098b0                HAL_TIMEx_MasterConfigSynchronization
                0x0800996c                HAL_TIMEx_ConfigBreakDeadTime
                0x08009a74                HAL_TIMEx_ConfigBreakInput
                0x08009bc0                HAL_TIMEx_RemapConfig
                0x08009c84                HAL_TIMEx_GroupChannel5
                0x08009ce8                HAL_TIMEx_DisarmBreakInput
                0x08009d78                HAL_TIMEx_ReArmBreakInput
                0x08009e3a                HAL_TIMEx_CommutCallback
                0x08009e4c                HAL_TIMEx_CommutHalfCpltCallback
                0x08009e5e                HAL_TIMEx_BreakCallback
                0x08009e70                HAL_TIMEx_Break2Callback
                0x08009e82                HAL_TIMEx_HallSensor_GetState
                0x08009e9c                HAL_TIMEx_GetChannelNState
                0x08009eea                TIMEx_DMACommutationCplt
                0x08009f0e                TIMEx_DMACommutationHalfCplt
 .text          0x0800a070     0x15a0 CMakeFiles/STM32_Drivers.dir/Drivers/STM32WLxx_HAL_Driver/Src/stm32wlxx_hal_rcc.c.obj
                0x0800a5fe                HAL_RCC_DeInit
                0x0800a728                HAL_RCC_OscConfig
                0x0800ae2c                HAL_RCC_ClockConfig
                0x0800b074                HAL_RCC_MCOConfig
                0x0800b0e6                HAL_RCC_GetSysClockFreq
                0x0800b228                HAL_RCC_GetHCLKFreq
                0x0800b250                HAL_RCC_GetHCLK3Freq
                0x0800b278                HAL_RCC_GetPCLK1Freq
                0x0800b29c                HAL_RCC_GetPCLK2Freq
                0x0800b2c0                HAL_RCC_GetOscConfig
                0x0800b3bc                HAL_RCC_GetClockConfig
                0x0800b438                HAL_RCC_EnableCSS
                0x0800b444                HAL_RCC_NMI_IRQHandler
                0x0800b46a                HAL_RCC_CSSCallback
                0x0800b476                HAL_RCC_GetResetSource
 .text          0x0800b610     0x1438 CMakeFiles/STM32_Drivers.dir/Drivers/STM32WLxx_HAL_Driver/Src/stm32wlxx_hal_rcc_ex.c.obj
                0x0800bb80                HAL_RCCEx_PeriphCLKConfig
                0x0800bdb4                HAL_RCCEx_GetPeriphCLKConfig
                0x0800be7c                HAL_RCCEx_GetPeriphCLKFreq
                0x0800c6d4                HAL_RCCEx_WakeUpStopCLKConfig
                0x0800c6ea                HAL_RCCEx_EnableLSECSS
                0x0800c6f6                HAL_RCCEx_DisableLSECSS
                0x0800c712                HAL_RCCEx_EnableLSECSS_IT
                0x0800c736                HAL_RCCEx_LSECSS_IRQHandler
                0x0800c752                HAL_RCCEx_LSECSS_Callback
                0x0800c75e                HAL_RCCEx_EnableLSCO
                0x0800c78c                HAL_RCCEx_DisableLSCO
                0x0800c798                HAL_RCCEx_EnableMSIPLLMode
                0x0800c7a4                HAL_RCCEx_DisableMSIPLLMode
 .text          0x0800ca48      0x5a8 CMakeFiles/STM32_Drivers.dir/Drivers/STM32WLxx_HAL_Driver/Src/stm32wlxx_hal_gpio.c.obj
                0x0800ca48                HAL_GPIO_Init
                0x0800cd08                HAL_GPIO_DeInit
                0x0800cea4                HAL_GPIO_ReadPin
                0x0800ced2                HAL_GPIO_WritePin
                0x0800cf00                HAL_GPIO_WriteMultipleStatePin
                0x0800cf2a                HAL_GPIO_TogglePin
                0x0800cf5c                HAL_GPIO_LockPin
                0x0800cfaa                HAL_GPIO_EXTI_IRQHandler
                0x0800cfdc                HAL_GPIO_EXTI_Callback
 .text          0x0800cff0      0xb78 CMakeFiles/STM32_Drivers.dir/Drivers/STM32WLxx_HAL_Driver/Src/stm32wlxx_hal_dma.c.obj
                0x0800cff0                HAL_DMA_Init
                0x0800d140                HAL_DMA_DeInit
                0x0800d26c                HAL_DMA_Start
                0x0800d2f8                HAL_DMA_Start_IT
                0x0800d3f4                HAL_DMA_Abort
                0x0800d4b0                HAL_DMA_Abort_IT
                0x0800d56e                HAL_DMA_PollForTransfer
                0x0800d720                HAL_DMA_IRQHandler
                0x0800d8ac                HAL_DMA_RegisterCallback
                0x0800d93a                HAL_DMA_UnRegisterCallback
                0x0800d9e8                HAL_DMA_GetState
                0x0800da02                HAL_DMA_GetError
 .text          0x0800db68      0x22a CMakeFiles/STM32_Drivers.dir/Drivers/STM32WLxx_HAL_Driver/Src/stm32wlxx_hal_dma_ex.c.obj
                0x0800db68                HAL_DMAEx_ConfigMuxSync
                0x0800dbe8                HAL_DMAEx_ConfigMuxRequestGenerator
                0x0800dc76                HAL_DMAEx_EnableMuxRequestGenerator
                0x0800dcb2                HAL_DMAEx_DisableMuxRequestGenerator
                0x0800dcee                HAL_DMAEx_MUX_IRQHandler
 *fill*         0x0800dd92        0x2 
 .text          0x0800dd94      0x3ec CMakeFiles/STM32_Drivers.dir/Drivers/STM32WLxx_HAL_Driver/Src/stm32wlxx_hal_pwr.c.obj
                0x0800de74                HAL_PWR_DeInit
                0x0800dee8                HAL_PWR_EnableBkUpAccess
                0x0800df04                HAL_PWR_DisableBkUpAccess
                0x0800df20                HAL_PWR_ConfigPVD
                0x0800df9c                HAL_PWR_EnablePVD
                0x0800dfb8                HAL_PWR_DisablePVD
                0x0800dfd4                HAL_PWR_EnableWakeUpPin
                0x0800e014                HAL_PWR_DisableWakeUpPin
                0x0800e03c                HAL_PWR_EnterSLEEPMode
                0x0800e0a4                HAL_PWR_EnterSTOPMode
                0x0800e0d2                HAL_PWR_EnterSTANDBYMode
                0x0800e104                HAL_PWR_EnableSleepOnExit
                0x0800e120                HAL_PWR_DisableSleepOnExit
                0x0800e13c                HAL_PWR_EnableSEVOnPend
                0x0800e158                HAL_PWR_DisableSEVOnPend
                0x0800e174                HAL_PWR_PVDCallback
 .text          0x0800e180      0xabc CMakeFiles/STM32_Drivers.dir/Drivers/STM32WLxx_HAL_Driver/Src/stm32wlxx_hal_pwr_ex.c.obj
                0x0800e3e8                HAL_PWREx_GetVoltageRange
                0x0800e400                HAL_PWREx_ControlVoltageScaling
                0x0800e4a8                HAL_PWREx_EnableBatteryCharging
                0x0800e4dc                HAL_PWREx_DisableBatteryCharging
                0x0800e4f8                HAL_PWREx_EnableInternalWakeUpLine
                0x0800e514                HAL_PWREx_DisableInternalWakeUpLine
                0x0800e530                HAL_PWREx_SetRadioBusyPolarity
                0x0800e546                HAL_PWREx_SetRadioBusyTrigger
                0x0800e55c                HAL_PWREx_SetRadioIRQTrigger
                0x0800e572                HAL_PWREx_EnableGPIOPullUp
                0x0800e640                HAL_PWREx_DisableGPIOPullUp
                0x0800e6d4                HAL_PWREx_EnableGPIOPullDown
                0x0800e7a4                HAL_PWREx_DisableGPIOPullDown
                0x0800e838                HAL_PWREx_EnablePullUpPullDownConfig
                0x0800e854                HAL_PWREx_DisablePullUpPullDownConfig
                0x0800e870                HAL_PWREx_EnableSRAMRetention
                0x0800e87c                HAL_PWREx_DisableSRAMRetention
                0x0800e888                HAL_PWREx_EnableFlashPowerDown
                0x0800e8bc                HAL_PWREx_DisableFlashPowerDown
                0x0800e8e0                HAL_PWREx_EnableWPVD
                0x0800e8ec                HAL_PWREx_DisableWPVD
                0x0800e8f8                HAL_PWREx_EnableBORPVD_ULP
                0x0800e914                HAL_PWREx_DisableBORPVD_ULP
                0x0800e930                HAL_PWREx_EnablePVM3
                0x0800e94c                HAL_PWREx_DisablePVM3
                0x0800e968                HAL_PWREx_ConfigPVM
                0x0800e9de                HAL_PWREx_SetRadioEOL
                0x0800ea04                HAL_PWREx_SMPS_SetMode
                0x0800ea2c                HAL_PWREx_SMPS_GetEffectiveMode
                0x0800ea48                HAL_PWREx_EnableLowPowerRunMode
                0x0800ea64                HAL_PWREx_DisableLowPowerRunMode
                0x0800ead0                HAL_PWREx_EnterSTOP0Mode
                0x0800eb20                HAL_PWREx_EnterSTOP1Mode
                0x0800eb74                HAL_PWREx_EnterSTOP2Mode
                0x0800ebc8                HAL_PWREx_EnterSHUTDOWNMode
                0x0800ebf8                HAL_PWREx_PVD_PVM_IRQHandler
                0x0800ec30                HAL_PWREx_PVM3Callback
 .text          0x0800ec3c      0x684 CMakeFiles/STM32_Drivers.dir/Drivers/STM32WLxx_HAL_Driver/Src/stm32wlxx_hal_cortex.c.obj
                0x0800f00c                HAL_NVIC_SetPriorityGrouping
                0x0800f022                HAL_NVIC_SetPriority
                0x0800f056                HAL_NVIC_EnableIRQ
                0x0800f072                HAL_NVIC_DisableIRQ
                0x0800f08e                HAL_NVIC_SystemReset
                0x0800f096                HAL_SYSTICK_Config
                0x0800f0ae                HAL_NVIC_GetPriorityGrouping
                0x0800f0bc                HAL_NVIC_GetPriority
                0x0800f0e8                HAL_NVIC_GetActive
                0x0800f106                HAL_NVIC_SetPendingIRQ
                0x0800f122                HAL_NVIC_GetPendingIRQ
                0x0800f140                HAL_NVIC_ClearPendingIRQ
                0x0800f15c                HAL_SYSTICK_CLKSourceConfig
                0x0800f194                HAL_SYSTICK_IRQHandler
                0x0800f1a0                HAL_SYSTICK_Callback
                0x0800f1ac                HAL_MPU_Enable
                0x0800f1d8                HAL_MPU_Disable
                0x0800f1f4                HAL_MPU_EnableRegion
                0x0800f21c                HAL_MPU_DisableRegion
                0x0800f244                HAL_MPU_ConfigRegion
 .text          0x0800f2c0      0x7d0 CMakeFiles/STM32_Drivers.dir/Drivers/STM32WLxx_HAL_Driver/Src/stm32wlxx_hal.c.obj
                0x0800f670                HAL_Init
                0x0800f6b0                HAL_DeInit
                0x0800f73a                HAL_MspDeInit
                0x0800f7bc                HAL_IncTick
                0x0800f7f4                HAL_GetTickPrio
                0x0800f808                HAL_SetTickFreq
                0x0800f858                HAL_GetTickFreq
                0x0800f8ec                HAL_GetHalVersion
                0x0800f900                HAL_GetREVID
                0x0800f90e                HAL_GetDEVID
                0x0800f91c                HAL_GetUIDw0
                0x0800f930                HAL_GetUIDw1
                0x0800f944                HAL_GetUIDw2
                0x0800f958                HAL_DBGMCU_EnableDBGSleepMode
                0x0800f964                HAL_DBGMCU_DisableDBGSleepMode
                0x0800f970                HAL_DBGMCU_EnableDBGStopMode
                0x0800f97c                HAL_DBGMCU_DisableDBGStopMode
                0x0800f988                HAL_DBGMCU_EnableDBGStandbyMode
                0x0800f994                HAL_DBGMCU_DisableDBGStandbyMode
                0x0800f9a0                HAL_SYSCFG_SRAM2Erase
                0x0800f9b0                HAL_SYSCFG_VREFBUF_VoltageScalingConfig
                0x0800f9f0                HAL_SYSCFG_VREFBUF_HighImpedanceConfig
                0x0800fa18                HAL_SYSCFG_VREFBUF_TrimmingConfig
                0x0800fa2e                HAL_SYSCFG_EnableVREFBUF
                0x0800fa6c                HAL_SYSCFG_DisableVREFBUF
                0x0800fa78                HAL_SYSCFG_EnableIOAnalogSwitchBooster
                0x0800fa84                HAL_SYSCFG_DisableIOAnalogSwitchBooster
 .text          0x0800fa90     0x17fc CMakeFiles/STM32_Drivers.dir/Drivers/STM32WLxx_HAL_Driver/Src/stm32wlxx_hal_lptim.c.obj
                0x0800fb72                HAL_LPTIM_Init
                0x0800fd04                HAL_LPTIM_DeInit
                0x0800fd78                HAL_LPTIM_PWM_Start
                0x0800fe12                HAL_LPTIM_PWM_Stop
                0x0800fe4a                HAL_LPTIM_PWM_Start_IT
                0x0800ff86                HAL_LPTIM_PWM_Stop_IT
                0x0801003a                HAL_LPTIM_OnePulse_Start
                0x080100d4                HAL_LPTIM_OnePulse_Stop
                0x0801010c                HAL_LPTIM_OnePulse_Start_IT
                0x08010248                HAL_LPTIM_OnePulse_Stop_IT
                0x080102fc                HAL_LPTIM_SetOnce_Start
                0x08010396                HAL_LPTIM_SetOnce_Stop
                0x080103ce                HAL_LPTIM_SetOnce_Start_IT
                0x080104ea                HAL_LPTIM_SetOnce_Stop_IT
                0x0801057e                HAL_LPTIM_Encoder_Start
                0x08010616                HAL_LPTIM_Encoder_Stop
                0x0801065e                HAL_LPTIM_Encoder_Start_IT
                0x0801073c                HAL_LPTIM_Encoder_Stop_IT
                0x080107a4                HAL_LPTIM_TimeOut_Start
                0x0801083e                HAL_LPTIM_TimeOut_Stop
                0x08010886                HAL_LPTIM_TimeOut_Start_IT
                0x080109ac                HAL_LPTIM_TimeOut_Stop_IT
                0x08010a58                HAL_LPTIM_Counter_Start
                0x08010ae0                HAL_LPTIM_Counter_Stop
                0x08010b18                HAL_LPTIM_Counter_Start_IT
                0x08010c5c                HAL_LPTIM_Counter_Stop_IT
                0x08010d28                HAL_LPTIM_ReadCounter
                0x08010d40                HAL_LPTIM_ReadAutoReload
                0x08010d58                HAL_LPTIM_ReadCapturedValue
                0x08010d70                HAL_LPTIM_IRQHandler
                0x08010f00                HAL_LPTIM_CompareMatchCallback
                0x08010f12                HAL_LPTIM_AutoReloadMatchCallback
                0x08010f24                HAL_LPTIM_TriggerCallback
                0x08010f36                HAL_LPTIM_CompareWriteCallback
                0x08010f48                HAL_LPTIM_AutoReloadWriteCallback
                0x08010f5a                HAL_LPTIM_DirectionUpCallback
                0x08010f6c                HAL_LPTIM_DirectionDownCallback
                0x08010f7e                HAL_LPTIM_UpdateEventCallback
                0x08010f90                HAL_LPTIM_RepCounterWriteCallback
                0x08010fa2                HAL_LPTIM_GetState
                0x0801101c                LPTIM_Disable
 .text          0x0801128c     0x417c CMakeFiles/STM32_Drivers.dir/Drivers/STM32WLxx_HAL_Driver/Src/stm32wlxx_hal_uart.c.obj
                0x080112ce                HAL_UART_Init
                0x0801136e                HAL_HalfDuplex_Init
                0x0801141e                HAL_LIN_Init
                0x080114fe                HAL_MultiProcessor_Init
                0x080115d6                HAL_UART_DeInit
                0x08011678                HAL_UART_Transmit
                0x080117aa                HAL_UART_Receive
                0x0801194a                HAL_UART_Transmit_IT
                0x08011a70                HAL_UART_Receive_IT
                0x08011b08                HAL_UART_Transmit_DMA
                0x08011c08                HAL_UART_Receive_DMA
                0x08011ca0                HAL_UART_DMAPause
                0x08011dba                HAL_UART_DMAResume
                0x08011ec0                HAL_UART_DMAStop
                0x08011fec                HAL_UART_Abort
                0x080121f6                HAL_UART_AbortTransmit
                0x0801230e                HAL_UART_AbortReceive
                0x08012470                HAL_UART_Abort_IT
                0x080126d8                HAL_UART_AbortTransmit_IT
                0x0801280c                HAL_UART_AbortReceive_IT
                0x08012998                HAL_UART_IRQHandler
                0x0801302c                HAL_UART_TxHalfCpltCallback
                0x08013050                HAL_UART_RxHalfCpltCallback
                0x08013074                HAL_UART_AbortCpltCallback
                0x08013086                HAL_UART_AbortTransmitCpltCallback
                0x08013098                HAL_UART_AbortReceiveCpltCallback
                0x080130aa                HAL_UARTEx_RxEventCallback
                0x080130c0                HAL_UART_ReceiverTimeout_Config
                0x080130f8                HAL_UART_EnableReceiverTimeout
                0x0801316c                HAL_UART_DisableReceiverTimeout
                0x080131e0                HAL_MultiProcessor_EnableMuteMode
                0x08013250                HAL_MultiProcessor_DisableMuteMode
                0x080132c0                HAL_MultiProcessor_EnterMuteMode
                0x080132e2                HAL_HalfDuplex_EnableTransmitter
                0x08013388                HAL_HalfDuplex_EnableReceiver
                0x0801342e                HAL_LIN_SendBreak
                0x08013480                HAL_UART_GetState
                0x080134a8                HAL_UART_GetError
                0x080134c0                UART_SetConfig
                0x08013970                UART_AdvFeatureConfig
                0x08013ab2                UART_CheckIdleState
                0x08013c06                UART_WaitOnFlagUntilTimeout
                0x08013ce0                UART_Start_Receive_IT
                0x08013f20                UART_Start_Receive_DMA
 .text          0x08015408      0x904 CMakeFiles/STM32_Drivers.dir/Drivers/STM32WLxx_HAL_Driver/Src/stm32wlxx_hal_uart_ex.c.obj
                0x08015408                HAL_RS485Ex_Init
                0x080154da                HAL_UARTEx_WakeupCallback
                0x080154ec                HAL_UARTEx_RxFifoFullCallback
                0x080154fe                HAL_UARTEx_TxFifoEmptyCallback
                0x08015510                HAL_MultiProcessorEx_AddressLength_Set
                0x08015570                HAL_UARTEx_StopModeWakeUpSourceConfig
                0x08015626                HAL_UARTEx_EnableStopMode
                0x0801568a                HAL_UARTEx_DisableStopMode
                0x080156ee                HAL_UARTEx_EnableFifoMode
                0x08015764                HAL_UARTEx_DisableFifoMode
                0x080157d4                HAL_UARTEx_SetTxFifoThreshold
                0x08015850                HAL_UARTEx_SetRxFifoThreshold
                0x080158cc                HAL_UARTEx_ReceiveToIdle
                0x08015ad0                HAL_UARTEx_ReceiveToIdle_IT
                0x08015b70                HAL_UARTEx_ReceiveToIdle_DMA
                0x08015c18                HAL_UARTEx_GetRxEventType
 .text          0x08015d0c      0x5c4 CMakeFiles/STM32_Drivers.dir/Drivers/STM32WLxx_HAL_Driver/Src/stm32wlxx_hal_rng.c.obj
                0x08015d0c                HAL_RNG_Init
                0x08015e54                HAL_RNG_DeInit
                0x08015f40                HAL_RNG_GenerateRandomNumber
                0x08016034                HAL_RNG_GenerateRandomNumber_IT
                0x08016090                HAL_RNG_IRQHandler
                0x08016164                HAL_RNG_ReadLastRandomNumber
                0x0801617a                HAL_RNG_ReadyDataCallback
                0x0801618e                HAL_RNG_ErrorCallback
                0x080161a0                HAL_RNG_GetState
                0x080161b8                HAL_RNG_GetError
                0x080161ce                RNG_RecoverSeedError
 .text          0x080162d0      0xc18 CMakeFiles/STM32_Drivers.dir/Drivers/STM32WLxx_HAL_Driver/Src/stm32wlxx_hal_subghz.c.obj
                0x0801644c                HAL_SUBGHZ_Init
                0x08016514                HAL_SUBGHZ_DeInit
                0x080165d0                HAL_SUBGHZ_WriteRegisters
                0x0801668e                HAL_SUBGHZ_ReadRegisters
                0x08016750                HAL_SUBGHZ_WriteRegister
                0x08016776                HAL_SUBGHZ_ReadRegister
                0x0801679a                HAL_SUBGHZ_ExecSetCmd
                0x08016858                HAL_SUBGHZ_ExecGetCmd
                0x08016900                HAL_SUBGHZ_WriteBuffer
                0x080169a6                HAL_SUBGHZ_ReadBuffer
                0x08016a56                HAL_SUBGHZ_IRQHandler
                0x08016c36                HAL_SUBGHZ_GetState
                0x08016c4e                HAL_SUBGHZ_GetError
                0x08016c64                HAL_SUBGHZ_WaitOnBusy
                0x08016c7c                HAL_SUBGHZ_CheckDeviceReady
                0x08016c94                SUBGHZSPI_Init
                0x08016cd4                SUBGHZSPI_DeInit
                0x08016cf0                SUBGHZSPI_Transmit
                0x08016d9c                SUBGHZSPI_Receive
                0x08016e4c                SUBGHZ_CheckDeviceReady
                0x08016e8c                SUBGHZ_WaitOnBusy
 .text          0x08016ee8      0x944 CMakeFiles/Utilities.dir/Utilities/trace/adv_trace/stm32_adv_trace.c.obj
                0x08016ee8                UTIL_ADV_TRACE_Init
                0x08016f20                UTIL_ADV_TRACE_DeInit
                0x08016f34                UTIL_ADV_TRACE_IsBufferEmpty
                0x08016f58                UTIL_ADV_TRACE_StartRxProcess
                0x08016f78                UTIL_ADV_TRACE_COND_FSend
                0x08017078                UTIL_ADV_TRACE_FSend
                0x080170cc                UTIL_ADV_TRACE_COND_ZCSend_Allocation
                0x080171b0                UTIL_ADV_TRACE_COND_ZCSend_Finalize
                0x080171be                UTIL_ADV_TRACE_ZCSend_Allocation
                0x0801721c                UTIL_ADV_TRACE_ZCSend_Finalize
                0x0801722e                UTIL_ADV_TRACE_COND_Send
                0x08017338                UTIL_ADV_TRACE_Send
                0x080173b4                UTIL_ADV_TRACE_RegisterTimeStampFunction
                0x080173d0                UTIL_ADV_TRACE_SetVerboseLevel
                0x080173f0                UTIL_ADV_TRACE_GetVerboseLevel
                0x08017404                UTIL_ADV_TRACE_SetRegion
                0x08017428                UTIL_ADV_TRACE_GetRegion
                0x0801743c                UTIL_ADV_TRACE_ResetRegion
                0x08017460                UTIL_ADV_TRACE_PreSendHook
                0x0801746c                UTIL_ADV_TRACE_PostSendHook
 .text          0x0801782c       0xbc CMakeFiles/Utilities.dir/Utilities/misc/stm32_mem.c.obj
                0x0801782c                UTIL_MEM_cpy_8
                0x0801786a                UTIL_MEM_cpyr_8
                0x080178b2                UTIL_MEM_set_8
 .text          0x080178e8      0x6ec CMakeFiles/Utilities.dir/Utilities/misc/stm32_systime.c.obj
                0x080178e8                SysTimeAdd
                0x0801795a                SysTimeSub
                0x080179ca                SysTimeSet
                0x08017a24                SysTimeGet
                0x08017a94                SysTimeGetMcuTime
                0x08017ad4                SysTimeToMs
                0x08017b24                SysTimeFromMs
                0x08017ba0                SysTimeMkTime
                0x08017c68                SysTimeLocalTime
 .text          0x08017fd4      0x470 CMakeFiles/Utilities.dir/Utilities/misc/stm32_tiny_vsnprintf.c.obj
                0x08018200                tiny_vsnprintf_like
 .text          0x08018444      0x670 CMakeFiles/Utilities.dir/Utilities/timer/stm32_timer.c.obj
                0x08018444                UTIL_TIMER_Init
                0x08018464                UTIL_TIMER_DeInit
                0x08018478                UTIL_TIMER_Create
                0x080184e4                UTIL_TIMER_Start
                0x080185c0                UTIL_TIMER_StartWithPeriod
                0x08018614                UTIL_TIMER_Stop
                0x080186f4                UTIL_TIMER_SetPeriod
                0x08018748                UTIL_TIMER_SetReloadMode
                0x08018776                UTIL_TIMER_GetRemainingTime
                0x080187cc                UTIL_TIMER_IsRunning
                0x080187ec                UTIL_TIMER_GetFirstRemainingTime
                0x0801881c                UTIL_TIMER_IRQ_Handler
                0x0801891c                UTIL_TIMER_GetCurrentTime
                0x08018940                UTIL_TIMER_GetElapsedTime
                0x08018978                UTIL_TIMER_GetTimerList
                0x0801898c                TimerExists
                0x080189c4                TimerSetTimeout
                0x08018a18                TimerInsertTimer
                0x08018a78                TimerInsertNewHeadTimer
 .text          0x08018ab4      0x77c CMakeFiles/FreeRTOS.dir/Middlewares/Third_Party/FreeRTOS/Source/event_groups.c.obj
                0x08018ab4                xEventGroupCreateStatic
                0x08018b26                xEventGroupCreate
                0x08018b5a                xEventGroupSync
                0x08018cbc                xEventGroupWaitBits
                0x08018e60                xEventGroupClearBits
                0x08018ed2                xEventGroupClearBitsFromISR
                0x08018ef8                xEventGroupGetBitsFromISR
                0x08018f3e                xEventGroupSetBits
                0x08019056                vEventGroupDelete
                0x080190e0                xEventGroupGetStaticBuffer
                0x0801914e                vEventGroupSetBitsCallback
                0x08019168                vEventGroupClearBitsCallback
                0x080191c4                xEventGroupSetBitsFromISR
                0x080191ec                uxEventGroupGetNumber
                0x08019216                vEventGroupSetNumber
 .text          0x08019230      0x15e CMakeFiles/FreeRTOS.dir/Middlewares/Third_Party/FreeRTOS/Source/list.c.obj
                0x08019230                vListInitialise
                0x0801926e                vListInitialiseItem
                0x08019286                vListInsertEnd
                0x080192cc                vListInsert
                0x0801933c                uxListRemove
 *fill*         0x0801938e        0x2 
 .text          0x08019390     0x18b4 CMakeFiles/FreeRTOS.dir/Middlewares/Third_Party/FreeRTOS/Source/queue.c.obj
                0x08019390                xQueueGenericReset
                0x080194b4                xQueueGenericCreateStatic
                0x08019576                xQueueGenericGetStaticBuffers
                0x080195f6                xQueueGenericCreate
                0x08019716                xQueueCreateMutex
                0x08019746                xQueueCreateMutexStatic
                0x0801977c                xQueueGetMutexHolder
                0x080197cc                xQueueGetMutexHolderFromISR
                0x08019812                xQueueGiveMutexRecursive
                0x0801987c                xQueueTakeMutexRecursive
                0x080198ea                xQueueCreateCountingSemaphoreStatic
                0x08019950                xQueueCreateCountingSemaphore
                0x080199ae                xQueueGenericSend
                0x08019bb4                xQueueGenericSendFromISR
                0x08019d20                xQueueGiveFromISR
                0x08019e70                xQueueReceive
                0x0801a034                xQueueSemaphoreTake
                0x0801a234                xQueuePeek
                0x0801a3fc                xQueueReceiveFromISR
                0x0801a530                xQueuePeekFromISR
                0x0801a608                uxQueueMessagesWaiting
                0x0801a646                uxQueueSpacesAvailable
                0x0801a68e                uxQueueMessagesWaitingFromISR
                0x0801a6ca                vQueueDelete
                0x0801a712                uxQueueGetQueueNumber
                0x0801a728                vQueueSetQueueNumber
                0x0801a742                ucQueueGetQueueType
                0x0801a75a                uxQueueGetQueueItemSize
                0x0801a770                uxQueueGetQueueLength
                0x0801a9a4                xQueueIsQueueEmptyFromISR
                0x0801aa1c                xQueueIsQueueFullFromISR
                0x0801aa68                vQueueAddToRegistry
                0x0801ab04                pcQueueGetName
                0x0801ab6c                vQueueUnregisterQueue
                0x0801abdc                vQueueWaitForMessageRestricted
 .text          0x0801ac44     0x2f20 CMakeFiles/FreeRTOS.dir/Middlewares/Third_Party/FreeRTOS/Source/tasks.c.obj
                0x0801ac44                xTaskCreateStatic
                0x0801ad0e                xTaskCreate
                0x0801aff0                vTaskDelete
                0x0801b0e4                xTaskDelayUntil
                0x0801b1e8                vTaskDelay
                0x0801b254                eTaskGetState
                0x0801b364                uxTaskPriorityGet
                0x0801b39c                uxTaskPriorityGetFromISR
                0x0801b3f8                vTaskPrioritySet
                0x0801b588                vTaskSuspend
                0x0801b6f4                vTaskResume
                0x0801b804                xTaskResumeFromISR
                0x0801b944                vTaskStartScheduler
                0x0801ba1c                vTaskEndScheduler
                0x0801ba4c                vTaskSuspendAll
                0x0801ba68                xTaskResumeAll
                0x0801bc64                xTaskGetTickCount
                0x0801bc80                xTaskGetTickCountFromISR
                0x0801bca4                uxTaskGetNumberOfTasks
                0x0801bcb8                pcTaskGetName
                0x0801bd04                xTaskGetStaticBuffers
                0x0801bdb0                uxTaskGetSystemState
                0x0801becc                xTaskCatchUpTicks
                0x0801bf24                xTaskIncrementTick
                0x0801c154                vTaskSwitchContext
                0x0801c20c                vTaskPlaceOnEventList
                0x0801c258                vTaskPlaceOnUnorderedEventList
                0x0801c308                vTaskPlaceOnEventListRestricted
                0x0801c394                xTaskRemoveFromEventList
                0x0801c544                vTaskRemoveFromUnorderedEventList
                0x0801c6c8                vTaskSetTimeOutState
                0x0801c718                vTaskInternalSetTimeOutState
                0x0801c744                xTaskCheckForTimeOut
                0x0801c814                vTaskMissedYield
                0x0801c82c                uxTaskGetTaskNumber
                0x0801c856                vTaskSetTaskNumber
                0x0801c984                vTaskGetInfo
                0x0801cb42                uxTaskGetStackHighWaterMark
                0x0801cc10                xTaskGetCurrentTaskHandle
                0x0801cc2c                xTaskGetSchedulerState
                0x0801cc68                xTaskPriorityInherit
                0x0801cd88                xTaskPriorityDisinherit
                0x0801ceb8                vTaskPriorityDisinheritAfterTimeout
                0x0801d010                uxTaskResetEventItemValue
                0x0801d040                pvTaskIncrementMutexHeldCount
                0x0801d068                ulTaskGenericNotifyTake
                0x0801d140                xTaskGenericNotifyWait
                0x0801d24c                xTaskGenericNotify
                0x0801d4a8                xTaskGenericNotifyFromISR
                0x0801d778                vTaskGenericNotifyGiveFromISR
                0x0801d990                xTaskGenericNotifyStateClear
                0x0801da08                ulTaskGenericNotifyValueClear
 .text          0x0801db64      0xb20 CMakeFiles/FreeRTOS.dir/Middlewares/Third_Party/FreeRTOS/Source/timers.c.obj
                0x0801db64                xTimerCreateTimerTask
                0x0801dbf8                xTimerCreate
                0x0801dc3a                xTimerCreateStatic
                0x0801dd2c                xTimerGenericCommand
                0x0801ddc8                xTimerGetTimerDaemonTaskHandle
                0x0801de00                xTimerGetPeriod
                0x0801de38                vTimerSetReloadMode
                0x0801dea0                xTimerGetReloadMode
                0x0801def4                uxTimerGetReloadMode
                0x0801df0c                xTimerGetExpiryTime
                0x0801df48                xTimerGetStaticBuffer
                0x0801df9e                pcTimerGetName
                0x0801e4dc                xTimerIsTimerActive
                0x0801e530                pvTimerGetTimerID
                0x0801e572                vTimerSetTimerID
                0x0801e5b4                xTimerPendFunctionCallFromISR
                0x0801e5f4                xTimerPendFunctionCall
                0x0801e654                uxTimerGetTimerNumber
                0x0801e66a                vTimerSetTimerNumber
 .text          0x0801e684     0x21d4 CMakeFiles/FreeRTOS.dir/Middlewares/Third_Party/FreeRTOS/Source/CMSIS_RTOS_V2/cmsis_os2.c.obj
                0x0801e6d8                SysTick_Handler
                0x0801e7b0                osKernelInitialize
                0x0801e7fc                osKernelGetInfo
                0x0801e84c                osKernelGetState
                0x0801e890                osKernelStart
                0x0801e8e4                osKernelLock
                0x0801e92e                osKernelUnlock
                0x0801e990                osKernelRestoreLock
                0x0801ea02                osKernelGetTickCount
                0x0801ea2a                osKernelGetTickFreq
                0x0801ea3a                osKernelGetSysTimerCount
                0x0801eaac                osKernelGetSysTimerFreq
                0x0801eac0                osThreadNew
                0x0801ebe2                osThreadGetName
                0x0801ec16                osThreadGetId
                0x0801ec2c                osThreadGetState
                0x0801ec8e                osThreadGetStackSpace
                0x0801ecc6                osThreadSetPriority
                0x0801ed18                osThreadGetPriority
                0x0801ed50                osThreadYield
                0x0801ed8c                osThreadSuspend
                0x0801edcc                osThreadResume
                0x0801ee0c                osThreadExit
                0x0801ee1a                osThreadTerminate
                0x0801ee72                osThreadGetCount
                0x0801ee98                osThreadEnumerate
                0x0801ef3c                osThreadFlagsSet
                0x0801efe8                osThreadFlagsClear
                0x0801f06a                osThreadFlagsGet
                0x0801f0ae                osThreadFlagsWait
                0x0801f1b4                osDelay
                0x0801f1e8                osDelayUntil
                0x0801f27e                osTimerNew
                0x0801f3c4                osTimerGetName
                0x0801f3f8                osTimerStart
                0x0801f458                osTimerStop
                0x0801f4c4                osTimerIsRunning
                0x0801f4fa                osTimerDelete
                0x0801f572                osEventFlagsNew
                0x0801f5ee                osEventFlagsSet
                0x0801f67c                osEventFlagsClear
                0x0801f6f4                osEventFlagsGet
                0x0801f734                osEventFlagsWait
                0x0801f80a                osEventFlagsDelete
                0x0801f84a                osMutexNew
                0x0801f954                osMutexAcquire
                0x0801f9e8                osMutexRelease
                0x0801fa60                osMutexGetOwner
                0x0801fa98                osMutexDelete
                0x0801fae2                osSemaphoreNew
                0x0801fbf2                osSemaphoreAcquire
                0x0801fc94                osSemaphoreRelease
                0x0801fd18                osSemaphoreGetCount
                0x0801fd56                osSemaphoreDelete
                0x0801fd9c                osMessageQueueNew
                0x0801fe80                osMessageQueuePut
                0x0801ff3c                osMessageQueueGet
                0x0801fff4                osMessageQueueGetCapacity
                0x0802001e                osMessageQueueGetMsgSize
                0x08020048                osMessageQueueGetCount
                0x08020086                osMessageQueueGetSpace
                0x080200ee                osMessageQueueReset
                0x08020130                osMessageQueueDelete
                0x08020176                osMemoryPoolNew
                0x08020320                osMemoryPoolGetName
                0x08020358                osMemoryPoolAlloc
                0x08020440                osMemoryPoolFree
                0x08020570                osMemoryPoolGetCapacity
                0x080205b4                osMemoryPoolGetBlockSize
                0x080205f8                osMemoryPoolGetCount
                0x08020660                osMemoryPoolGetSpace
                0x080206c0                osMemoryPoolDelete
                0x080207f4                vApplicationGetIdleTaskMemory
                0x08020824                vApplicationGetTimerTaskMemory
 .text          0x08020858      0x504 CMakeFiles/FreeRTOS.dir/Middlewares/Third_Party/FreeRTOS/Source/portable/MemMang/heap_4.c.obj
                0x08020858                pvPortMalloc
                0x080209f0                vPortFree
                0x08020aa4                xPortGetFreeHeapSize
                0x08020ab8                xPortGetMinimumEverFreeHeapSize
                0x08020acc                vPortInitialiseBlocks
                0x08020ad8                pvPortCalloc
                0x08020ca0                vPortGetHeapStats
 *fill*         0x08020d5c        0x4 
 .text          0x08020d60      0x450 CMakeFiles/FreeRTOS.dir/Middlewares/Third_Party/FreeRTOS/Source/portable/GCC/ARM_CM3/port.c.obj
                0x08020d60                pxPortInitialiseStack
                0x08020e10                SVC_Handler
                0x08020e56                xPortStartScheduler
                0x08020f6c                vPortEndScheduler
                0x08020fa4                vPortEnterCritical
                0x08021004                vPortExitCritical
                0x08021058                PendSV_Handler
                0x080210a6                xPortSysTickHandler
                0x080210ec                vPortSetupTimerInterrupt
                0x08021130                vPortValidateInterruptPriority
 .text          0x080211b0     0x1370 CMakeFiles/SubGHz_Phy.dir/Middlewares/Third_Party/SubGHz_Phy/radio_driver/radio.c.obj
 .text          0x08022520       0xfa CMakeFiles/SubGHz_Phy.dir/Middlewares/Third_Party/SubGHz_Phy/radio_driver/radio_fw.c.obj
                0x08022520                RFW_TransmitLongPacket
                0x08022544                RFW_ReceiveLongPacket
                0x08022568                RFW_Init
                0x08022582                RFW_DeInit
                0x0802258e                RFW_Is_Init
                0x0802259c                RFW_Is_LongPacketModeEnabled
                0x080225aa                RFW_SetAntSwitch
                0x080225be                RFW_TransmitInit
                0x080225de                RFW_ReceiveInit
                0x080225ee                RFW_DeInit_TxLongPacket
                0x080225fa                RFW_ReceivePayload
                0x08022606                RFW_SetRadioModem
 *fill*         0x0802261a        0x2 
 .text          0x0802261c     0x15d8 CMakeFiles/SubGHz_Phy.dir/Middlewares/Third_Party/SubGHz_Phy/radio_driver/radio_driver.c.obj
                0x0802261c                SUBGRF_Init
                0x080226ac                SUBGRF_GetOperatingMode
                0x080226c0                SUBGRF_SetPayload
                0x080226e0                SUBGRF_GetPayload
                0x08022724                SUBGRF_SendPayload
                0x0802274a                SUBGRF_SetSyncWord
                0x08022768                SUBGRF_SetCrcSeed
                0x080227a8                SUBGRF_SetCrcPolynomial
                0x080227e8                SUBGRF_SetWhiteningSeed
                0x0802284e                SUBGRF_GetRandom
                0x080228da                SUBGRF_SetSleep
                0x08022940                SUBGRF_SetStandby
                0x08022978                SUBGRF_SetFs
                0x08022994                SUBGRF_SetTx
                0x080229d4                SUBGRF_SetRx
                0x08022a14                SUBGRF_SetRxBoosted
                0x08022a5c                SUBGRF_SetRxDutyCycle
                0x08022ab4                SUBGRF_SetCad
                0x08022ad0                SUBGRF_SetTxContinuousWave
                0x08022ae2                SUBGRF_SetTxInfinitePreamble
                0x08022af4                SUBGRF_SetStopRxTimerOnPreambleDetect
                0x08022b12                SUBGRF_SetLoRaSymbNumTimeout
                0x08022b70                SUBGRF_SetRegulatorMode
                0x08022b9e                SUBGRF_Calibrate
                0x08022c36                SUBGRF_CalibrateImage
                0x08022ccc                SUBGRF_SetPaConfig
                0x08022d10                SUBGRF_SetRxTxFallbackMode
                0x08022d2e                SUBGRF_SetDioIrqParams
                0x08022da2                SUBGRF_GetIrqStatus
                0x08022dce                SUBGRF_SetTcxoMode
                0x08022e10                SUBGRF_SetRfFrequency
                0x08022e9c                SUBGRF_SetPacketType
                0x08022ed4                SUBGRF_GetPacketType
                0x08022ee8                SUBGRF_SetTxParams
                0x08023082                SUBGRF_SetModulationParams
                0x08023220                SUBGRF_SetPacketParams
                0x08023358                SUBGRF_SetCadParams
                0x080233bc                SUBGRF_SetBufferBaseAddress
                0x080233ea                SUBGRF_GetStatus
                0x08023432                SUBGRF_GetRssiInst
                0x0802345c                SUBGRF_GetRxBufferStatus
                0x080234b4                SUBGRF_GetPacketStatus
                0x08023558                SUBGRF_GetDeviceErrors
                0x08023608                SUBGRF_ClearDeviceErrors
                0x08023626                SUBGRF_ClearIrqStatus
                0x08023656                SUBGRF_WriteRegister
                0x08023698                SUBGRF_ReadRegister
                0x080236d8                SUBGRF_WriteRegisters
                0x0802371c                SUBGRF_ReadRegisters
                0x08023760                SUBGRF_WriteBuffer
                0x080237a4                SUBGRF_ReadBuffer
                0x080237e8                SUBGRF_WriteCommand
                0x0802382c                SUBGRF_ReadCommand
                0x08023870                SUBGRF_SetSwitch
                0x080238c0                SUBGRF_SetRfTxPower
                0x08023928                SUBGRF_GetRadioWakeUpTime
                0x08023936                HAL_SUBGHZ_TxCpltCallback
                0x08023954                HAL_SUBGHZ_RxCpltCallback
                0x08023970                HAL_SUBGHZ_CRCErrorCallback
                0x0802398c                HAL_SUBGHZ_CADStatusCallback
                0x080239c8                HAL_SUBGHZ_RxTxTimeoutCallback
                0x080239e8                HAL_SUBGHZ_HeaderErrorCallback
                0x08023a04                HAL_SUBGHZ_PreambleDetectedCallback
                0x08023a20                HAL_SUBGHZ_SyncWordValidCallback
                0x08023a3c                HAL_SUBGHZ_HeaderValidCallback
                0x08023a58                HAL_SUBGHZ_LrFhssHopCallback
                0x08023aba                SUBGRF_GetFskBandwidthRegValue
                0x08023b0c                SUBGRF_GetCFO
 .text          0x08023bf4       0x30 /usr/lib/gcc/arm-none-eabi/15.1.0/thumb/v7e-m/nofp/libgcc.a(_aeabi_uldivmod.o)
                0x08023bf4                __aeabi_uldivmod
 .text          0x08023c24      0x310 /usr/lib/gcc/arm-none-eabi/15.1.0/thumb/v7e-m/nofp/libgcc.a(_udivmoddi4.o)
                0x08023c24                __udivmoddi4
 .text          0x08023f34        0x4 /usr/lib/gcc/arm-none-eabi/15.1.0/thumb/v7e-m/nofp/libgcc.a(_dvmd_tls.o)
                0x08023f34                __aeabi_ldiv0
                0x08023f34                __aeabi_idiv0
 .text          0x08023f38       0x10 /usr/lib/gcc/arm-none-eabi/15.1.0/../../../../arm-none-eabi/lib/thumb/v7e-m/nofp/libg_nano.a(libc_a-strlen.o)
                0x08023f38                strlen
 *(.text*)
 .text.memset   0x08023f48       0x10 /usr/lib/gcc/arm-none-eabi/15.1.0/../../../../arm-none-eabi/lib/thumb/v7e-m/nofp/libc_nano.a(libc_a-memset.o)
                0x08023f48                memset
 .text.__libc_init_array
                0x08023f58       0x48 /usr/lib/gcc/arm-none-eabi/15.1.0/../../../../arm-none-eabi/lib/thumb/v7e-m/nofp/libc_nano.a(libc_a-init.o)
                0x08023f58                __libc_init_array
 .text.Reset_Handler
                0x08023fa0       0x50 CMakeFiles/TrackerOS.dir/startup_stm32wle5xx.s.obj
                0x08023fa0                Reset_Handler
 .text.Default_Handler
                0x08023ff0        0x2 CMakeFiles/TrackerOS.dir/startup_stm32wle5xx.s.obj
                0x08023ff0                RTC_Alarm_IRQHandler
                0x08023ff0                EXTI2_IRQHandler
                0x08023ff0                TIM1_CC_IRQHandler
                0x08023ff0                EXTI3_IRQHandler
                0x08023ff0                LPTIM2_IRQHandler
                0x08023ff0                I2C3_ER_IRQHandler
                0x08023ff0                LPTIM3_IRQHandler
                0x08023ff0                EXTI0_IRQHandler
                0x08023ff0                I2C2_EV_IRQHandler
                0x08023ff0                TAMP_STAMP_LSECSS_SSRU_IRQHandler
                0x08023ff0                SPI1_IRQHandler
                0x08023ff0                DMA2_Channel2_IRQHandler
                0x08023ff0                PKA_IRQHandler
                0x08023ff0                TIM17_IRQHandler
                0x08023ff0                DMA1_Channel7_IRQHandler
                0x08023ff0                SUBGHZSPI_IRQHandler
                0x08023ff0                DMA2_Channel1_IRQHandler
                0x08023ff0                I2C1_EV_IRQHandler
                0x08023ff0                SUBGHZ_Radio_IRQHandler
                0x08023ff0                DMA1_Channel6_IRQHandler
                0x08023ff0                TIM16_IRQHandler
                0x08023ff0                DMA2_Channel4_IRQHandler
                0x08023ff0                RCC_IRQHandler
                0x08023ff0                TIM1_TRG_COM_IRQHandler
                0x08023ff0                Default_Handler
                0x08023ff0                DMA2_Channel7_IRQHandler
                0x08023ff0                EXTI15_10_IRQHandler
                0x08023ff0                ADC_IRQHandler
                0x08023ff0                I2C3_EV_IRQHandler
                0x08023ff0                EXTI9_5_IRQHandler
                0x08023ff0                RTC_WKUP_IRQHandler
                0x08023ff0                PVD_PVM_IRQHandler
                0x08023ff0                SPI2_IRQHandler
                0x08023ff0                DMA2_Channel5_IRQHandler
                0x08023ff0                DMA1_Channel5_IRQHandler
                0x08023ff0                EXTI4_IRQHandler
                0x08023ff0                RNG_IRQHandler
                0x08023ff0                COMP_IRQHandler
                0x08023ff0                HSEM_IRQHandler
                0x08023ff0                WWDG_IRQHandler
                0x08023ff0                LPUART1_IRQHandler
                0x08023ff0                DMA2_Channel6_IRQHandler
                0x08023ff0                TIM2_IRQHandler
                0x08023ff0                TIM1_BRK_IRQHandler
                0x08023ff0                DAC_IRQHandler
                0x08023ff0                EXTI1_IRQHandler
                0x08023ff0                AES_IRQHandler
                0x08023ff0                USART2_IRQHandler
                0x08023ff0                I2C2_ER_IRQHandler
                0x08023ff0                FLASH_IRQHandler
                0x08023ff0                I2C1_ER_IRQHandler
                0x08023ff0                LPTIM1_IRQHandler
                0x08023ff0                DMA2_Channel3_IRQHandler
 .text.memcpy   0x08023ff2       0x1c /usr/lib/gcc/arm-none-eabi/15.1.0/../../../../arm-none-eabi/lib/thumb/v7e-m/nofp/libg_nano.a(libc_a-memcpy-stub.o)
                0x08023ff2                memcpy
 *(.glue_7)
 .glue_7        0x0802400e        0x0 linker stubs
 *(.glue_7t)
 .glue_7t       0x0802400e        0x0 linker stubs
 *(.eh_frame)
 *fill*         0x0802400e        0x2 
 .eh_frame      0x08024010        0x0 /usr/lib/gcc/arm-none-eabi/15.1.0/thumb/v7e-m/nofp/crtbegin.o
 *(.init)
 .init          0x08024010        0x4 /usr/lib/gcc/arm-none-eabi/15.1.0/thumb/v7e-m/nofp/crti.o
                0x08024010                _init
 .init          0x08024014        0x8 /usr/lib/gcc/arm-none-eabi/15.1.0/thumb/v7e-m/nofp/crtn.o
 *(.fini)
 .fini          0x0802401c        0x4 /usr/lib/gcc/arm-none-eabi/15.1.0/thumb/v7e-m/nofp/crti.o
                0x0802401c                _fini
 .fini          0x08024020        0x8 /usr/lib/gcc/arm-none-eabi/15.1.0/thumb/v7e-m/nofp/crtn.o
                0x08024028                        . = ALIGN (0x4)
                0x08024028                        _etext = .

.vfp11_veneer   0x08024028        0x0
 .vfp11_veneer  0x08024028        0x0 linker stubs

.v4_bx          0x08024028        0x0
 .v4_bx         0x08024028        0x0 linker stubs

.iplt           0x08024028        0x0
 .iplt          0x08024028        0x0 /usr/lib/gcc/arm-none-eabi/15.1.0/thumb/v7e-m/nofp/crtbegin.o

.rodata         0x08024028      0x3f4
                0x08024028                        . = ALIGN (0x4)
 *(.rodata)
 .rodata        0x08024028       0x7c CMakeFiles/TrackerOS.dir/Core/Src/main.c.obj
                0x0802403c                defaultTask_attributes
                0x0802406c                echoTask_attributes
 .rodata        0x080240a4       0x11 CMakeFiles/TrackerOS.dir/Core/Src/sys_app.c.obj
 *fill*         0x080240b5        0x3 
 .rodata        0x080240b8       0x40 CMakeFiles/TrackerOS.dir/Core/Src/timer_if.c.obj
                0x080240b8                UTIL_TimerDriver
                0x080240e4                UTIL_SYSTIMDriver
 .rodata        0x080240f8       0x1b CMakeFiles/TrackerOS.dir/Core/Src/usart_if.c.obj
                0x08024100                UTIL_TraceDriver
 *fill*         0x08024113        0x1 
 .rodata        0x08024114       0xa0 CMakeFiles/STM32_Drivers.dir/Core/Src/system_stm32wlxx.c.obj
                0x08024114                AHBPrescTable
                0x08024154                APBPrescTable
                0x08024174                MSIRangeTable
 .rodata        0x080241b4       0x24 CMakeFiles/STM32_Drivers.dir/Drivers/STM32WLxx_HAL_Driver/Src/stm32wlxx_hal_rcc.c.obj
 .rodata        0x080241d8       0x20 CMakeFiles/STM32_Drivers.dir/Drivers/STM32WLxx_HAL_Driver/Src/stm32wlxx_hal_uart.c.obj
                0x080241e0                UARTPrescTable
 .rodata        0x080241f8       0x18 CMakeFiles/STM32_Drivers.dir/Drivers/STM32WLxx_HAL_Driver/Src/stm32wlxx_hal_uart_ex.c.obj
 .rodata        0x08024210       0x2c CMakeFiles/Utilities.dir/Utilities/misc/stm32_systime.c.obj
 .rodata        0x0802423c       0x57 CMakeFiles/Utilities.dir/Utilities/misc/stm32_tiny_vsnprintf.c.obj
 *fill*         0x08024293        0x1 
 .rodata        0x08024294        0x9 CMakeFiles/FreeRTOS.dir/Middlewares/Third_Party/FreeRTOS/Source/tasks.c.obj
                0x08024294                uxTopUsedPriority
 *fill*         0x0802429d        0x3 
 .rodata        0x080242a0        0xd CMakeFiles/FreeRTOS.dir/Middlewares/Third_Party/FreeRTOS/Source/timers.c.obj
 *fill*         0x080242ad        0x3 
 .rodata        0x080242b0       0x11 CMakeFiles/FreeRTOS.dir/Middlewares/Third_Party/FreeRTOS/Source/CMSIS_RTOS_V2/cmsis_os2.c.obj
 *fill*         0x080242c1        0x3 
 .rodata        0x080242c4       0xa0 CMakeFiles/SubGHz_Phy.dir/Middlewares/Third_Party/SubGHz_Phy/radio_driver/radio.c.obj
                0x080242cc                Radio
                0x08024358                Bandwidths
 .rodata        0x08024364       0xb8 CMakeFiles/SubGHz_Phy.dir/Middlewares/Third_Party/SubGHz_Phy/radio_driver/radio_driver.c.obj
 *(.rodata*)
                0x0802441c                        . = ALIGN (0x4)

.ARM.extab      0x0802441c        0x0
                0x0802441c                        . = ALIGN (0x4)
 *(.ARM.extab* .gnu.linkonce.armextab.*)
                0x0802441c                        . = ALIGN (0x4)

.ARM            0x0802441c        0x8
                0x0802441c                        . = ALIGN (0x4)
                0x0802441c                        __exidx_start = .
 *(.ARM.exidx*)
 .ARM.exidx     0x0802441c        0x8 /usr/lib/gcc/arm-none-eabi/15.1.0/thumb/v7e-m/nofp/libgcc.a(_udivmoddi4.o)
 .ARM.exidx     0x08024424        0x0 /usr/lib/gcc/arm-none-eabi/15.1.0/../../../../arm-none-eabi/lib/thumb/v7e-m/nofp/libg_nano.a(libc_a-strlen.o)
                                  0x8 (size before relaxing)
                0x08024424                        __exidx_end = .
                0x08024424                        . = ALIGN (0x4)

.preinit_array  0x08024424        0x0
                0x08024424                        . = ALIGN (0x4)
                0x08024424                        PROVIDE (__preinit_array_start = .)
 *(.preinit_array*)
                0x08024424                        PROVIDE (__preinit_array_end = .)
                0x08024424                        . = ALIGN (0x4)

.init_array     0x08024424        0x4
                0x08024424                        . = ALIGN (0x4)
                0x08024424                        PROVIDE (__init_array_start = .)
 *(SORT_BY_NAME(.init_array.*))
 *(.init_array*)
 .init_array    0x08024424        0x4 /usr/lib/gcc/arm-none-eabi/15.1.0/thumb/v7e-m/nofp/crtbegin.o
                0x08024428                        PROVIDE (__init_array_end = .)
                0x08024428                        . = ALIGN (0x4)

.fini_array     0x08024428        0x4
                0x08024428                        . = ALIGN (0x4)
                0x08024428                        PROVIDE (__fini_array_start = .)
 *(SORT_BY_NAME(.fini_array.*))
 *(.fini_array*)
 .fini_array    0x08024428        0x4 /usr/lib/gcc/arm-none-eabi/15.1.0/thumb/v7e-m/nofp/crtbegin.o
                0x0802442c                        PROVIDE (__fini_array_end = .)
                0x0802442c                        . = ALIGN (0x4)
                0x0802442c                        _sidata = LOADADDR (.data)

.rel.dyn        0x0802442c        0x0
 .rel.iplt      0x0802442c        0x0 /usr/lib/gcc/arm-none-eabi/15.1.0/thumb/v7e-m/nofp/crtbegin.o

.data           0x20000000       0x1c load address 0x0802442c
                0x20000000                        . = ALIGN (0x4)
                0x20000000                        _sdata = .
 *(.data)
 .data          0x20000000        0x4 CMakeFiles/STM32_Drivers.dir/Core/Src/system_stm32wlxx.c.obj
                0x20000000                SystemCoreClock
 .data          0x20000004        0x5 CMakeFiles/STM32_Drivers.dir/Drivers/STM32WLxx_HAL_Driver/Src/stm32wlxx_hal.c.obj
                0x20000004                uwTickPrio
                0x20000008                uwTickFreq
 *fill*         0x20000009        0x3 
 .data          0x2000000c        0x8 CMakeFiles/Utilities.dir/Utilities/misc/stm32_tiny_vsnprintf.c.obj
 .data          0x20000014        0x4 CMakeFiles/FreeRTOS.dir/Middlewares/Third_Party/FreeRTOS/Source/portable/GCC/ARM_CM3/port.c.obj
 .data          0x20000018        0x1 CMakeFiles/SubGHz_Phy.dir/Middlewares/Third_Party/SubGHz_Phy/radio_driver/radio.c.obj
 *(.data*)
 *(.RamFunc)
 *(.RamFunc*)
                0x2000001c                        . = ALIGN (0x4)
 *fill*         0x20000019        0x3 
                0x2000001c                        _edata = .

.tm_clone_table
                0x2000001c        0x0 load address 0x08024448
 .tm_clone_table
                0x2000001c        0x0 /usr/lib/gcc/arm-none-eabi/15.1.0/thumb/v7e-m/nofp/crtbegin.o
 .tm_clone_table
                0x2000001c        0x0 /usr/lib/gcc/arm-none-eabi/15.1.0/thumb/v7e-m/nofp/crtend.o

.igot.plt       0x2000001c        0x0 load address 0x08024448
 .igot.plt      0x2000001c        0x0 /usr/lib/gcc/arm-none-eabi/15.1.0/thumb/v7e-m/nofp/crtbegin.o
                0x2000001c                        . = ALIGN (0x4)

.bss            0x2000001c     0x2244 load address 0x08024448
                0x2000001c                        _sbss = .
                0x2000001c                        __bss_start__ = _sbss
 *(.bss)
 .bss           0x2000001c       0x1c /usr/lib/gcc/arm-none-eabi/15.1.0/thumb/v7e-m/nofp/crtbegin.o
 .bss           0x20000038       0x1c CMakeFiles/TrackerOS.dir/SubGHz_Phy/App/subghz_phy_app.c.obj
 .bss           0x20000054      0x3a0 CMakeFiles/TrackerOS.dir/Core/Src/main.c.obj
                0x20000054                hlptim1
                0x20000090                hlpuart1
                0x20000124                huart1
                0x200001b8                huart2
                0x2000024c                hdma_usart1_rx
                0x200002ac                hdma_usart1_tx
                0x2000030c                hdma_usart2_rx
                0x2000036c                hdma_usart2_tx
                0x200003cc                hrng
                0x200003e0                hsubghz
                0x200003ec                defaultTaskHandle
                0x200003f0                echoTaskHandle
 .bss           0x200003f4        0x2 CMakeFiles/TrackerOS.dir/Core/Src/sys_app.c.obj
 *fill*         0x200003f6        0x2 
 .bss           0x200003f8        0x4 CMakeFiles/TrackerOS.dir/Core/Src/timer_if.c.obj
 .bss           0x200003fc        0xc CMakeFiles/TrackerOS.dir/Core/Src/usart_if.c.obj
                0x200003fc                charRx
 .bss           0x20000408       0x4c CMakeFiles/TrackerOS.dir/Core/Src/stm32wlxx_hal_timebase_tim.c.obj
                0x20000408                htim1
 .bss           0x20000454        0x4 CMakeFiles/STM32_Drivers.dir/Drivers/STM32WLxx_HAL_Driver/Src/stm32wlxx_hal.c.obj
                0x20000454                uwTick
 .bss           0x20000458      0x318 CMakeFiles/Utilities.dir/Utilities/trace/adv_trace/stm32_adv_trace.c.obj
 .bss           0x20000770        0x4 CMakeFiles/Utilities.dir/Utilities/timer/stm32_timer.c.obj
 .bss           0x20000774       0x40 CMakeFiles/FreeRTOS.dir/Middlewares/Third_Party/FreeRTOS/Source/queue.c.obj
                0x20000774                xQueueRegistry
 .bss           0x200007b4      0x500 CMakeFiles/FreeRTOS.dir/Middlewares/Third_Party/FreeRTOS/Source/tasks.c.obj
                0x200007b4                pxCurrentTCB
 .bss           0x20000cb4      0x12c CMakeFiles/FreeRTOS.dir/Middlewares/Third_Party/FreeRTOS/Source/timers.c.obj
 .bss           0x20000de0      0x6bc CMakeFiles/FreeRTOS.dir/Middlewares/Third_Party/FreeRTOS/Source/CMSIS_RTOS_V2/cmsis_os2.c.obj
 .bss           0x2000149c      0xc1c CMakeFiles/FreeRTOS.dir/Middlewares/Third_Party/FreeRTOS/Source/portable/MemMang/heap_4.c.obj
 .bss           0x200020b8        0x8 CMakeFiles/FreeRTOS.dir/Middlewares/Third_Party/FreeRTOS/Source/portable/GCC/ARM_CM3/port.c.obj
 .bss           0x200020c0      0x190 CMakeFiles/SubGHz_Phy.dir/Middlewares/Third_Party/SubGHz_Phy/radio_driver/radio.c.obj
                0x200021c4                SubgRf
                0x20002220                TxTimeoutTimer
                0x20002238                RxTimeoutTimer
 .bss           0x20002250       0x10 CMakeFiles/SubGHz_Phy.dir/Middlewares/Third_Party/SubGHz_Phy/radio_driver/radio_driver.c.obj
                0x20002254                FrequencyError
 *(.bss*)
 *(COMMON)
                0x20002260                        . = ALIGN (0x4)
                0x20002260                        _ebss = .
                0x20002260                        __bss_end__ = _ebss

._user_heap_stack
                0x20002260      0x600 load address 0x08024448
                0x20002260                        . = ALIGN (0x8)
                [!provide]                        PROVIDE (end = .)
                0x20002260                        PROVIDE (_end = .)
                0x20002460                        . = (. + _Min_Heap_Size)
 *fill*         0x20002260      0x200 
                0x20002860                        . = (. + _Min_Stack_Size)
 *fill*         0x20002460      0x400 
                0x20002860                        . = ALIGN (0x8)

/DISCARD/
 libc.a(*)
 libm.a(*)
 libgcc.a(*)

.ARM.attributes
                0x00000000       0x2a
 *(.ARM.attributes)
 .ARM.attributes
                0x00000000       0x1e /usr/lib/gcc/arm-none-eabi/15.1.0/thumb/v7e-m/nofp/crti.o
 .ARM.attributes
                0x0000001e       0x2e /usr/lib/gcc/arm-none-eabi/15.1.0/thumb/v7e-m/nofp/crtbegin.o
 .ARM.attributes
                0x0000004c       0x2e /usr/lib/gcc/arm-none-eabi/15.1.0/../../../../arm-none-eabi/lib/thumb/v7e-m/nofp/libc_nano.a(libc_a-memset.o)
 .ARM.attributes
                0x0000007a       0x2e /usr/lib/gcc/arm-none-eabi/15.1.0/../../../../arm-none-eabi/lib/thumb/v7e-m/nofp/libc_nano.a(libc_a-init.o)
 .ARM.attributes
                0x000000a8       0x2e CMakeFiles/TrackerOS.dir/SubGHz_Phy/App/subghz_phy_app.c.obj
 .ARM.attributes
                0x000000d6       0x2e CMakeFiles/TrackerOS.dir/SubGHz_Phy/Target/radio_board_if.c.obj
 .ARM.attributes
                0x00000104       0x2e CMakeFiles/TrackerOS.dir/Core/Src/main.c.obj
 .ARM.attributes
                0x00000132       0x2e CMakeFiles/TrackerOS.dir/Core/Src/sys_app.c.obj
 .ARM.attributes
                0x00000160       0x2e CMakeFiles/TrackerOS.dir/Core/Src/timer_if.c.obj
 .ARM.attributes
                0x0000018e       0x2e CMakeFiles/TrackerOS.dir/Core/Src/usart_if.c.obj
 .ARM.attributes
                0x000001bc       0x2e CMakeFiles/TrackerOS.dir/Core/Src/stm32wlxx_it.c.obj
 .ARM.attributes
                0x000001ea       0x2e CMakeFiles/TrackerOS.dir/Core/Src/stm32wlxx_hal_msp.c.obj
 .ARM.attributes
                0x00000218       0x2e CMakeFiles/TrackerOS.dir/Core/Src/stm32wlxx_hal_timebase_tim.c.obj
 .ARM.attributes
                0x00000246       0x21 CMakeFiles/TrackerOS.dir/startup_stm32wle5xx.s.obj
 .ARM.attributes
                0x00000267       0x2e CMakeFiles/STM32_Drivers.dir/Core/Src/system_stm32wlxx.c.obj
 .ARM.attributes
                0x00000295       0x2e CMakeFiles/STM32_Drivers.dir/Drivers/STM32WLxx_HAL_Driver/Src/stm32wlxx_hal_tim.c.obj
 .ARM.attributes
                0x000002c3       0x2e CMakeFiles/STM32_Drivers.dir/Drivers/STM32WLxx_HAL_Driver/Src/stm32wlxx_hal_tim_ex.c.obj
 .ARM.attributes
                0x000002f1       0x2e CMakeFiles/STM32_Drivers.dir/Drivers/STM32WLxx_HAL_Driver/Src/stm32wlxx_hal_rcc.c.obj
 .ARM.attributes
                0x0000031f       0x2e CMakeFiles/STM32_Drivers.dir/Drivers/STM32WLxx_HAL_Driver/Src/stm32wlxx_hal_rcc_ex.c.obj
 .ARM.attributes
                0x0000034d       0x2e CMakeFiles/STM32_Drivers.dir/Drivers/STM32WLxx_HAL_Driver/Src/stm32wlxx_hal_gpio.c.obj
 .ARM.attributes
                0x0000037b       0x2e CMakeFiles/STM32_Drivers.dir/Drivers/STM32WLxx_HAL_Driver/Src/stm32wlxx_hal_dma.c.obj
 .ARM.attributes
                0x000003a9       0x2e CMakeFiles/STM32_Drivers.dir/Drivers/STM32WLxx_HAL_Driver/Src/stm32wlxx_hal_dma_ex.c.obj
 .ARM.attributes
                0x000003d7       0x2e CMakeFiles/STM32_Drivers.dir/Drivers/STM32WLxx_HAL_Driver/Src/stm32wlxx_hal_pwr.c.obj
 .ARM.attributes
                0x00000405       0x2e CMakeFiles/STM32_Drivers.dir/Drivers/STM32WLxx_HAL_Driver/Src/stm32wlxx_hal_pwr_ex.c.obj
 .ARM.attributes
                0x00000433       0x2e CMakeFiles/STM32_Drivers.dir/Drivers/STM32WLxx_HAL_Driver/Src/stm32wlxx_hal_cortex.c.obj
 .ARM.attributes
                0x00000461       0x2e CMakeFiles/STM32_Drivers.dir/Drivers/STM32WLxx_HAL_Driver/Src/stm32wlxx_hal.c.obj
 .ARM.attributes
                0x0000048f       0x2e CMakeFiles/STM32_Drivers.dir/Drivers/STM32WLxx_HAL_Driver/Src/stm32wlxx_hal_lptim.c.obj
 .ARM.attributes
                0x000004bd       0x2e CMakeFiles/STM32_Drivers.dir/Drivers/STM32WLxx_HAL_Driver/Src/stm32wlxx_hal_uart.c.obj
 .ARM.attributes
                0x000004eb       0x2e CMakeFiles/STM32_Drivers.dir/Drivers/STM32WLxx_HAL_Driver/Src/stm32wlxx_hal_uart_ex.c.obj
 .ARM.attributes
                0x00000519       0x2e CMakeFiles/STM32_Drivers.dir/Drivers/STM32WLxx_HAL_Driver/Src/stm32wlxx_hal_rng.c.obj
 .ARM.attributes
                0x00000547       0x2e CMakeFiles/STM32_Drivers.dir/Drivers/STM32WLxx_HAL_Driver/Src/stm32wlxx_hal_subghz.c.obj
 .ARM.attributes
                0x00000575       0x2e CMakeFiles/Utilities.dir/Utilities/trace/adv_trace/stm32_adv_trace.c.obj
 .ARM.attributes
                0x000005a3       0x2e CMakeFiles/Utilities.dir/Utilities/misc/stm32_mem.c.obj
 .ARM.attributes
                0x000005d1       0x2e CMakeFiles/Utilities.dir/Utilities/misc/stm32_systime.c.obj
 .ARM.attributes
                0x000005ff       0x2e CMakeFiles/Utilities.dir/Utilities/misc/stm32_tiny_vsnprintf.c.obj
 .ARM.attributes
                0x0000062d       0x2e CMakeFiles/Utilities.dir/Utilities/timer/stm32_timer.c.obj
 .ARM.attributes
                0x0000065b       0x2e CMakeFiles/FreeRTOS.dir/Middlewares/Third_Party/FreeRTOS/Source/event_groups.c.obj
 .ARM.attributes
                0x00000689       0x2e CMakeFiles/FreeRTOS.dir/Middlewares/Third_Party/FreeRTOS/Source/list.c.obj
 .ARM.attributes
                0x000006b7       0x2e CMakeFiles/FreeRTOS.dir/Middlewares/Third_Party/FreeRTOS/Source/queue.c.obj
 .ARM.attributes
                0x000006e5       0x2e CMakeFiles/FreeRTOS.dir/Middlewares/Third_Party/FreeRTOS/Source/tasks.c.obj
 .ARM.attributes
                0x00000713       0x2e CMakeFiles/FreeRTOS.dir/Middlewares/Third_Party/FreeRTOS/Source/timers.c.obj
 .ARM.attributes
                0x00000741       0x2e CMakeFiles/FreeRTOS.dir/Middlewares/Third_Party/FreeRTOS/Source/CMSIS_RTOS_V2/cmsis_os2.c.obj
 .ARM.attributes
                0x0000076f       0x2e CMakeFiles/FreeRTOS.dir/Middlewares/Third_Party/FreeRTOS/Source/portable/MemMang/heap_4.c.obj
 .ARM.attributes
                0x0000079d       0x2e CMakeFiles/FreeRTOS.dir/Middlewares/Third_Party/FreeRTOS/Source/portable/GCC/ARM_CM3/port.c.obj
 .ARM.attributes
                0x000007cb       0x2e CMakeFiles/SubGHz_Phy.dir/Middlewares/Third_Party/SubGHz_Phy/radio_driver/radio.c.obj
 .ARM.attributes
                0x000007f9       0x2e CMakeFiles/SubGHz_Phy.dir/Middlewares/Third_Party/SubGHz_Phy/radio_driver/radio_fw.c.obj
 .ARM.attributes
                0x00000827       0x2e CMakeFiles/SubGHz_Phy.dir/Middlewares/Third_Party/SubGHz_Phy/radio_driver/radio_driver.c.obj
 .ARM.attributes
                0x00000855       0x1e /usr/lib/gcc/arm-none-eabi/15.1.0/thumb/v7e-m/nofp/libgcc.a(_aeabi_uldivmod.o)
 .ARM.attributes
                0x00000873       0x2e /usr/lib/gcc/arm-none-eabi/15.1.0/thumb/v7e-m/nofp/libgcc.a(_udivmoddi4.o)
 .ARM.attributes
                0x000008a1       0x1e /usr/lib/gcc/arm-none-eabi/15.1.0/thumb/v7e-m/nofp/libgcc.a(_dvmd_tls.o)
 .ARM.attributes
                0x000008bf       0x2e /usr/lib/gcc/arm-none-eabi/15.1.0/../../../../arm-none-eabi/lib/thumb/v7e-m/nofp/libg_nano.a(libc_a-memcpy-stub.o)
 .ARM.attributes
                0x000008ed       0x17 /usr/lib/gcc/arm-none-eabi/15.1.0/../../../../arm-none-eabi/lib/thumb/v7e-m/nofp/libg_nano.a(libc_a-strlen.o)
 .ARM.attributes
                0x00000904       0x2e /usr/lib/gcc/arm-none-eabi/15.1.0/thumb/v7e-m/nofp/crtend.o
 .ARM.attributes
                0x00000932       0x1e /usr/lib/gcc/arm-none-eabi/15.1.0/thumb/v7e-m/nofp/crtn.o
OUTPUT(TrackerOS.elf elf32-littlearm)
LOAD linker stubs
LOAD /usr/lib/gcc/arm-none-eabi/15.1.0/../../../../arm-none-eabi/lib/thumb/v7e-m/nofp/libc.a
LOAD /usr/lib/gcc/arm-none-eabi/15.1.0/../../../../arm-none-eabi/lib/thumb/v7e-m/nofp/libm.a
LOAD /usr/lib/gcc/arm-none-eabi/15.1.0/thumb/v7e-m/nofp/libgcc.a

.comment        0x00000000       0x46
 .comment       0x00000000       0x46 /usr/lib/gcc/arm-none-eabi/15.1.0/thumb/v7e-m/nofp/crtbegin.o
                                 0x24 (size before relaxing)
 .comment       0x00000046        0x0 /usr/lib/gcc/arm-none-eabi/15.1.0/../../../../arm-none-eabi/lib/thumb/v7e-m/nofp/libc_nano.a(libc_a-memset.o)
                                 0x24 (size before relaxing)
 .comment       0x00000046        0x0 /usr/lib/gcc/arm-none-eabi/15.1.0/../../../../arm-none-eabi/lib/thumb/v7e-m/nofp/libc_nano.a(libc_a-init.o)
                                 0x24 (size before relaxing)
 .comment       0x00000046        0x0 CMakeFiles/TrackerOS.dir/SubGHz_Phy/App/subghz_phy_app.c.obj
                                 0x24 (size before relaxing)
 .comment       0x00000046        0x0 CMakeFiles/TrackerOS.dir/SubGHz_Phy/Target/radio_board_if.c.obj
                                 0x24 (size before relaxing)
 .comment       0x00000046        0x0 CMakeFiles/TrackerOS.dir/Core/Src/main.c.obj
                                 0x24 (size before relaxing)
 .comment       0x00000046        0x0 CMakeFiles/TrackerOS.dir/Core/Src/sys_app.c.obj
                                 0x24 (size before relaxing)
 .comment       0x00000046        0x0 CMakeFiles/TrackerOS.dir/Core/Src/timer_if.c.obj
                                 0x24 (size before relaxing)
 .comment       0x00000046        0x0 CMakeFiles/TrackerOS.dir/Core/Src/usart_if.c.obj
                                 0x24 (size before relaxing)
 .comment       0x00000046        0x0 CMakeFiles/TrackerOS.dir/Core/Src/stm32wlxx_it.c.obj
                                 0x24 (size before relaxing)
 .comment       0x00000046        0x0 CMakeFiles/TrackerOS.dir/Core/Src/stm32wlxx_hal_msp.c.obj
                                 0x24 (size before relaxing)
 .comment       0x00000046        0x0 CMakeFiles/TrackerOS.dir/Core/Src/stm32wlxx_hal_timebase_tim.c.obj
                                 0x24 (size before relaxing)
 .comment       0x00000046        0x0 CMakeFiles/STM32_Drivers.dir/Core/Src/system_stm32wlxx.c.obj
                                 0x24 (size before relaxing)
 .comment       0x00000046        0x0 CMakeFiles/STM32_Drivers.dir/Drivers/STM32WLxx_HAL_Driver/Src/stm32wlxx_hal_tim.c.obj
                                 0x24 (size before relaxing)
 .comment       0x00000046        0x0 CMakeFiles/STM32_Drivers.dir/Drivers/STM32WLxx_HAL_Driver/Src/stm32wlxx_hal_tim_ex.c.obj
                                 0x24 (size before relaxing)
 .comment       0x00000046        0x0 CMakeFiles/STM32_Drivers.dir/Drivers/STM32WLxx_HAL_Driver/Src/stm32wlxx_hal_rcc.c.obj
                                 0x24 (size before relaxing)
 .comment       0x00000046        0x0 CMakeFiles/STM32_Drivers.dir/Drivers/STM32WLxx_HAL_Driver/Src/stm32wlxx_hal_rcc_ex.c.obj
                                 0x24 (size before relaxing)
 .comment       0x00000046        0x0 CMakeFiles/STM32_Drivers.dir/Drivers/STM32WLxx_HAL_Driver/Src/stm32wlxx_hal_gpio.c.obj
                                 0x24 (size before relaxing)